
> sbom-json-viewer@0.0.0 build
> tsc -b && vite build

src/components/views/DashboardView.tsx(28,9): error TS2322: Type 'SbomStats | { totalComponents: any; vulnerabilityCounts: { critical: number; high: number; medium: number; low: number; none: number; }; licenseCounts: {}; topLicenses: undefined[]; licenseDistribution: { ...; }; vulnerableComponents: undefined[]; allVulnerableComponents: undefined[]; totalVulnerabilities: number; }' is not assignable to type 'SbomStats'.
  Type '{ totalComponents: any; vulnerabilityCounts: { critical: number; high: number; medium: number; low: number; none: number; }; licenseCounts: {}; topLicenses: undefined[]; licenseDistribution: { permissive: number; copyleft: number; weakCopyleft: number; proprietary: number; unknown: number; }; vulnerableComponents: u...' is missing the following properties from type 'SbomStats': allVulnerabilities, allLicenses, allLicenseComponents
src/components/views/VulnerabilitiesView.test.tsx(19,7): error TS2739: Type '{ totalComponents: number; vulnerabilityCounts: { critical: number; high: number; medium: number; low: number; none: number; }; licenseCounts: {}; topLicenses: undefined[]; licenseDistribution: { ...; }; vulnerableComponents: undefined[]; allVulnerableComponents: { ...; }[]; totalVulnerabilities: number; allVulnerab...' is missing the following properties from type 'SbomStats': allLicenses, allLicenseComponents
src/components/views/VulnerabilitiesView.test.tsx(39,7): error TS2739: Type '{ totalComponents: number; vulnerabilityCounts: { critical: number; high: number; medium: number; low: number; none: number; }; licenseCounts: {}; topLicenses: undefined[]; licenseDistribution: { ...; }; vulnerableComponents: undefined[]; allVulnerableComponents: undefined[]; totalVulnerabilities: number; allVulnera...' is missing the following properties from type 'SbomStats': allLicenses, allLicenseComponents
src/components/views/VulnerabilitiesView.tsx(39,1): error TS6133: 'cn' is declared but its value is never read.
src/components/views/VulnerabilitiesView.tsx(790,35): error TS2322: Type '{ children: Element; asChild: true; className: string; variant: "default"; }' is not assignable to type 'IntrinsicAttributes & ButtonProps & VariantProps<(props?: ConfigVariants<{ variant: { default: string; outline: string; secondary: string; ghost: string; destructive: string; link: string; }; size: { ...; }; }> & ClassProp) => string>'.
  Property 'asChild' does not exist on type 'IntrinsicAttributes & ButtonProps & VariantProps<(props?: ConfigVariants<{ variant: { default: string; outline: string; secondary: string; ghost: string; destructive: string; link: string; }; size: { ...; }; }> & ClassProp) => string>'.
