
[1m[46m RUN [49m[22m [36mv4.0.18 [39m[90m/home/ewrdad/portfolio/sbom-viewer/sbom-json-viewer[39m

[90mstdout[2m | src/components/views/VulnerabilitiesView.test.tsx[2m > [22m[2mVulnerabilitiesView[2m > [22m[2mshould render KPI cards with correct counts
[22m[39m[VulnerabilitiesView] displayStats: {
  totalComponents: [33m100[39m,
  vulnerabilityCounts: { critical: [33m5[39m, high: [33m10[39m, medium: [33m20[39m, low: [33m15[39m, none: [33m50[39m },
  licenseCounts: {},
  topLicenses: [],
  licenseDistribution: {
    permissive: [33m0[39m,
    copyleft: [33m0[39m,
    weakCopyleft: [33m0[39m,
    proprietary: [33m0[39m,
    unknown: [33m0[39m
  },
  vulnerableComponents: [],
  allVulnerableComponents: [
    {
      name: [32m'lodash'[39m,
      version: [32m'4.17.20'[39m,
      ref: [32m'ref-lodash'[39m,
      critical: [33m2[39m,
      high: [33m3[39m,
      medium: [33m1[39m,
      low: [33m0[39m,
      total: [33m6[39m
    },
    {
      name: [32m'express'[39m,
      version: [32m'4.17.1'[39m,
      ref: [32m'ref-express'[39m,
      critical: [33m1[39m,
      high: [33m2[39m,
      medium: [33m0[39m,
      low: [33m1[39m,
      total: [33m4[39m
    },
    {
      name: [32m'axios'[39m,
      version: [32m'0.21.0'[39m,
      ref: [32m'ref-axios'[39m,
      critical: [33m0[39m,
      high: [33m1[39m,
      medium: [33m2[39m,
      low: [33m0[39m,
      total: [33m3[39m
    }
  ],
  totalVulnerabilities: [33m50[39m,
  allVulnerabilities: [
    {
      id: [32m'CVE-2024-001'[39m,
      severity: [32m'critical'[39m,
      affectedCount: [33m10[39m,
      title: [32m'Critical Vuln'[39m,
      affectedComponentRefs: [36m[Array][39m
    },
    {
      id: [32m'CVE-2024-002'[39m,
      severity: [32m'high'[39m,
      affectedCount: [33m5[39m,
      title: [32m'High Vuln'[39m,
      affectedComponentRefs: [36m[Array][39m
    },
    {
      id: [32m'GHSA-xxx'[39m,
      severity: [32m'medium'[39m,
      affectedCount: [33m2[39m,
      title: [32m'Medium Vuln'[39m,
      affectedComponentRefs: [36m[Array][39m
    }
  ],
  allLicenses: [],
  allLicenseComponents: [],
  uniqueVulnerabilityCount: [33m3[39m,
  avgVulnerabilitiesPerComponent: [33m0.5[39m,
  dependencyStats: { direct: [33m30[39m, transitive: [33m70[39m },
  dependentsDistribution: { [32m'0'[39m: [33m30[39m, [32m'1'[39m: [33m40[39m, [32m'5'[39m: [33m30[39m },
  vulnerabilityImpactDistribution: { [32m'0'[39m: [33m10[39m, [32m'1'[39m: [33m20[39m, [32m'5'[39m: [33m20[39m },
  cweCounts: { [32m'CWE-123'[39m: [33m1[39m },
  sourceCounts: { NVD: [33m1[39m }
}

[90mstdout[2m | src/components/views/VulnerabilitiesView.test.tsx[2m > [22m[2mVulnerabilitiesView[2m > [22m[2mshould show empty state when no vulnerabilities
[22m[39m[VulnerabilitiesView] displayStats: {
  totalComponents: [33m50[39m,
  vulnerabilityCounts: { critical: [33m0[39m, high: [33m0[39m, medium: [33m0[39m, low: [33m0[39m, none: [33m50[39m },
  licenseCounts: {},
  topLicenses: [],
  licenseDistribution: {
    permissive: [33m0[39m,
    copyleft: [33m0[39m,
    weakCopyleft: [33m0[39m,
    proprietary: [33m0[39m,
    unknown: [33m0[39m
  },
  vulnerableComponents: [],
  allVulnerableComponents: [],
  totalVulnerabilities: [33m0[39m,
  allVulnerabilities: [],
  allLicenses: [],
  allLicenseComponents: [],
  uniqueVulnerabilityCount: [33m0[39m,
  avgVulnerabilitiesPerComponent: [33m0[39m,
  dependencyStats: { direct: [33m50[39m, transitive: [33m0[39m },
  dependentsDistribution: { [32m'0'[39m: [33m50[39m },
  vulnerabilityImpactDistribution: {},
  cweCounts: {},
  sourceCounts: {}
}

[90mstdout[2m | src/components/views/VulnerabilitiesView.test.tsx[2m > [22m[2mVulnerabilitiesView[2m > [22m[2mshould render vulnerable components table
[22m[39m[VulnerabilitiesView] displayStats: {
  totalComponents: [33m100[39m,
  vulnerabilityCounts: { critical: [33m5[39m, high: [33m10[39m, medium: [33m20[39m, low: [33m15[39m, none: [33m50[39m },
  licenseCounts: {},
  topLicenses: [],
  licenseDistribution: {
    permissive: [33m0[39m,
    copyleft: [33m0[39m,
    weakCopyleft: [33m0[39m,
    proprietary: [33m0[39m,
    unknown: [33m0[39m
  },
  vulnerableComponents: [],
  allVulnerableComponents: [
    {
      name: [32m'lodash'[39m,
      version: [32m'4.17.20'[39m,
      ref: [32m'ref-lodash'[39m,
      critical: [33m2[39m,
      high: [33m3[39m,
      medium: [33m1[39m,
      low: [33m0[39m,
      total: [33m6[39m
    },
    {
      name: [32m'express'[39m,
      version: [32m'4.17.1'[39m,
      ref: [32m'ref-express'[39m,
      critical: [33m1[39m,
      high: [33m2[39m,
      medium: [33m0[39m,
      low: [33m1[39m,
      total: [33m4[39m
    },
    {
      name: [32m'axios'[39m,
      version: [32m'0.21.0'[39m,
      ref: [32m'ref-axios'[39m,
      critical: [33m0[39m,
      high: [33m1[39m,
      medium: [33m2[39m,
      low: [33m0[39m,
      total: [33m3[39m
    }
  ],
  totalVulnerabilities: [33m50[39m,
  allVulnerabilities: [
    {
      id: [32m'CVE-2024-001'[39m,
      severity: [32m'critical'[39m,
      affectedCount: [33m10[39m,
      title: [32m'Critical Vuln'[39m,
      affectedComponentRefs: [36m[Array][39m
    },
    {
      id: [32m'CVE-2024-002'[39m,
      severity: [32m'high'[39m,
      affectedCount: [33m5[39m,
      title: [32m'High Vuln'[39m,
      affectedComponentRefs: [36m[Array][39m
    },
    {
      id: [32m'GHSA-xxx'[39m,
      severity: [32m'medium'[39m,
      affectedCount: [33m2[39m,
      title: [32m'Medium Vuln'[39m,
      affectedComponentRefs: [36m[Array][39m
    }
  ],
  allLicenses: [],
  allLicenseComponents: [],
  uniqueVulnerabilityCount: [33m3[39m,
  avgVulnerabilitiesPerComponent: [33m0.5[39m,
  dependencyStats: { direct: [33m30[39m, transitive: [33m70[39m },
  dependentsDistribution: { [32m'0'[39m: [33m30[39m, [32m'1'[39m: [33m40[39m, [32m'5'[39m: [33m30[39m },
  vulnerabilityImpactDistribution: { [32m'0'[39m: [33m10[39m, [32m'1'[39m: [33m20[39m, [32m'5'[39m: [33m20[39m },
  cweCounts: { [32m'CWE-123'[39m: [33m1[39m },
  sourceCounts: { NVD: [33m1[39m }
}

[90mstdout[2m | src/components/views/VulnerabilitiesView.test.tsx[2m > [22m[2mVulnerabilitiesView[2m > [22m[2mshould filter table when searching
[22m[39m[VulnerabilitiesView] displayStats: {
  totalComponents: [33m100[39m,
  vulnerabilityCounts: { critical: [33m5[39m, high: [33m10[39m, medium: [33m20[39m, low: [33m15[39m, none: [33m50[39m },
  licenseCounts: {},
  topLicenses: [],
  licenseDistribution: {
    permissive: [33m0[39m,
    copyleft: [33m0[39m,
    weakCopyleft: [33m0[39m,
    proprietary: [33m0[39m,
    unknown: [33m0[39m
  },
  vulnerableComponents: [],
  allVulnerableComponents: [
    {
      name: [32m'lodash'[39m,
      version: [32m'4.17.20'[39m,
      ref: [32m'ref-lodash'[39m,
      critical: [33m2[39m,
      high: [33m3[39m,
      medium: [33m1[39m,
      low: [33m0[39m,
      total: [33m6[39m
    },
    {
      name: [32m'express'[39m,
      version: [32m'4.17.1'[39m,
      ref: [32m'ref-express'[39m,
      critical: [33m1[39m,
      high: [33m2[39m,
      medium: [33m0[39m,
      low: [33m1[39m,
      total: [33m4[39m
    },
    {
      name: [32m'axios'[39m,
      version: [32m'0.21.0'[39m,
      ref: [32m'ref-axios'[39m,
      critical: [33m0[39m,
      high: [33m1[39m,
      medium: [33m2[39m,
      low: [33m0[39m,
      total: [33m3[39m
    }
  ],
  totalVulnerabilities: [33m50[39m,
  allVulnerabilities: [
    {
      id: [32m'CVE-2024-001'[39m,
      severity: [32m'critical'[39m,
      affectedCount: [33m10[39m,
      title: [32m'Critical Vuln'[39m,
      affectedComponentRefs: [36m[Array][39m
    },
    {
      id: [32m'CVE-2024-002'[39m,
      severity: [32m'high'[39m,
      affectedCount: [33m5[39m,
      title: [32m'High Vuln'[39m,
      affectedComponentRefs: [36m[Array][39m
    },
    {
      id: [32m'GHSA-xxx'[39m,
      severity: [32m'medium'[39m,
      affectedCount: [33m2[39m,
      title: [32m'Medium Vuln'[39m,
      affectedComponentRefs: [36m[Array][39m
    }
  ],
  allLicenses: [],
  allLicenseComponents: [],
  uniqueVulnerabilityCount: [33m3[39m,
  avgVulnerabilitiesPerComponent: [33m0.5[39m,
  dependencyStats: { direct: [33m30[39m, transitive: [33m70[39m },
  dependentsDistribution: { [32m'0'[39m: [33m30[39m, [32m'1'[39m: [33m40[39m, [32m'5'[39m: [33m30[39m },
  vulnerabilityImpactDistribution: { [32m'0'[39m: [33m10[39m, [32m'1'[39m: [33m20[39m, [32m'5'[39m: [33m20[39m },
  cweCounts: { [32m'CWE-123'[39m: [33m1[39m },
  sourceCounts: { NVD: [33m1[39m }
}

 [31m×[39m src/components/views/VulnerabilitiesView.test.tsx[2m > [22mVulnerabilitiesView[2m > [22mshould render KPI cards with correct counts[32m 111[2mms[22m[39m
[31m   → Unable to find an element with the text: Unique CVEs. This could be because the text is broken up by multiple elements. In this case, you can provide a function for your text matcher to make your matcher more flexible.

Ignored nodes: comments, script, style
[36m<body>[31m
  [36m<div>[31m
    [36m<div[31m
      [33mclass[31m=[32m"flex w-full aria-[orientation=vertical]:flex-col h-full"[31m
      [33mdata-group[31m=[32m"true"[31m
      [33mdata-slot[31m=[32m"resizable-panel-group"[31m
      [33mdata-testid[31m=[32m"_r_0_"[31m
      [33mid[31m=[32m"_r_0_"[31m
      [33mstyle[31m=[32m"height: 100%; width: 100%; overflow: hidden; display: flex; flex-direction: row; flex-wrap: nowrap;"[31m
    [36m>[31m
      [36m<div[31m
        [33mdata-panel[31m=[32m"true"[31m
        [33mdata-slot[31m=[32m"resizable-panel"[31m
        [33mdata-testid[31m=[32m"_r_1_"[31m
        [33mid[31m=[32m"_r_1_"[31m
        [33mstyle[31m=[32m"min-height: 0; max-height: 100%; height: auto; min-width: 0; max-width: 100%; width: auto; border: 0px none none; padding: 0px; margin: 0px; display: flex; flex-basis: 0px; flex-shrink: 1; overflow: hidden; flex-grow: 100;"[31m
      [36m>[31m
        [36m<div[31m
          [33mstyle[31m=[32m"max-height: 100%; max-width: 100%; flex-grow: 1;"[31m
        [36m>[31m
          [36m<div[31m
            [33mclass[31m=[32m"relative h-full min-h-0 pr-2"[31m
            [33mdata-has-overflow-x[31m=[32m""[31m
            [33mdata-has-overflow-y[31m=[32m""[31m
            [33mdata-slot[31m=[32m"scroll-area"[31m
            [33mrole[31m=[32m"presentation"[31m
            [33mstyle[31m=[32m"position: relative; --scroll-area-corner-height: 0px; --scroll-area-corner-width: 0px;"[31m
          [36m>[31m
            [36m<div[31m
              [33mclass[31m=[32m"focus-visible:ring-ring/50 size-full rounded-[inherit] transition-[color,box-shadow] outline-none focus-visible:ring-[3px] focus-visible:outline-1 base-ui-disable-scrollbar"[31m
              [33mdata-has-overflow-x[31m=[32m""[31m
              [33mdata-has-overflow-y[31m=[32m""[31m
              [33mdata-id[31m=[32m"base-ui-_r_2_-viewport"[31m
              [33mdata-slot[31m=[32m"scroll-area-viewport"[31m
              [33mrole[31m=[32m"presentation"[31m
              [33mstyle[31m=[32m"overflow: scroll;"[31m
              [33mtabindex[31m=[32m"0"[31m
            [36m>[31m
              [36m<div[31m
                [33mclass[31m=[32m"pb-6 space-y-6 animate-in fade-in duration-500"[31m
              [36m>[31m
                [36m<div[31m
                  [33mclass[31m=[32m"flex items-center gap-3"[31m
                [36m>[31m
                  [36m<svg[31m
                    [33maria-hidden[31m=[32m"true"[31m
                    [33mclass[31m=[32m"lucide lucide-shield-alert h-7 w-7 text-destructive"[31m
                    [33mfill[31m=[32m"none"[31m
                    [33mheight[31m=[32m"24"[31m
                    [33mstroke[31m=[32m"currentColor"[31m
                    [33mstroke-linecap[31m=[32m"round"[31m
                    [33mstroke-linejoin[31m=[32m"round"[31m
                    [33mstroke-width[31m=[32m"2"[31m
                    [33mviewBox[31m=[32m"0 0 24 24"[31m
                    [33mwidth[31m=[32m"24"[31m
                    [33mxmlns[31m=[32m"http://www.w3.org/2000/svg"[31m
                  [36m>[31m
                    [36m<path[31m
                      [33md[31m=[32m"M20 13c0 5-3.5 7.5-7.66 8.95a1 1 0 0 1-.67-.01C7.5 20.5 4 18 4 13V6a1 1 0 0 1 1-1c2 0 4.5-1.2 6.24-2.72a1.17 1.17 0 0 1 1.52 0C14.51 3.81 17 5 19 5a1 1 0 0 1 1 1z"[31m
                    [36m/>[31m
                    [36m<path[31m
                      [33md[31m=[32m"M12 8v4"[31m
                    [36m/>[31m
                    [36m<path[31m
                      [33md[31m=[32m"M12 16h.01"[31m
                    [36m/>[31m
                  [36m</svg>[31m
                  [36m<h2[31m
                    [33mclass[31m=[32m"text-3xl font-bold tracking-tight"[31m
                  [36m>[31m
                    [0mVulnerabilities[0m
                  [36m</h2>[31m
                [36m</div>[31m
                [36m<div[31m
                  [33mclass[31m=[32m"grid gap-4 md:grid-cols-2 lg:grid-cols-6 mb-6"[31m
                [36m>[31m
                  [36m<div[31m
                    [33mclass[31m=[32m"ring-foreground/10 bg-card text-card-foreground gap-4 overflow-hidden rounded-lg py-4 text-xs/relaxed ring-1 has-[>img:first-child]:pt-0 data-[size=sm]:gap-3 data-[size=sm]:py-3 *:[img:first-child]:rounded-t-lg *:[img:last-child]:rounded-b-lg group/card flex flex-col border-l-4 border-l-destructive/60"[31m
                    [33mdata-size[31m=[32m"default"[31m
                    [33mdata-slot[31m=[32m"card"[31m
                  [36m>[31m
                    [36m<div[31m
                      [33mclass[31m=[32m"gap-1 rounded-t-lg px-4 group-data-[size=sm]/card:px-3 [.border-b]:pb-4 group-data-[size=sm]/card:[.border-b]:pb-3 group/card-header @container/card-header auto-rows-min has-data-[slot=card-action]:grid-cols-[1fr_auto] has-data-[slot=card-description]:grid-rows-[auto_auto] flex flex-row items-center justify-between space-y-0 pb-2"[31m
                      [33mdata-slot[31m=[32m"card-header"[31m
                    [36m>[31m
                      [36m<div[31m
                        [33mclass[31m=[32m"text-sm font-medium"[31m
                        [33mdata-slot[31m=[32m"card-title"[31m
                      [36m>[31m
                        [0mTotal Findings[0m
                      [36m</div>[31m
                      [36m<svg[31m
                        [33maria-hidden[31m=[32m"true"[31m
                        [33mclass[31m=[32m"lucide lucide-shield-alert h-4 w-4 text-destructive"[31m
                        [33mfill[31m=[32m"none"[31m
                        [33mheight[31m=[32m"24"[31m
                        [33mstroke[31m=[32m"currentColor"[31m
                        [33mstroke-linecap[31m=[32m"round"[31m
                        [33mstroke-linejoin[31m=[32m"round"[31m
                        [33mstroke-width[31m=[32m"2"[31m
                        [33mviewBox[31m=[32m"0 0 24 24"[31m
                        [33mwidth[31m=[32m"24"[31m
                        [33mxmlns[31m=[32m"http://www.w3.org/2000/svg"[31m
                      [36m>[31m
                        [36m<path[31m
                          [33md[31m=[32m"M20 13c0 5-3.5 7.5-7.66 8.95a1 1 0 0 1-.67-.01C7.5 20.5 4 18 4 13V6a1 1 0 0 1 1-1c2 0 4.5-1.2 6.24-2.72a1.17 1.17 0 0 1 1.52 0C14.51 3.81 17 5 19 5a1 1 0 0 1 1 1z"[31m
                        [36m/>[31m
                        [36m<path[31m
                          [33md[31m=[32m"M12 8v4"[31m
                        [36m/>[31m
                        [36m<path[31m
                          [33md[31m=[32m"M12 16h.01"[31m
                        [36m/>[31m
                      [36m</svg>[31m
           ...[39m
 [32m✓[39m src/components/views/VulnerabilitiesView.test.tsx[2m > [22mVulnerabilitiesView[2m > [22mshould show empty state when no vulnerabilities[32m 32[2mms[22m[39m
 [32m✓[39m src/components/views/VulnerabilitiesView.test.tsx[2m > [22mVulnerabilitiesView[2m > [22mshould render vulnerable components table[32m 40[2mms[22m[39m
[90mstdout[2m | src/components/views/VulnerabilitiesView.test.tsx[2m > [22m[2mVulnerabilitiesView[2m > [22m[2mshould filter table when searching
[22m[39m[VulnerabilitiesView] displayStats: {
  totalComponents: [33m100[39m,
  vulnerabilityCounts: { critical: [33m5[39m, high: [33m10[39m, medium: [33m20[39m, low: [33m15[39m, none: [33m50[39m },
  licenseCounts: {},
  topLicenses: [],
  licenseDistribution: {
    permissive: [33m0[39m,
    copyleft: [33m0[39m,
    weakCopyleft: [33m0[39m,
    proprietary: [33m0[39m,
    unknown: [33m0[39m
  },
  vulnerableComponents: [],
  allVulnerableComponents: [
    {
      name: [32m'lodash'[39m,
      version: [32m'4.17.20'[39m,
      ref: [32m'ref-lodash'[39m,
      critical: [33m2[39m,
      high: [33m3[39m,
      medium: [33m1[39m,
      low: [33m0[39m,
      total: [33m6[39m
    },
    {
      name: [32m'express'[39m,
      version: [32m'4.17.1'[39m,
      ref: [32m'ref-express'[39m,
      critical: [33m1[39m,
      high: [33m2[39m,
      medium: [33m0[39m,
      low: [33m1[39m,
      total: [33m4[39m
    },
    {
      name: [32m'axios'[39m,
      version: [32m'0.21.0'[39m,
      ref: [32m'ref-axios'[39m,
      critical: [33m0[39m,
      high: [33m1[39m,
      medium: [33m2[39m,
      low: [33m0[39m,
      total: [33m3[39m
    }
  ],
  totalVulnerabilities: [33m50[39m,
  allVulnerabilities: [
    {
      id: [32m'CVE-2024-001'[39m,
      severity: [32m'critical'[39m,
      affectedCount: [33m10[39m,
      title: [32m'Critical Vuln'[39m,
      affectedComponentRefs: [36m[Array][39m
    },
    {
      id: [32m'CVE-2024-002'[39m,
      severity: [32m'high'[39m,
      affectedCount: [33m5[39m,
      title: [32m'High Vuln'[39m,
      affectedComponentRefs: [36m[Array][39m
    },
    {
      id: [32m'GHSA-xxx'[39m,
      severity: [32m'medium'[39m,
      affectedCount: [33m2[39m,
      title: [32m'Medium Vuln'[39m,
      affectedComponentRefs: [36m[Array][39m
    }
  ],
  allLicenses: [],
  allLicenseComponents: [],
  uniqueVulnerabilityCount: [33m3[39m,
  avgVulnerabilitiesPerComponent: [33m0.5[39m,
  dependencyStats: { direct: [33m30[39m, transitive: [33m70[39m },
  dependentsDistribution: { [32m'0'[39m: [33m30[39m, [32m'1'[39m: [33m40[39m, [32m'5'[39m: [33m30[39m },
  vulnerabilityImpactDistribution: { [32m'0'[39m: [33m10[39m, [32m'1'[39m: [33m20[39m, [32m'5'[39m: [33m20[39m },
  cweCounts: { [32m'CWE-123'[39m: [33m1[39m },
  sourceCounts: { NVD: [33m1[39m }
}
[VulnerabilitiesView] displayStats: {
  totalComponents: [33m100[39m,
  vulnerabilityCounts: { critical: [33m5[39m, high: [33m10[39m, medium: [33m20[39m, low: [33m15[39m, none: [33m50[39m },
  licenseCounts: {},
  topLicenses: [],
  licenseDistribution: {
    permissive: [33m0[39m,
    copyleft: [33m0[39m,
    weakCopyleft: [33m0[39m,
    proprietary: [33m0[39m,
    unknown: [33m0[39m
  },
  vulnerableComponents: [],
  allVulnerableComponents: [
    {
      name: [32m'lodash'[39m,
      version: [32m'4.17.20'[39m,
      ref: [32m'ref-lodash'[39m,
      critical: [33m2[39m,
      high: [33m3[39m,
      medium: [33m1[39m,
      low: [33m0[39m,
      total: [33m6[39m
    },
    {
      name: [32m'express'[39m,
      version: [32m'4.17.1'[39m,
      ref: [32m'ref-express'[39m,
      critical: [33m1[39m,
      high: [33m2[39m,
      medium: [33m0[39m,
      low: [33m1[39m,
      total: [33m4[39m
    },
    {
      name: [32m'axios'[39m,
      version: [32m'0.21.0'[39m,
      ref: [32m'ref-axios'[39m,
      critical: [33m0[39m,
      high: [33m1[39m,
      medium: [33m2[39m,
      low: [33m0[39m,
      total: [33m3[39m
    }
  ],
  totalVulnerabilities: [33m50[39m,
  allVulnerabilities: [
    {
      id: [32m'CVE-2024-001'[39m,
      severity: [32m'critical'[39m,
      affectedCount: [33m10[39m,
      title: [32m'Critical Vuln'[39m,
      affectedComponentRefs: [36m[Array][39m
    },
    {
      id: [32m'CVE-2024-002'[39m,
      severity: [32m'high'[39m,
      affectedCount: [33m5[39m,
      title: [32m'High Vuln'[39m,
      affectedComponentRefs: [36m[Array][39m
    },
    {
      id: [32m'GHSA-xxx'[39m,
      severity: [32m'medium'[39m,
      affectedCount: [33m2[39m,
      title: [32m'Medium Vuln'[39m,
      affectedComponentRefs: [36m[Array][39m
    }
  ],
  allLicenses: [],
  allLicenseComponents: [],
  uniqueVulnerabilityCount: [33m3[39m,
  avgVulnerabilitiesPerComponent: [33m0.5[39m,
  dependencyStats: { direct: [33m30[39m, transitive: [33m70[39m },
  dependentsDistribution: { [32m'0'[39m: [33m30[39m, [32m'1'[39m: [33m40[39m, [32m'5'[39m: [33m30[39m },
  vulnerabilityImpactDistribution: { [32m'0'[39m: [33m10[39m, [32m'1'[39m: [33m20[39m, [32m'5'[39m: [33m20[39m },
  cweCounts: { [32m'CWE-123'[39m: [33m1[39m },
  sourceCounts: { NVD: [33m1[39m }
}

[90mstdout[2m | src/components/views/VulnerabilitiesView.test.tsx[2m > [22m[2mVulnerabilitiesView[2m > [22m[2mshould filter table when searching
[22m[39m[VulnerabilitiesView] displayStats: {
  totalComponents: [33m100[39m,
  vulnerabilityCounts: { critical: [33m5[39m, high: [33m10[39m, medium: [33m20[39m, low: [33m15[39m, none: [33m50[39m },
  licenseCounts: {},
  topLicenses: [],
  licenseDistribution: {
    permissive: [33m0[39m,
    copyleft: [33m0[39m,
    weakCopyleft: [33m0[39m,
    proprietary: [33m0[39m,
    unknown: [33m0[39m
  },
  vulnerableComponents: [],
  allVulnerableComponents: [
    {
      name: [32m'lodash'[39m,
      version: [32m'4.17.20'[39m,
      ref: [32m'ref-lodash'[39m,
      critical: [33m2[39m,
      high: [33m3[39m,
      medium: [33m1[39m,
      low: [33m0[39m,
      total: [33m6[39m
    },
    {
      name: [32m'express'[39m,
      version: [32m'4.17.1'[39m,
      ref: [32m'ref-express'[39m,
      critical: [33m1[39m,
      high: [33m2[39m,
      medium: [33m0[39m,
      low: [33m1[39m,
      total: [33m4[39m
    },
    {
      name: [32m'axios'[39m,
      version: [32m'0.21.0'[39m,
      ref: [32m'ref-axios'[39m,
      critical: [33m0[39m,
      high: [33m1[39m,
      medium: [33m2[39m,
      low: [33m0[39m,
      total: [33m3[39m
    }
  ],
  totalVulnerabilities: [33m50[39m,
  allVulnerabilities: [
    {
      id: [32m'CVE-2024-001'[39m,
      severity: [32m'critical'[39m,
      affectedCount: [33m10[39m,
      title: [32m'Critical Vuln'[39m,
      affectedComponentRefs: [36m[Array][39m
    },
    {
      id: [32m'CVE-2024-002'[39m,
      severity: [32m'high'[39m,
      affectedCount: [33m5[39m,
      title: [32m'High Vuln'[39m,
      affectedComponentRefs: [36m[Array][39m
    },
    {
      id: [32m'GHSA-xxx'[39m,
      severity: [32m'medium'[39m,
      affectedCount: [33m2[39m,
      title: [32m'Medium Vuln'[39m,
      affectedComponentRefs: [36m[Array][39m
    }
  ],
  allLicenses: [],
  allLicenseComponents: [],
  uniqueVulnerabilityCount: [33m3[39m,
  avgVulnerabilitiesPerComponent: [33m0.5[39m,
  dependencyStats: { direct: [33m30[39m, transitive: [33m70[39m },
  dependentsDistribution: { [32m'0'[39m: [33m30[39m, [32m'1'[39m: [33m40[39m, [32m'5'[39m: [33m30[39m },
  vulnerabilityImpactDistribution: { [32m'0'[39m: [33m10[39m, [32m'1'[39m: [33m20[39m, [32m'5'[39m: [33m20[39m },
  cweCounts: { [32m'CWE-123'[39m: [33m1[39m },
  sourceCounts: { NVD: [33m1[39m }
}

[90mstdout[2m | src/components/views/VulnerabilitiesView.test.tsx[2m > [22m[2mVulnerabilitiesView[2m > [22m[2mshould filter table when searching
[22m[39m[VulnerabilitiesView] displayStats: {
  totalComponents: [33m100[39m,
  vulnerabilityCounts: { critical: [33m5[39m, high: [33m10[39m, medium: [33m20[39m, low: [33m15[39m, none: [33m50[39m },
  licenseCounts: {},
  topLicenses: [],
  licenseDistribution: {
    permissive: [33m0[39m,
    copyleft: [33m0[39m,
    weakCopyleft: [33m0[39m,
    proprietary: [33m0[39m,
    unknown: [33m0[39m
  },
  vulnerableComponents: [],
  allVulnerableComponents: [
    {
      name: [32m'lodash'[39m,
      version: [32m'4.17.20'[39m,
      ref: [32m'ref-lodash'[39m,
      critical: [33m2[39m,
      high: [33m3[39m,
      medium: [33m1[39m,
      low: [33m0[39m,
      total: [33m6[39m
    },
    {
      name: [32m'express'[39m,
      version: [32m'4.17.1'[39m,
      ref: [32m'ref-express'[39m,
      critical: [33m1[39m,
      high: [33m2[39m,
      medium: [33m0[39m,
      low: [33m1[39m,
      total: [33m4[39m
    },
    {
      name: [32m'axios'[39m,
      version: [32m'0.21.0'[39m,
      ref: [32m'ref-axios'[39m,
      critical: [33m0[39m,
      high: [33m1[39m,
      medium: [33m2[39m,
      low: [33m0[39m,
      total: [33m3[39m
    }
  ],
  totalVulnerabilities: [33m50[39m,
  allVulnerabilities: [
    {
      id: [32m'CVE-2024-001'[39m,
      severity: [32m'critical'[39m,
      affectedCount: [33m10[39m,
      title: [32m'Critical Vuln'[39m,
      affectedComponentRefs: [36m[Array][39m
    },
    {
      id: [32m'CVE-2024-002'[39m,
      severity: [32m'high'[39m,
      affectedCount: [33m5[39m,
      title: [32m'High Vuln'[39m,
      affectedComponentRefs: [36m[Array][39m
    },
    {
      id: [32m'GHSA-xxx'[39m,
      severity: [32m'medium'[39m,
      affectedCount: [33m2[39m,
      title: [32m'Medium Vuln'[39m,
      affectedComponentRefs: [36m[Array][39m
    }
  ],
  allLicenses: [],
  allLicenseComponents: [],
  uniqueVulnerabilityCount: [33m3[39m,
  avgVulnerabilitiesPerComponent: [33m0.5[39m,
  dependencyStats: { direct: [33m30[39m, transitive: [33m70[39m },
  dependentsDistribution: { [32m'0'[39m: [33m30[39m, [32m'1'[39m: [33m40[39m, [32m'5'[39m: [33m30[39m },
  vulnerabilityImpactDistribution: { [32m'0'[39m: [33m10[39m, [32m'1'[39m: [33m20[39m, [32m'5'[39m: [33m20[39m },
  cweCounts: { [32m'CWE-123'[39m: [33m1[39m },
  sourceCounts: { NVD: [33m1[39m }
}

[90mstdout[2m | src/components/views/VulnerabilitiesView.test.tsx[2m > [22m[2mVulnerabilitiesView[2m > [22m[2mshould filter table when searching
[22m[39m[VulnerabilitiesView] displayStats: {
  totalComponents: [33m100[39m,
  vulnerabilityCounts: { critical: [33m5[39m, high: [33m10[39m, medium: [33m20[39m, low: [33m15[39m, none: [33m50[39m },
  licenseCounts: {},
  topLicenses: [],
  licenseDistribution: {
    permissive: [33m0[39m,
    copyleft: [33m0[39m,
    weakCopyleft: [33m0[39m,
    proprietary: [33m0[39m,
    unknown: [33m0[39m
  },
  vulnerableComponents: [],
  allVulnerableComponents: [
    {
      name: [32m'lodash'[39m,
      version: [32m'4.17.20'[39m,
      ref: [32m'ref-lodash'[39m,
      critical: [33m2[39m,
      high: [33m3[39m,
      medium: [33m1[39m,
      low: [33m0[39m,
      total: [33m6[39m
    },
    {
      name: [32m'express'[39m,
      version: [32m'4.17.1'[39m,
      ref: [32m'ref-express'[39m,
      critical: [33m1[39m,
      high: [33m2[39m,
      medium: [33m0[39m,
      low: [33m1[39m,
      total: [33m4[39m
    },
    {
      name: [32m'axios'[39m,
      version: [32m'0.21.0'[39m,
      ref: [32m'ref-axios'[39m,
      critical: [33m0[39m,
      high: [33m1[39m,
      medium: [33m2[39m,
      low: [33m0[39m,
      total: [33m3[39m
    }
  ],
  totalVulnerabilities: [33m50[39m,
  allVulnerabilities: [
    {
      id: [32m'CVE-2024-001'[39m,
      severity: [32m'critical'[39m,
      affectedCount: [33m10[39m,
      title: [32m'Critical Vuln'[39m,
      affectedComponentRefs: [36m[Array][39m
    },
    {
      id: [32m'CVE-2024-002'[39m,
      severity: [32m'high'[39m,
      affectedCount: [33m5[39m,
      title: [32m'High Vuln'[39m,
      affectedComponentRefs: [36m[Array][39m
    },
    {
      id: [32m'GHSA-xxx'[39m,
      severity: [32m'medium'[39m,
      affectedCount: [33m2[39m,
      title: [32m'Medium Vuln'[39m,
      affectedComponentRefs: [36m[Array][39m
    }
  ],
  allLicenses: [],
  allLicenseComponents: [],
  uniqueVulnerabilityCount: [33m3[39m,
  avgVulnerabilitiesPerComponent: [33m0.5[39m,
  dependencyStats: { direct: [33m30[39m, transitive: [33m70[39m },
  dependentsDistribution: { [32m'0'[39m: [33m30[39m, [32m'1'[39m: [33m40[39m, [32m'5'[39m: [33m30[39m },
  vulnerabilityImpactDistribution: { [32m'0'[39m: [33m10[39m, [32m'1'[39m: [33m20[39m, [32m'5'[39m: [33m20[39m },
  cweCounts: { [32m'CWE-123'[39m: [33m1[39m },
  sourceCounts: { NVD: [33m1[39m }
}

[90mstdout[2m | src/components/views/VulnerabilitiesView.test.tsx[2m > [22m[2mVulnerabilitiesView[2m > [22m[2mshould filter table when searching
[22m[39m[VulnerabilitiesView] displayStats: {
  totalComponents: [33m100[39m,
  vulnerabilityCounts: { critical: [33m5[39m, high: [33m10[39m, medium: [33m20[39m, low: [33m15[39m, none: [33m50[39m },
  licenseCounts: {},
  topLicenses: [],
  licenseDistribution: {
    permissive: [33m0[39m,
    copyleft: [33m0[39m,
    weakCopyleft: [33m0[39m,
    proprietary: [33m0[39m,
    unknown: [33m0[39m
  },
  vulnerableComponents: [],
  allVulnerableComponents: [
    {
      name: [32m'lodash'[39m,
      version: [32m'4.17.20'[39m,
      ref: [32m'ref-lodash'[39m,
      critical: [33m2[39m,
      high: [33m3[39m,
      medium: [33m1[39m,
      low: [33m0[39m,
      total: [33m6[39m
    },
    {
      name: [32m'express'[39m,
      version: [32m'4.17.1'[39m,
      ref: [32m'ref-express'[39m,
      critical: [33m1[39m,
      high: [33m2[39m,
      medium: [33m0[39m,
      low: [33m1[39m,
      total: [33m4[39m
    },
    {
      name: [32m'axios'[39m,
      version: [32m'0.21.0'[39m,
      ref: [32m'ref-axios'[39m,
      critical: [33m0[39m,
      high: [33m1[39m,
      medium: [33m2[39m,
      low: [33m0[39m,
      total: [33m3[39m
    }
  ],
  totalVulnerabilities: [33m50[39m,
  allVulnerabilities: [
    {
      id: [32m'CVE-2024-001'[39m,
      severity: [32m'critical'[39m,
      affectedCount: [33m10[39m,
      title: [32m'Critical Vuln'[39m,
      affectedComponentRefs: [36m[Array][39m
    },
    {
      id: [32m'CVE-2024-002'[39m,
      severity: [32m'high'[39m,
      affectedCount: [33m5[39m,
      title: [32m'High Vuln'[39m,
      affectedComponentRefs: [36m[Array][39m
    },
    {
      id: [32m'GHSA-xxx'[39m,
      severity: [32m'medium'[39m,
      affectedCount: [33m2[39m,
      title: [32m'Medium Vuln'[39m,
      affectedComponentRefs: [36m[Array][39m
    }
  ],
  allLicenses: [],
  allLicenseComponents: [],
  uniqueVulnerabilityCount: [33m3[39m,
  avgVulnerabilitiesPerComponent: [33m0.5[39m,
  dependencyStats: { direct: [33m30[39m, transitive: [33m70[39m },
  dependentsDistribution: { [32m'0'[39m: [33m30[39m, [32m'1'[39m: [33m40[39m, [32m'5'[39m: [33m30[39m },
  vulnerabilityImpactDistribution: { [32m'0'[39m: [33m10[39m, [32m'1'[39m: [33m20[39m, [32m'5'[39m: [33m20[39m },
  cweCounts: { [32m'CWE-123'[39m: [33m1[39m },
  sourceCounts: { NVD: [33m1[39m }
}

[90mstdout[2m | src/components/views/VulnerabilitiesView.test.tsx[2m > [22m[2mVulnerabilitiesView[2m > [22m[2mshould filter table when searching
[22m[39m[VulnerabilitiesView] displayStats: {
  totalComponents: [33m100[39m,
  vulnerabilityCounts: { critical: [33m5[39m, high: [33m10[39m, medium: [33m20[39m, low: [33m15[39m, none: [33m50[39m },
  licenseCounts: {},
  topLicenses: [],
  licenseDistribution: {
    permissive: [33m0[39m,
    copyleft: [33m0[39m,
    weakCopyleft: [33m0[39m,
    proprietary: [33m0[39m,
    unknown: [33m0[39m
  },
  vulnerableComponents: [],
  allVulnerableComponents: [
    {
      name: [32m'lodash'[39m,
      version: [32m'4.17.20'[39m,
      ref: [32m'ref-lodash'[39m,
      critical: [33m2[39m,
      high: [33m3[39m,
      medium: [33m1[39m,
      low: [33m0[39m,
      total: [33m6[39m
    },
    {
      name: [32m'express'[39m,
      version: [32m'4.17.1'[39m,
      ref: [32m'ref-express'[39m,
      critical: [33m1[39m,
      high: [33m2[39m,
      medium: [33m0[39m,
      low: [33m1[39m,
      total: [33m4[39m
    },
    {
      name: [32m'axios'[39m,
      version: [32m'0.21.0'[39m,
      ref: [32m'ref-axios'[39m,
      critical: [33m0[39m,
      high: [33m1[39m,
      medium: [33m2[39m,
      low: [33m0[39m,
      total: [33m3[39m
    }
  ],
  totalVulnerabilities: [33m50[39m,
  allVulnerabilities: [
    {
      id: [32m'CVE-2024-001'[39m,
      severity: [32m'critical'[39m,
      affectedCount: [33m10[39m,
      title: [32m'Critical Vuln'[39m,
      affectedComponentRefs: [36m[Array][39m
    },
    {
      id: [32m'CVE-2024-002'[39m,
      severity: [32m'high'[39m,
      affectedCount: [33m5[39m,
      title: [32m'High Vuln'[39m,
      affectedComponentRefs: [36m[Array][39m
    },
    {
      id: [32m'GHSA-xxx'[39m,
      severity: [32m'medium'[39m,
      affectedCount: [33m2[39m,
      title: [32m'Medium Vuln'[39m,
      affectedComponentRefs: [36m[Array][39m
    }
  ],
  allLicenses: [],
  allLicenseComponents: [],
  uniqueVulnerabilityCount: [33m3[39m,
  avgVulnerabilitiesPerComponent: [33m0.5[39m,
  dependencyStats: { direct: [33m30[39m, transitive: [33m70[39m },
  dependentsDistribution: { [32m'0'[39m: [33m30[39m, [32m'1'[39m: [33m40[39m, [32m'5'[39m: [33m30[39m },
  vulnerabilityImpactDistribution: { [32m'0'[39m: [33m10[39m, [32m'1'[39m: [33m20[39m, [32m'5'[39m: [33m20[39m },
  cweCounts: { [32m'CWE-123'[39m: [33m1[39m },
  sourceCounts: { NVD: [33m1[39m }
}

[90mstdout[2m | src/components/views/VulnerabilitiesView.test.tsx[2m > [22m[2mVulnerabilitiesView[2m > [22m[2mshould switch to vulnerability view and show CVEs
[22m[39m[VulnerabilitiesView] displayStats: {
  totalComponents: [33m100[39m,
  vulnerabilityCounts: { critical: [33m5[39m, high: [33m10[39m, medium: [33m20[39m, low: [33m15[39m, none: [33m50[39m },
  licenseCounts: {},
  topLicenses: [],
  licenseDistribution: {
    permissive: [33m0[39m,
    copyleft: [33m0[39m,
    weakCopyleft: [33m0[39m,
    proprietary: [33m0[39m,
    unknown: [33m0[39m
  },
  vulnerableComponents: [],
  allVulnerableComponents: [
    {
      name: [32m'lodash'[39m,
      version: [32m'4.17.20'[39m,
      ref: [32m'ref-lodash'[39m,
      critical: [33m2[39m,
      high: [33m3[39m,
      medium: [33m1[39m,
      low: [33m0[39m,
      total: [33m6[39m
    },
    {
      name: [32m'express'[39m,
      version: [32m'4.17.1'[39m,
      ref: [32m'ref-express'[39m,
      critical: [33m1[39m,
      high: [33m2[39m,
      medium: [33m0[39m,
      low: [33m1[39m,
      total: [33m4[39m
    },
    {
      name: [32m'axios'[39m,
      version: [32m'0.21.0'[39m,
      ref: [32m'ref-axios'[39m,
      critical: [33m0[39m,
      high: [33m1[39m,
      medium: [33m2[39m,
      low: [33m0[39m,
      total: [33m3[39m
    }
  ],
  totalVulnerabilities: [33m50[39m,
  allVulnerabilities: [
    {
      id: [32m'CVE-2024-001'[39m,
      severity: [32m'critical'[39m,
      affectedCount: [33m10[39m,
      title: [32m'Critical Vuln'[39m,
      affectedComponentRefs: [36m[Array][39m
    },
    {
      id: [32m'CVE-2024-002'[39m,
      severity: [32m'high'[39m,
      affectedCount: [33m5[39m,
      title: [32m'High Vuln'[39m,
      affectedComponentRefs: [36m[Array][39m
    },
    {
      id: [32m'GHSA-xxx'[39m,
      severity: [32m'medium'[39m,
      affectedCount: [33m2[39m,
      title: [32m'Medium Vuln'[39m,
      affectedComponentRefs: [36m[Array][39m
    }
  ],
  allLicenses: [],
  allLicenseComponents: [],
  uniqueVulnerabilityCount: [33m3[39m,
  avgVulnerabilitiesPerComponent: [33m0.5[39m,
  dependencyStats: { direct: [33m30[39m, transitive: [33m70[39m },
  dependentsDistribution: { [32m'0'[39m: [33m30[39m, [32m'1'[39m: [33m40[39m, [32m'5'[39m: [33m30[39m },
  vulnerabilityImpactDistribution: { [32m'0'[39m: [33m10[39m, [32m'1'[39m: [33m20[39m, [32m'5'[39m: [33m20[39m },
  cweCounts: { [32m'CWE-123'[39m: [33m1[39m },
  sourceCounts: { NVD: [33m1[39m }
}

[90mstdout[2m | src/components/views/VulnerabilitiesView.test.tsx[2m > [22m[2mVulnerabilitiesView[2m > [22m[2mshould switch to vulnerability view and show CVEs
[22m[39m[VulnerabilitiesView] displayStats: {
  totalComponents: [33m100[39m,
  vulnerabilityCounts: { critical: [33m5[39m, high: [33m10[39m, medium: [33m20[39m, low: [33m15[39m, none: [33m50[39m },
  licenseCounts: {},
  topLicenses: [],
  licenseDistribution: {
    permissive: [33m0[39m,
    copyleft: [33m0[39m,
    weakCopyleft: [33m0[39m,
    proprietary: [33m0[39m,
    unknown: [33m0[39m
  },
  vulnerableComponents: [],
  allVulnerableComponents: [
    {
      name: [32m'lodash'[39m,
      version: [32m'4.17.20'[39m,
      ref: [32m'ref-lodash'[39m,
      critical: [33m2[39m,
      high: [33m3[39m,
      medium: [33m1[39m,
      low: [33m0[39m,
      total: [33m6[39m
    },
    {
      name: [32m'express'[39m,
      version: [32m'4.17.1'[39m,
      ref: [32m'ref-express'[39m,
      critical: [33m1[39m,
      high: [33m2[39m,
      medium: [33m0[39m,
      low: [33m1[39m,
      total: [33m4[39m
    },
    {
      name: [32m'axios'[39m,
      version: [32m'0.21.0'[39m,
      ref: [32m'ref-axios'[39m,
      critical: [33m0[39m,
      high: [33m1[39m,
      medium: [33m2[39m,
      low: [33m0[39m,
      total: [33m3[39m
    }
  ],
  totalVulnerabilities: [33m50[39m,
  allVulnerabilities: [
    {
      id: [32m'CVE-2024-001'[39m,
      severity: [32m'critical'[39m,
      affectedCount: [33m10[39m,
      title: [32m'Critical Vuln'[39m,
      affectedComponentRefs: [36m[Array][39m
    },
    {
      id: [32m'CVE-2024-002'[39m,
      severity: [32m'high'[39m,
      affectedCount: [33m5[39m,
      title: [32m'High Vuln'[39m,
      affectedComponentRefs: [36m[Array][39m
    },
    {
      id: [32m'GHSA-xxx'[39m,
      severity: [32m'medium'[39m,
      affectedCount: [33m2[39m,
      title: [32m'Medium Vuln'[39m,
      affectedComponentRefs: [36m[Array][39m
    }
  ],
  allLicenses: [],
  allLicenseComponents: [],
  uniqueVulnerabilityCount: [33m3[39m,
  avgVulnerabilitiesPerComponent: [33m0.5[39m,
  dependencyStats: { direct: [33m30[39m, transitive: [33m70[39m },
  dependentsDistribution: { [32m'0'[39m: [33m30[39m, [32m'1'[39m: [33m40[39m, [32m'5'[39m: [33m30[39m },
  vulnerabilityImpactDistribution: { [32m'0'[39m: [33m10[39m, [32m'1'[39m: [33m20[39m, [32m'5'[39m: [33m20[39m },
  cweCounts: { [32m'CWE-123'[39m: [33m1[39m },
  sourceCounts: { NVD: [33m1[39m }
}
[VulnerabilitiesView] displayStats: {
  totalComponents: [33m100[39m,
  vulnerabilityCounts: { critical: [33m5[39m, high: [33m10[39m, medium: [33m20[39m, low: [33m15[39m, none: [33m50[39m },
  licenseCounts: {},
  topLicenses: [],
  licenseDistribution: {
    permissive: [33m0[39m,
    copyleft: [33m0[39m,
    weakCopyleft: [33m0[39m,
    proprietary: [33m0[39m,
    unknown: [33m0[39m
  },
  vulnerableComponents: [],
  allVulnerableComponents: [
    {
      name: [32m'lodash'[39m,
      version: [32m'4.17.20'[39m,
      ref: [32m'ref-lodash'[39m,
      critical: [33m2[39m,
      high: [33m3[39m,
      medium: [33m1[39m,
      low: [33m0[39m,
      total: [33m6[39m
    },
    {
      name: [32m'express'[39m,
      version: [32m'4.17.1'[39m,
      ref: [32m'ref-express'[39m,
      critical: [33m1[39m,
      high: [33m2[39m,
      medium: [33m0[39m,
      low: [33m1[39m,
      total: [33m4[39m
    },
    {
      name: [32m'axios'[39m,
      version: [32m'0.21.0'[39m,
      ref: [32m'ref-axios'[39m,
      critical: [33m0[39m,
      high: [33m1[39m,
      medium: [33m2[39m,
      low: [33m0[39m,
      total: [33m3[39m
    }
  ],
  totalVulnerabilities: [33m50[39m,
  allVulnerabilities: [
    {
      id: [32m'CVE-2024-001'[39m,
      severity: [32m'critical'[39m,
      affectedCount: [33m10[39m,
      title: [32m'Critical Vuln'[39m,
      affectedComponentRefs: [36m[Array][39m
    },
    {
      id: [32m'CVE-2024-002'[39m,
      severity: [32m'high'[39m,
      affectedCount: [33m5[39m,
      title: [32m'High Vuln'[39m,
      affectedComponentRefs: [36m[Array][39m
    },
    {
      id: [32m'GHSA-xxx'[39m,
      severity: [32m'medium'[39m,
      affectedCount: [33m2[39m,
      title: [32m'Medium Vuln'[39m,
      affectedComponentRefs: [36m[Array][39m
    }
  ],
  allLicenses: [],
  allLicenseComponents: [],
  uniqueVulnerabilityCount: [33m3[39m,
  avgVulnerabilitiesPerComponent: [33m0.5[39m,
  dependencyStats: { direct: [33m30[39m, transitive: [33m70[39m },
  dependentsDistribution: { [32m'0'[39m: [33m30[39m, [32m'1'[39m: [33m40[39m, [32m'5'[39m: [33m30[39m },
  vulnerabilityImpactDistribution: { [32m'0'[39m: [33m10[39m, [32m'1'[39m: [33m20[39m, [32m'5'[39m: [33m20[39m },
  cweCounts: { [32m'CWE-123'[39m: [33m1[39m },
  sourceCounts: { NVD: [33m1[39m }
}

[90mstdout[2m | src/components/views/VulnerabilitiesView.test.tsx[2m > [22m[2mVulnerabilitiesView[2m > [22m[2mshould filter CVEs when searching in vulnerability view
[22m[39m[VulnerabilitiesView] displayStats: {
  totalComponents: [33m100[39m,
  vulnerabilityCounts: { critical: [33m5[39m, high: [33m10[39m, medium: [33m20[39m, low: [33m15[39m, none: [33m50[39m },
  licenseCounts: {},
  topLicenses: [],
  licenseDistribution: {
    permissive: [33m0[39m,
    copyleft: [33m0[39m,
    weakCopyleft: [33m0[39m,
    proprietary: [33m0[39m,
    unknown: [33m0[39m
  },
  vulnerableComponents: [],
  allVulnerableComponents: [
    {
      name: [32m'lodash'[39m,
      version: [32m'4.17.20'[39m,
      ref: [32m'ref-lodash'[39m,
      critical: [33m2[39m,
      high: [33m3[39m,
      medium: [33m1[39m,
      low: [33m0[39m,
      total: [33m6[39m
    },
    {
      name: [32m'express'[39m,
      version: [32m'4.17.1'[39m,
      ref: [32m'ref-express'[39m,
      critical: [33m1[39m,
      high: [33m2[39m,
      medium: [33m0[39m,
      low: [33m1[39m,
      total: [33m4[39m
    },
    {
      name: [32m'axios'[39m,
      version: [32m'0.21.0'[39m,
      ref: [32m'ref-axios'[39m,
      critical: [33m0[39m,
      high: [33m1[39m,
      medium: [33m2[39m,
      low: [33m0[39m,
      total: [33m3[39m
    }
  ],
  totalVulnerabilities: [33m50[39m,
  allVulnerabilities: [
    {
      id: [32m'CVE-2024-001'[39m,
      severity: [32m'critical'[39m,
      affectedCount: [33m10[39m,
      title: [32m'Critical Vuln'[39m,
      affectedComponentRefs: [36m[Array][39m
    },
    {
      id: [32m'CVE-2024-002'[39m,
      severity: [32m'high'[39m,
      affectedCount: [33m5[39m,
      title: [32m'High Vuln'[39m,
      affectedComponentRefs: [36m[Array][39m
    },
    {
      id: [32m'GHSA-xxx'[39m,
      severity: [32m'medium'[39m,
      affectedCount: [33m2[39m,
      title: [32m'Medium Vuln'[39m,
      affectedComponentRefs: [36m[Array][39m
    }
  ],
  allLicenses: [],
  allLicenseComponents: [],
  uniqueVulnerabilityCount: [33m3[39m,
  avgVulnerabilitiesPerComponent: [33m0.5[39m,
  dependencyStats: { direct: [33m30[39m, transitive: [33m70[39m },
  dependentsDistribution: { [32m'0'[39m: [33m30[39m, [32m'1'[39m: [33m40[39m, [32m'5'[39m: [33m30[39m },
  vulnerabilityImpactDistribution: { [32m'0'[39m: [33m10[39m, [32m'1'[39m: [33m20[39m, [32m'5'[39m: [33m20[39m },
  cweCounts: { [32m'CWE-123'[39m: [33m1[39m },
  sourceCounts: { NVD: [33m1[39m }
}

 [32m✓[39m src/components/views/VulnerabilitiesView.test.tsx[2m > [22mVulnerabilitiesView[2m > [22mshould filter table when searching[32m 157[2mms[22m[39m
 [32m✓[39m src/components/views/VulnerabilitiesView.test.tsx[2m > [22mVulnerabilitiesView[2m > [22mshould switch to vulnerability view and show CVEs[32m 72[2mms[22m[39m
[90mstdout[2m | src/components/views/VulnerabilitiesView.test.tsx[2m > [22m[2mVulnerabilitiesView[2m > [22m[2mshould filter CVEs when searching in vulnerability view
[22m[39m[VulnerabilitiesView] displayStats: {
  totalComponents: [33m100[39m,
  vulnerabilityCounts: { critical: [33m5[39m, high: [33m10[39m, medium: [33m20[39m, low: [33m15[39m, none: [33m50[39m },
  licenseCounts: {},
  topLicenses: [],
  licenseDistribution: {
    permissive: [33m0[39m,
    copyleft: [33m0[39m,
    weakCopyleft: [33m0[39m,
    proprietary: [33m0[39m,
    unknown: [33m0[39m
  },
  vulnerableComponents: [],
  allVulnerableComponents: [
    {
      name: [32m'lodash'[39m,
      version: [32m'4.17.20'[39m,
      ref: [32m'ref-lodash'[39m,
      critical: [33m2[39m,
      high: [33m3[39m,
      medium: [33m1[39m,
      low: [33m0[39m,
      total: [33m6[39m
    },
    {
      name: [32m'express'[39m,
      version: [32m'4.17.1'[39m,
      ref: [32m'ref-express'[39m,
      critical: [33m1[39m,
      high: [33m2[39m,
      medium: [33m0[39m,
      low: [33m1[39m,
      total: [33m4[39m
    },
    {
      name: [32m'axios'[39m,
      version: [32m'0.21.0'[39m,
      ref: [32m'ref-axios'[39m,
      critical: [33m0[39m,
      high: [33m1[39m,
      medium: [33m2[39m,
      low: [33m0[39m,
      total: [33m3[39m
    }
  ],
  totalVulnerabilities: [33m50[39m,
  allVulnerabilities: [
    {
      id: [32m'CVE-2024-001'[39m,
      severity: [32m'critical'[39m,
      affectedCount: [33m10[39m,
      title: [32m'Critical Vuln'[39m,
      affectedComponentRefs: [36m[Array][39m
    },
    {
      id: [32m'CVE-2024-002'[39m,
      severity: [32m'high'[39m,
      affectedCount: [33m5[39m,
      title: [32m'High Vuln'[39m,
      affectedComponentRefs: [36m[Array][39m
    },
    {
      id: [32m'GHSA-xxx'[39m,
      severity: [32m'medium'[39m,
      affectedCount: [33m2[39m,
      title: [32m'Medium Vuln'[39m,
      affectedComponentRefs: [36m[Array][39m
    }
  ],
  allLicenses: [],
  allLicenseComponents: [],
  uniqueVulnerabilityCount: [33m3[39m,
  avgVulnerabilitiesPerComponent: [33m0.5[39m,
  dependencyStats: { direct: [33m30[39m, transitive: [33m70[39m },
  dependentsDistribution: { [32m'0'[39m: [33m30[39m, [32m'1'[39m: [33m40[39m, [32m'5'[39m: [33m30[39m },
  vulnerabilityImpactDistribution: { [32m'0'[39m: [33m10[39m, [32m'1'[39m: [33m20[39m, [32m'5'[39m: [33m20[39m },
  cweCounts: { [32m'CWE-123'[39m: [33m1[39m },
  sourceCounts: { NVD: [33m1[39m }
}
[VulnerabilitiesView] displayStats: {
  totalComponents: [33m100[39m,
  vulnerabilityCounts: { critical: [33m5[39m, high: [33m10[39m, medium: [33m20[39m, low: [33m15[39m, none: [33m50[39m },
  licenseCounts: {},
  topLicenses: [],
  licenseDistribution: {
    permissive: [33m0[39m,
    copyleft: [33m0[39m,
    weakCopyleft: [33m0[39m,
    proprietary: [33m0[39m,
    unknown: [33m0[39m
  },
  vulnerableComponents: [],
  allVulnerableComponents: [
    {
      name: [32m'lodash'[39m,
      version: [32m'4.17.20'[39m,
      ref: [32m'ref-lodash'[39m,
      critical: [33m2[39m,
      high: [33m3[39m,
      medium: [33m1[39m,
      low: [33m0[39m,
      total: [33m6[39m
    },
    {
      name: [32m'express'[39m,
      version: [32m'4.17.1'[39m,
      ref: [32m'ref-express'[39m,
      critical: [33m1[39m,
      high: [33m2[39m,
      medium: [33m0[39m,
      low: [33m1[39m,
      total: [33m4[39m
    },
    {
      name: [32m'axios'[39m,
      version: [32m'0.21.0'[39m,
      ref: [32m'ref-axios'[39m,
      critical: [33m0[39m,
      high: [33m1[39m,
      medium: [33m2[39m,
      low: [33m0[39m,
      total: [33m3[39m
    }
  ],
  totalVulnerabilities: [33m50[39m,
  allVulnerabilities: [
    {
      id: [32m'CVE-2024-001'[39m,
      severity: [32m'critical'[39m,
      affectedCount: [33m10[39m,
      title: [32m'Critical Vuln'[39m,
      affectedComponentRefs: [36m[Array][39m
    },
    {
      id: [32m'CVE-2024-002'[39m,
      severity: [32m'high'[39m,
      affectedCount: [33m5[39m,
      title: [32m'High Vuln'[39m,
      affectedComponentRefs: [36m[Array][39m
    },
    {
      id: [32m'GHSA-xxx'[39m,
      severity: [32m'medium'[39m,
      affectedCount: [33m2[39m,
      title: [32m'Medium Vuln'[39m,
      affectedComponentRefs: [36m[Array][39m
    }
  ],
  allLicenses: [],
  allLicenseComponents: [],
  uniqueVulnerabilityCount: [33m3[39m,
  avgVulnerabilitiesPerComponent: [33m0.5[39m,
  dependencyStats: { direct: [33m30[39m, transitive: [33m70[39m },
  dependentsDistribution: { [32m'0'[39m: [33m30[39m, [32m'1'[39m: [33m40[39m, [32m'5'[39m: [33m30[39m },
  vulnerabilityImpactDistribution: { [32m'0'[39m: [33m10[39m, [32m'1'[39m: [33m20[39m, [32m'5'[39m: [33m20[39m },
  cweCounts: { [32m'CWE-123'[39m: [33m1[39m },
  sourceCounts: { NVD: [33m1[39m }
}

[90mstdout[2m | src/components/views/VulnerabilitiesView.test.tsx[2m > [22m[2mVulnerabilitiesView[2m > [22m[2mshould filter CVEs when searching in vulnerability view
[22m[39m[VulnerabilitiesView] displayStats: {
  totalComponents: [33m100[39m,
  vulnerabilityCounts: { critical: [33m5[39m, high: [33m10[39m, medium: [33m20[39m, low: [33m15[39m, none: [33m50[39m },
  licenseCounts: {},
  topLicenses: [],
  licenseDistribution: {
    permissive: [33m0[39m,
    copyleft: [33m0[39m,
    weakCopyleft: [33m0[39m,
    proprietary: [33m0[39m,
    unknown: [33m0[39m
  },
  vulnerableComponents: [],
  allVulnerableComponents: [
    {
      name: [32m'lodash'[39m,
      version: [32m'4.17.20'[39m,
      ref: [32m'ref-lodash'[39m,
      critical: [33m2[39m,
      high: [33m3[39m,
      medium: [33m1[39m,
      low: [33m0[39m,
      total: [33m6[39m
    },
    {
      name: [32m'express'[39m,
      version: [32m'4.17.1'[39m,
      ref: [32m'ref-express'[39m,
      critical: [33m1[39m,
      high: [33m2[39m,
      medium: [33m0[39m,
      low: [33m1[39m,
      total: [33m4[39m
    },
    {
      name: [32m'axios'[39m,
      version: [32m'0.21.0'[39m,
      ref: [32m'ref-axios'[39m,
      critical: [33m0[39m,
      high: [33m1[39m,
      medium: [33m2[39m,
      low: [33m0[39m,
      total: [33m3[39m
    }
  ],
  totalVulnerabilities: [33m50[39m,
  allVulnerabilities: [
    {
      id: [32m'CVE-2024-001'[39m,
      severity: [32m'critical'[39m,
      affectedCount: [33m10[39m,
      title: [32m'Critical Vuln'[39m,
      affectedComponentRefs: [36m[Array][39m
    },
    {
      id: [32m'CVE-2024-002'[39m,
      severity: [32m'high'[39m,
      affectedCount: [33m5[39m,
      title: [32m'High Vuln'[39m,
      affectedComponentRefs: [36m[Array][39m
    },
    {
      id: [32m'GHSA-xxx'[39m,
      severity: [32m'medium'[39m,
      affectedCount: [33m2[39m,
      title: [32m'Medium Vuln'[39m,
      affectedComponentRefs: [36m[Array][39m
    }
  ],
  allLicenses: [],
  allLicenseComponents: [],
  uniqueVulnerabilityCount: [33m3[39m,
  avgVulnerabilitiesPerComponent: [33m0.5[39m,
  dependencyStats: { direct: [33m30[39m, transitive: [33m70[39m },
  dependentsDistribution: { [32m'0'[39m: [33m30[39m, [32m'1'[39m: [33m40[39m, [32m'5'[39m: [33m30[39m },
  vulnerabilityImpactDistribution: { [32m'0'[39m: [33m10[39m, [32m'1'[39m: [33m20[39m, [32m'5'[39m: [33m20[39m },
  cweCounts: { [32m'CWE-123'[39m: [33m1[39m },
  sourceCounts: { NVD: [33m1[39m }
}

[90mstdout[2m | src/components/views/VulnerabilitiesView.test.tsx[2m > [22m[2mVulnerabilitiesView[2m > [22m[2mshould render comprehensive vulnerability details when selected
[22m[39m[VulnerabilitiesView] displayStats: {
  totalComponents: [33m100[39m,
  vulnerabilityCounts: { critical: [33m5[39m, high: [33m10[39m, medium: [33m20[39m, low: [33m15[39m, none: [33m50[39m },
  licenseCounts: {},
  topLicenses: [],
  licenseDistribution: {
    permissive: [33m0[39m,
    copyleft: [33m0[39m,
    weakCopyleft: [33m0[39m,
    proprietary: [33m0[39m,
    unknown: [33m0[39m
  },
  vulnerableComponents: [],
  allVulnerableComponents: [
    {
      name: [32m'lodash'[39m,
      version: [32m'4.17.20'[39m,
      ref: [32m'ref-lodash'[39m,
      critical: [33m2[39m,
      high: [33m3[39m,
      medium: [33m1[39m,
      low: [33m0[39m,
      total: [33m6[39m
    },
    {
      name: [32m'express'[39m,
      version: [32m'4.17.1'[39m,
      ref: [32m'ref-express'[39m,
      critical: [33m1[39m,
      high: [33m2[39m,
      medium: [33m0[39m,
      low: [33m1[39m,
      total: [33m4[39m
    },
    {
      name: [32m'axios'[39m,
      version: [32m'0.21.0'[39m,
      ref: [32m'ref-axios'[39m,
      critical: [33m0[39m,
      high: [33m1[39m,
      medium: [33m2[39m,
      low: [33m0[39m,
      total: [33m3[39m
    }
  ],
  totalVulnerabilities: [33m50[39m,
  allVulnerabilities: [
    {
      id: [32m'CVE-9999-DETAILED'[39m,
      severity: [32m'high'[39m,
      affectedCount: [33m1[39m,
      affectedComponentRefs: [36m[Array][39m,
      title: [32m'Detailed Title'[39m,
      description: [32m'Detailed Description'[39m,
      detail: [32m'Detailed long text'[39m,
      recommendation: [32m'Fix it now'[39m,
      cwes: [36m[Array][39m,
      analysis: [36m[Object][39m,
      created: [32m'2024-01-01T00:00:00Z'[39m,
      proofOfConcept: [36m[Object][39m,
      source: [36m[Object][39m
    }
  ],
  allLicenses: [],
  allLicenseComponents: [],
  uniqueVulnerabilityCount: [33m3[39m,
  avgVulnerabilitiesPerComponent: [33m0.5[39m,
  dependencyStats: { direct: [33m30[39m, transitive: [33m70[39m },
  dependentsDistribution: { [32m'0'[39m: [33m30[39m, [32m'1'[39m: [33m40[39m, [32m'5'[39m: [33m30[39m },
  vulnerabilityImpactDistribution: { [32m'0'[39m: [33m10[39m, [32m'1'[39m: [33m20[39m, [32m'5'[39m: [33m20[39m },
  cweCounts: { [32m'CWE-79'[39m: [33m1[39m },
  sourceCounts: { NVD: [33m1[39m }
}

[90mstdout[2m | src/components/views/VulnerabilitiesView.test.tsx[2m > [22m[2mVulnerabilitiesView[2m > [22m[2mshould render comprehensive vulnerability details when selected
[22m[39m[VulnerabilitiesView] displayStats: {
  totalComponents: [33m100[39m,
  vulnerabilityCounts: { critical: [33m5[39m, high: [33m10[39m, medium: [33m20[39m, low: [33m15[39m, none: [33m50[39m },
  licenseCounts: {},
  topLicenses: [],
  licenseDistribution: {
    permissive: [33m0[39m,
    copyleft: [33m0[39m,
    weakCopyleft: [33m0[39m,
    proprietary: [33m0[39m,
    unknown: [33m0[39m
  },
  vulnerableComponents: [],
  allVulnerableComponents: [
    {
      name: [32m'lodash'[39m,
      version: [32m'4.17.20'[39m,
      ref: [32m'ref-lodash'[39m,
      critical: [33m2[39m,
      high: [33m3[39m,
      medium: [33m1[39m,
      low: [33m0[39m,
      total: [33m6[39m
    },
    {
      name: [32m'express'[39m,
      version: [32m'4.17.1'[39m,
      ref: [32m'ref-express'[39m,
      critical: [33m1[39m,
      high: [33m2[39m,
      medium: [33m0[39m,
      low: [33m1[39m,
      total: [33m4[39m
    },
    {
      name: [32m'axios'[39m,
      version: [32m'0.21.0'[39m,
      ref: [32m'ref-axios'[39m,
      critical: [33m0[39m,
      high: [33m1[39m,
      medium: [33m2[39m,
      low: [33m0[39m,
      total: [33m3[39m
    }
  ],
  totalVulnerabilities: [33m50[39m,
  allVulnerabilities: [
    {
      id: [32m'CVE-9999-DETAILED'[39m,
      severity: [32m'high'[39m,
      affectedCount: [33m1[39m,
      affectedComponentRefs: [36m[Array][39m,
      title: [32m'Detailed Title'[39m,
      description: [32m'Detailed Description'[39m,
      detail: [32m'Detailed long text'[39m,
      recommendation: [32m'Fix it now'[39m,
      cwes: [36m[Array][39m,
      analysis: [36m[Object][39m,
      created: [32m'2024-01-01T00:00:00Z'[39m,
      proofOfConcept: [36m[Object][39m,
      source: [36m[Object][39m
    }
  ],
  allLicenses: [],
  allLicenseComponents: [],
  uniqueVulnerabilityCount: [33m3[39m,
  avgVulnerabilitiesPerComponent: [33m0.5[39m,
  dependencyStats: { direct: [33m30[39m, transitive: [33m70[39m },
  dependentsDistribution: { [32m'0'[39m: [33m30[39m, [32m'1'[39m: [33m40[39m, [32m'5'[39m: [33m30[39m },
  vulnerabilityImpactDistribution: { [32m'0'[39m: [33m10[39m, [32m'1'[39m: [33m20[39m, [32m'5'[39m: [33m20[39m },
  cweCounts: { [32m'CWE-79'[39m: [33m1[39m },
  sourceCounts: { NVD: [33m1[39m }
}
[VulnerabilitiesView] displayStats: {
  totalComponents: [33m100[39m,
  vulnerabilityCounts: { critical: [33m5[39m, high: [33m10[39m, medium: [33m20[39m, low: [33m15[39m, none: [33m50[39m },
  licenseCounts: {},
  topLicenses: [],
  licenseDistribution: {
    permissive: [33m0[39m,
    copyleft: [33m0[39m,
    weakCopyleft: [33m0[39m,
    proprietary: [33m0[39m,
    unknown: [33m0[39m
  },
  vulnerableComponents: [],
  allVulnerableComponents: [
    {
      name: [32m'lodash'[39m,
      version: [32m'4.17.20'[39m,
      ref: [32m'ref-lodash'[39m,
      critical: [33m2[39m,
      high: [33m3[39m,
      medium: [33m1[39m,
      low: [33m0[39m,
      total: [33m6[39m
    },
    {
      name: [32m'express'[39m,
      version: [32m'4.17.1'[39m,
      ref: [32m'ref-express'[39m,
      critical: [33m1[39m,
      high: [33m2[39m,
      medium: [33m0[39m,
      low: [33m1[39m,
      total: [33m4[39m
    },
    {
      name: [32m'axios'[39m,
      version: [32m'0.21.0'[39m,
      ref: [32m'ref-axios'[39m,
      critical: [33m0[39m,
      high: [33m1[39m,
      medium: [33m2[39m,
      low: [33m0[39m,
      total: [33m3[39m
    }
  ],
  totalVulnerabilities: [33m50[39m,
  allVulnerabilities: [
    {
      id: [32m'CVE-9999-DETAILED'[39m,
      severity: [32m'high'[39m,
      affectedCount: [33m1[39m,
      affectedComponentRefs: [36m[Array][39m,
      title: [32m'Detailed Title'[39m,
      description: [32m'Detailed Description'[39m,
      detail: [32m'Detailed long text'[39m,
      recommendation: [32m'Fix it now'[39m,
      cwes: [36m[Array][39m,
      analysis: [36m[Object][39m,
      created: [32m'2024-01-01T00:00:00Z'[39m,
      proofOfConcept: [36m[Object][39m,
      source: [36m[Object][39m
    }
  ],
  allLicenses: [],
  allLicenseComponents: [],
  uniqueVulnerabilityCount: [33m3[39m,
  avgVulnerabilitiesPerComponent: [33m0.5[39m,
  dependencyStats: { direct: [33m30[39m, transitive: [33m70[39m },
  dependentsDistribution: { [32m'0'[39m: [33m30[39m, [32m'1'[39m: [33m40[39m, [32m'5'[39m: [33m30[39m },
  vulnerabilityImpactDistribution: { [32m'0'[39m: [33m10[39m, [32m'1'[39m: [33m20[39m, [32m'5'[39m: [33m20[39m },
  cweCounts: { [32m'CWE-79'[39m: [33m1[39m },
  sourceCounts: { NVD: [33m1[39m }
}

[90mstderr[2m | src/components/views/VulnerabilitiesView.test.tsx[2m > [22m[2mVulnerabilitiesView[2m > [22m[2mshould render comprehensive vulnerability details when selected
[22m[39mError: [vitest] No "DropdownMenuGroup" export is defined on the "@/components/ui/dropdown-menu" mock. Did you forget to return it from "vi.mock"?
If you need to partially mock a module, you can use "importOriginal" helper inside:

    at VitestMocker.createError [90m(file:///home/ewrdad/portfolio/sbom-viewer/sbom-json-viewer/[39mnode_modules/[4mvitest[24m/dist/chunks/startModuleRunner.DEj0jb3e.js:311:17[90m)[39m
    at Object.get [90m(file:///home/ewrdad/portfolio/sbom-viewer/sbom-json-viewer/[39mnode_modules/[4mvitest[24m/dist/chunks/startModuleRunner.DEj0jb3e.js:384:16[90m)[39m
    at SearchButton [90m(/home/ewrdad/portfolio/sbom-viewer/sbom-json-viewer/[39msrc/components/common/SearchButton.tsx:83:12[90m)[39m
    at Object.react_stack_bottom_frame [90m(/home/ewrdad/portfolio/sbom-viewer/sbom-json-viewer/[39mnode_modules/[4mreact-dom[24m/cjs/react-dom-client.development.js:25904:20[90m)[39m
    at renderWithHooks [90m(/home/ewrdad/portfolio/sbom-viewer/sbom-json-viewer/[39mnode_modules/[4mreact-dom[24m/cjs/react-dom-client.development.js:7662:22[90m)[39m
    at updateFunctionComponent [90m(/home/ewrdad/portfolio/sbom-viewer/sbom-json-viewer/[39mnode_modules/[4mreact-dom[24m/cjs/react-dom-client.development.js:10166:19[90m)[39m
    at beginWork [90m(/home/ewrdad/portfolio/sbom-viewer/sbom-json-viewer/[39mnode_modules/[4mreact-dom[24m/cjs/react-dom-client.development.js:11778:18[90m)[39m
    at runWithFiberInDEV [90m(/home/ewrdad/portfolio/sbom-viewer/sbom-json-viewer/[39mnode_modules/[4mreact-dom[24m/cjs/react-dom-client.development.js:874:13[90m)[39m
    at performUnitOfWork [90m(/home/ewrdad/portfolio/sbom-viewer/sbom-json-viewer/[39mnode_modules/[4mreact-dom[24m/cjs/react-dom-client.development.js:17641:22[90m)[39m
    at workLoopSync [90m(/home/ewrdad/portfolio/sbom-viewer/sbom-json-viewer/[39mnode_modules/[4mreact-dom[24m/cjs/react-dom-client.development.js:17469:41[90m)[39m {
  [stack]: [36m[Getter/Setter][39m,
  [message]: [32m'[vitest] No "DropdownMenuGroup" export is defined on the "@/components/ui/dropdown-menu" mock. Did you forget to return it from "vi.mock"?\n'[39m +
    [32m'If you need to partially mock a module, you can use "importOriginal" helper inside:\n'[39m,
  codeFrame: [32m'vi.mock(import("@/components/ui/dropdown-menu"), async (importOriginal) => {\n'[39m +
    [32m'  const actual = await importOriginal()\n'[39m +
    [32m'  return {\n'[39m +
    [32m'    ...actual,\n'[39m +
    [32m'    // your mocked methods\n'[39m +
    [32m'  }\n'[39m +
    [32m'})'[39m
}

The above error occurred in the <SearchButton> component.

React will try to recreate this component tree from scratch using the error boundary you provided, ErrorBoundary.

Uncaught error: Error: [vitest] No "DropdownMenuGroup" export is defined on the "@/components/ui/dropdown-menu" mock. Did you forget to return it from "vi.mock"?
If you need to partially mock a module, you can use "importOriginal" helper inside:

    at VitestMocker.createError [90m(file:///home/ewrdad/portfolio/sbom-viewer/sbom-json-viewer/[39mnode_modules/[4mvitest[24m/dist/chunks/startModuleRunner.DEj0jb3e.js:311:17[90m)[39m
    at Object.get [90m(file:///home/ewrdad/portfolio/sbom-viewer/sbom-json-viewer/[39mnode_modules/[4mvitest[24m/dist/chunks/startModuleRunner.DEj0jb3e.js:384:16[90m)[39m
    at SearchButton [90m(/home/ewrdad/portfolio/sbom-viewer/sbom-json-viewer/[39msrc/components/common/SearchButton.tsx:83:12[90m)[39m
    at Object.react_stack_bottom_frame [90m(/home/ewrdad/portfolio/sbom-viewer/sbom-json-viewer/[39mnode_modules/[4mreact-dom[24m/cjs/react-dom-client.development.js:25904:20[90m)[39m
    at renderWithHooks [90m(/home/ewrdad/portfolio/sbom-viewer/sbom-json-viewer/[39mnode_modules/[4mreact-dom[24m/cjs/react-dom-client.development.js:7662:22[90m)[39m
    at updateFunctionComponent [90m(/home/ewrdad/portfolio/sbom-viewer/sbom-json-viewer/[39mnode_modules/[4mreact-dom[24m/cjs/react-dom-client.development.js:10166:19[90m)[39m
    at beginWork [90m(/home/ewrdad/portfolio/sbom-viewer/sbom-json-viewer/[39mnode_modules/[4mreact-dom[24m/cjs/react-dom-client.development.js:11778:18[90m)[39m
    at runWithFiberInDEV [90m(/home/ewrdad/portfolio/sbom-viewer/sbom-json-viewer/[39mnode_modules/[4mreact-dom[24m/cjs/react-dom-client.development.js:874:13[90m)[39m
    at performUnitOfWork [90m(/home/ewrdad/portfolio/sbom-viewer/sbom-json-viewer/[39mnode_modules/[4mreact-dom[24m/cjs/react-dom-client.development.js:17641:22[90m)[39m
    at workLoopSync [90m(/home/ewrdad/portfolio/sbom-viewer/sbom-json-viewer/[39mnode_modules/[4mreact-dom[24m/cjs/react-dom-client.development.js:17469:41[90m)[39m {
  codeFrame: [32m'vi.mock(import("@/components/ui/dropdown-menu"), async (importOriginal) => {\n'[39m +
    [32m'  const actual = await importOriginal()\n'[39m +
    [32m'  return {\n'[39m +
    [32m'    ...actual,\n'[39m +
    [32m'    // your mocked methods\n'[39m +
    [32m'  }\n'[39m +
    [32m'})'[39m
} {
  componentStack: [32m'\n'[39m +
    [32m'    at SearchButton (/home/ewrdad/portfolio/sbom-viewer/sbom-json-viewer/src/components/common/SearchButton.tsx:16:25)\n'[39m +
    [32m'    at div (<anonymous>)\n'[39m +
    [32m'    at div (<anonymous>)\n'[39m +
    [32m'    at div (<anonymous>)\n'[39m +
    [32m'    at div (<anonymous>)\n'[39m +
    [32m'    at div (<anonymous>)\n'[39m +
    [32m'    at ScrollAreaViewport (file:///home/ewrdad/portfolio/sbom-viewer/sbom-json-viewer/node_modules/@base-ui/react/esm/scroll-area/viewport/ScrollAreaViewport.js:65:5)\n'[39m +
    [32m'    at div (<anonymous>)\n'[39m +
    [32m'    at ScrollAreaRoot (file:///home/ewrdad/portfolio/sbom-viewer/sbom-json-viewer/node_modules/@base-ui/react/esm/scroll-area/root/ScrollAreaRoot.js:45:5)\n'[39m +
    [32m'    at ScrollArea (/home/ewrdad/portfolio/sbom-viewer/sbom-json-viewer/src/components/ui/scroll-area.tsx:10:3)\n'[39m +
    [32m'    at div (<anonymous>)\n'[39m +
    [32m'    at ErrorBoundary (/home/ewrdad/portfolio/sbom-viewer/sbom-json-viewer/src/components/common/ErrorBoundary.tsx:7:1)\n'[39m +
    [32m'    at div (<anonymous>)\n'[39m +
    [32m'    at div (<anonymous>)\n'[39m +
    [32m'    at div (<anonymous>)\n'[39m +
    [32m'    at qe (/home/ewrdad/portfolio/sbom-viewer/sbom-json-viewer/node_modules/react-resizable-panels/dist/react-resizable-panels.cjs:1:29419)\n'[39m +
    [32m'    at ResizablePanel (/home/ewrdad/portfolio/sbom-viewer/sbom-json-viewer/src/components/ui/resizable.tsx:36:30)\n'[39m +
    [32m'    at div (<anonymous>)\n'[39m +
    [32m'    at Ke (/home/ewrdad/portfolio/sbom-viewer/sbom-json-viewer/node_modules/react-resizable-panels/dist/react-resizable-panels.cjs:1:25129)\n'[39m +
    [32m'    at ResizablePanelGroup (/home/ewrdad/portfolio/sbom-viewer/sbom-json-viewer/src/components/ui/resizable.tsx:11:3)\n'[39m +
    [32m'    at VulnerabilitiesView (/home/ewrdad/portfolio/sbom-viewer/sbom-json-viewer/src/components/views/VulnerabilitiesView.tsx:61:32)\n'[39m +
    [32m'    at SettingsProvider (/home/ewrdad/portfolio/sbom-viewer/sbom-json-viewer/src/context/SettingsContext.tsx:38:29)'[39m
}

[90mstdout[2m | src/components/views/VulnerabilitiesView.test.tsx[2m > [22m[2mVulnerabilitiesView[2m > [22m[2mshould render comprehensive vulnerability details when selected
[22m[39m[VulnerabilitiesView] displayStats: {
  totalComponents: [33m100[39m,
  vulnerabilityCounts: { critical: [33m5[39m, high: [33m10[39m, medium: [33m20[39m, low: [33m15[39m, none: [33m50[39m },
  licenseCounts: {},
  topLicenses: [],
  licenseDistribution: {
    permissive: [33m0[39m,
    copyleft: [33m0[39m,
    weakCopyleft: [33m0[39m,
    proprietary: [33m0[39m,
    unknown: [33m0[39m
  },
  vulnerableComponents: [],
  allVulnerableComponents: [
    {
      name: [32m'lodash'[39m,
      version: [32m'4.17.20'[39m,
      ref: [32m'ref-lodash'[39m,
      critical: [33m2[39m,
      high: [33m3[39m,
      medium: [33m1[39m,
      low: [33m0[39m,
      total: [33m6[39m
    },
    {
      name: [32m'express'[39m,
      version: [32m'4.17.1'[39m,
      ref: [32m'ref-express'[39m,
      critical: [33m1[39m,
      high: [33m2[39m,
      medium: [33m0[39m,
      low: [33m1[39m,
      total: [33m4[39m
    },
    {
      name: [32m'axios'[39m,
      version: [32m'0.21.0'[39m,
      ref: [32m'ref-axios'[39m,
      critical: [33m0[39m,
      high: [33m1[39m,
      medium: [33m2[39m,
      low: [33m0[39m,
      total: [33m3[39m
    }
  ],
  totalVulnerabilities: [33m50[39m,
  allVulnerabilities: [
    {
      id: [32m'CVE-9999-DETAILED'[39m,
      severity: [32m'high'[39m,
      affectedCount: [33m1[39m,
      affectedComponentRefs: [36m[Array][39m,
      title: [32m'Detailed Title'[39m,
      description: [32m'Detailed Description'[39m,
      detail: [32m'Detailed long text'[39m,
      recommendation: [32m'Fix it now'[39m,
      cwes: [36m[Array][39m,
      analysis: [36m[Object][39m,
      created: [32m'2024-01-01T00:00:00Z'[39m,
      proofOfConcept: [36m[Object][39m,
      source: [36m[Object][39m
    }
  ],
  allLicenses: [],
  allLicenseComponents: [],
  uniqueVulnerabilityCount: [33m3[39m,
  avgVulnerabilitiesPerComponent: [33m0.5[39m,
  dependencyStats: { direct: [33m30[39m, transitive: [33m70[39m },
  dependentsDistribution: { [32m'0'[39m: [33m30[39m, [32m'1'[39m: [33m40[39m, [32m'5'[39m: [33m30[39m },
  vulnerabilityImpactDistribution: { [32m'0'[39m: [33m10[39m, [32m'1'[39m: [33m20[39m, [32m'5'[39m: [33m20[39m },
  cweCounts: { [32m'CWE-79'[39m: [33m1[39m },
  sourceCounts: { NVD: [33m1[39m }
}
[VulnerabilitiesView] displayStats: {
  totalComponents: [33m100[39m,
  vulnerabilityCounts: { critical: [33m5[39m, high: [33m10[39m, medium: [33m20[39m, low: [33m15[39m, none: [33m50[39m },
  licenseCounts: {},
  topLicenses: [],
  licenseDistribution: {
    permissive: [33m0[39m,
    copyleft: [33m0[39m,
    weakCopyleft: [33m0[39m,
    proprietary: [33m0[39m,
    unknown: [33m0[39m
  },
  vulnerableComponents: [],
  allVulnerableComponents: [
    {
      name: [32m'lodash'[39m,
      version: [32m'4.17.20'[39m,
      ref: [32m'ref-lodash'[39m,
      critical: [33m2[39m,
      high: [33m3[39m,
      medium: [33m1[39m,
      low: [33m0[39m,
      total: [33m6[39m
    },
    {
      name: [32m'express'[39m,
      version: [32m'4.17.1'[39m,
      ref: [32m'ref-express'[39m,
      critical: [33m1[39m,
      high: [33m2[39m,
      medium: [33m0[39m,
      low: [33m1[39m,
      total: [33m4[39m
    },
    {
      name: [32m'axios'[39m,
      version: [32m'0.21.0'[39m,
      ref: [32m'ref-axios'[39m,
      critical: [33m0[39m,
      high: [33m1[39m,
      medium: [33m2[39m,
      low: [33m0[39m,
      total: [33m3[39m
    }
  ],
  totalVulnerabilities: [33m50[39m,
  allVulnerabilities: [
    {
      id: [32m'CVE-9999-DETAILED'[39m,
      severity: [32m'high'[39m,
      affectedCount: [33m1[39m,
      affectedComponentRefs: [36m[Array][39m,
      title: [32m'Detailed Title'[39m,
      description: [32m'Detailed Description'[39m,
      detail: [32m'Detailed long text'[39m,
      recommendation: [32m'Fix it now'[39m,
      cwes: [36m[Array][39m,
      analysis: [36m[Object][39m,
      created: [32m'2024-01-01T00:00:00Z'[39m,
      proofOfConcept: [36m[Object][39m,
      source: [36m[Object][39m
    }
  ],
  allLicenses: [],
  allLicenseComponents: [],
  uniqueVulnerabilityCount: [33m3[39m,
  avgVulnerabilitiesPerComponent: [33m0.5[39m,
  dependencyStats: { direct: [33m30[39m, transitive: [33m70[39m },
  dependentsDistribution: { [32m'0'[39m: [33m30[39m, [32m'1'[39m: [33m40[39m, [32m'5'[39m: [33m30[39m },
  vulnerabilityImpactDistribution: { [32m'0'[39m: [33m10[39m, [32m'1'[39m: [33m20[39m, [32m'5'[39m: [33m20[39m },
  cweCounts: { [32m'CWE-79'[39m: [33m1[39m },
  sourceCounts: { NVD: [33m1[39m }
}

 [32m✓[39m src/components/views/VulnerabilitiesView.test.tsx[2m > [22mVulnerabilitiesView[2m > [22mshould filter CVEs when searching in vulnerability view[32m 77[2mms[22m[39m
[90mstdout[2m | src/components/views/VulnerabilitiesView.test.tsx[2m > [22m[2mVulnerabilitiesView[2m > [22m[2mshould render all extended vulnerability fields
[22m[39m[VulnerabilitiesView] displayStats: {
  totalComponents: [33m100[39m,
  vulnerabilityCounts: { critical: [33m5[39m, high: [33m10[39m, medium: [33m20[39m, low: [33m15[39m, none: [33m50[39m },
  licenseCounts: {},
  topLicenses: [],
  licenseDistribution: {
    permissive: [33m0[39m,
    copyleft: [33m0[39m,
    weakCopyleft: [33m0[39m,
    proprietary: [33m0[39m,
    unknown: [33m0[39m
  },
  vulnerableComponents: [],
  allVulnerableComponents: [
    {
      name: [32m'lodash'[39m,
      version: [32m'4.17.20'[39m,
      ref: [32m'ref-lodash'[39m,
      critical: [33m2[39m,
      high: [33m3[39m,
      medium: [33m1[39m,
      low: [33m0[39m,
      total: [33m6[39m
    },
    {
      name: [32m'express'[39m,
      version: [32m'4.17.1'[39m,
      ref: [32m'ref-express'[39m,
      critical: [33m1[39m,
      high: [33m2[39m,
      medium: [33m0[39m,
      low: [33m1[39m,
      total: [33m4[39m
    },
    {
      name: [32m'axios'[39m,
      version: [32m'0.21.0'[39m,
      ref: [32m'ref-axios'[39m,
      critical: [33m0[39m,
      high: [33m1[39m,
      medium: [33m2[39m,
      low: [33m0[39m,
      total: [33m3[39m
    }
  ],
  totalVulnerabilities: [33m50[39m,
  allVulnerabilities: [
    {
      id: [32m'CVE-EXTENDED'[39m,
      severity: [32m'critical'[39m,
      affectedCount: [33m1[39m,
      affectedComponentRefs: [36m[Array][39m,
      title: [32m'Extended Title'[39m,
      description: [32m'Extended Description'[39m,
      recommendation: [32m'Fix it'[39m,
      workaround: [32m'Do this instead'[39m,
      credits: [36m[Object][39m,
      tools: [36m[Array][39m,
      properties: [36m[Array][39m,
      cwes: [36m[Array][39m,
      affects: [36m[Array][39m,
      ratings: [36m[Array][39m
    }
  ],
  allLicenses: [],
  allLicenseComponents: [],
  uniqueVulnerabilityCount: [33m3[39m,
  avgVulnerabilitiesPerComponent: [33m0.5[39m,
  dependencyStats: { direct: [33m30[39m, transitive: [33m70[39m },
  dependentsDistribution: { [32m'0'[39m: [33m30[39m, [32m'1'[39m: [33m40[39m, [32m'5'[39m: [33m30[39m },
  vulnerabilityImpactDistribution: { [32m'0'[39m: [33m10[39m, [32m'1'[39m: [33m20[39m, [32m'5'[39m: [33m20[39m },
  cweCounts: { [32m'CWE-123'[39m: [33m1[39m },
  sourceCounts: { NVD: [33m1[39m }
}

[90mstdout[2m | src/components/views/VulnerabilitiesView.test.tsx[2m > [22m[2mVulnerabilitiesView[2m > [22m[2mshould render all extended vulnerability fields
[22m[39m[VulnerabilitiesView] displayStats: {
  totalComponents: [33m100[39m,
  vulnerabilityCounts: { critical: [33m5[39m, high: [33m10[39m, medium: [33m20[39m, low: [33m15[39m, none: [33m50[39m },
  licenseCounts: {},
  topLicenses: [],
  licenseDistribution: {
    permissive: [33m0[39m,
    copyleft: [33m0[39m,
    weakCopyleft: [33m0[39m,
    proprietary: [33m0[39m,
    unknown: [33m0[39m
  },
  vulnerableComponents: [],
  allVulnerableComponents: [
    {
      name: [32m'lodash'[39m,
      version: [32m'4.17.20'[39m,
      ref: [32m'ref-lodash'[39m,
      critical: [33m2[39m,
      high: [33m3[39m,
      medium: [33m1[39m,
      low: [33m0[39m,
      total: [33m6[39m
    },
    {
      name: [32m'express'[39m,
      version: [32m'4.17.1'[39m,
      ref: [32m'ref-express'[39m,
      critical: [33m1[39m,
      high: [33m2[39m,
      medium: [33m0[39m,
      low: [33m1[39m,
      total: [33m4[39m
    },
    {
      name: [32m'axios'[39m,
      version: [32m'0.21.0'[39m,
      ref: [32m'ref-axios'[39m,
      critical: [33m0[39m,
      high: [33m1[39m,
      medium: [33m2[39m,
      low: [33m0[39m,
      total: [33m3[39m
    }
  ],
  totalVulnerabilities: [33m50[39m,
  allVulnerabilities: [
    {
      id: [32m'CVE-EXTENDED'[39m,
      severity: [32m'critical'[39m,
      affectedCount: [33m1[39m,
      affectedComponentRefs: [36m[Array][39m,
      title: [32m'Extended Title'[39m,
      description: [32m'Extended Description'[39m,
      recommendation: [32m'Fix it'[39m,
      workaround: [32m'Do this instead'[39m,
      credits: [36m[Object][39m,
      tools: [36m[Array][39m,
      properties: [36m[Array][39m,
      cwes: [36m[Array][39m,
      affects: [36m[Array][39m,
      ratings: [36m[Array][39m
    }
  ],
  allLicenses: [],
  allLicenseComponents: [],
  uniqueVulnerabilityCount: [33m3[39m,
  avgVulnerabilitiesPerComponent: [33m0.5[39m,
  dependencyStats: { direct: [33m30[39m, transitive: [33m70[39m },
  dependentsDistribution: { [32m'0'[39m: [33m30[39m, [32m'1'[39m: [33m40[39m, [32m'5'[39m: [33m30[39m },
  vulnerabilityImpactDistribution: { [32m'0'[39m: [33m10[39m, [32m'1'[39m: [33m20[39m, [32m'5'[39m: [33m20[39m },
  cweCounts: { [32m'CWE-123'[39m: [33m1[39m },
  sourceCounts: { NVD: [33m1[39m }
}
[VulnerabilitiesView] displayStats: {
  totalComponents: [33m100[39m,
  vulnerabilityCounts: { critical: [33m5[39m, high: [33m10[39m, medium: [33m20[39m, low: [33m15[39m, none: [33m50[39m },
  licenseCounts: {},
  topLicenses: [],
  licenseDistribution: {
    permissive: [33m0[39m,
    copyleft: [33m0[39m,
    weakCopyleft: [33m0[39m,
    proprietary: [33m0[39m,
    unknown: [33m0[39m
  },
  vulnerableComponents: [],
  allVulnerableComponents: [
    {
      name: [32m'lodash'[39m,
      version: [32m'4.17.20'[39m,
      ref: [32m'ref-lodash'[39m,
      critical: [33m2[39m,
      high: [33m3[39m,
      medium: [33m1[39m,
      low: [33m0[39m,
      total: [33m6[39m
    },
    {
      name: [32m'express'[39m,
      version: [32m'4.17.1'[39m,
      ref: [32m'ref-express'[39m,
      critical: [33m1[39m,
      high: [33m2[39m,
      medium: [33m0[39m,
      low: [33m1[39m,
      total: [33m4[39m
    },
    {
      name: [32m'axios'[39m,
      version: [32m'0.21.0'[39m,
      ref: [32m'ref-axios'[39m,
      critical: [33m0[39m,
      high: [33m1[39m,
      medium: [33m2[39m,
      low: [33m0[39m,
      total: [33m3[39m
    }
  ],
  totalVulnerabilities: [33m50[39m,
  allVulnerabilities: [
    {
      id: [32m'CVE-EXTENDED'[39m,
      severity: [32m'critical'[39m,
      affectedCount: [33m1[39m,
      affectedComponentRefs: [36m[Array][39m,
      title: [32m'Extended Title'[39m,
      description: [32m'Extended Description'[39m,
      recommendation: [32m'Fix it'[39m,
      workaround: [32m'Do this instead'[39m,
      credits: [36m[Object][39m,
      tools: [36m[Array][39m,
      properties: [36m[Array][39m,
      cwes: [36m[Array][39m,
      affects: [36m[Array][39m,
      ratings: [36m[Array][39m
    }
  ],
  allLicenses: [],
  allLicenseComponents: [],
  uniqueVulnerabilityCount: [33m3[39m,
  avgVulnerabilitiesPerComponent: [33m0.5[39m,
  dependencyStats: { direct: [33m30[39m, transitive: [33m70[39m },
  dependentsDistribution: { [32m'0'[39m: [33m30[39m, [32m'1'[39m: [33m40[39m, [32m'5'[39m: [33m30[39m },
  vulnerabilityImpactDistribution: { [32m'0'[39m: [33m10[39m, [32m'1'[39m: [33m20[39m, [32m'5'[39m: [33m20[39m },
  cweCounts: { [32m'CWE-123'[39m: [33m1[39m },
  sourceCounts: { NVD: [33m1[39m }
}

[90mstderr[2m | src/components/views/VulnerabilitiesView.test.tsx[2m > [22m[2mVulnerabilitiesView[2m > [22m[2mshould render all extended vulnerability fields
[22m[39mError: [vitest] No "DropdownMenuGroup" export is defined on the "@/components/ui/dropdown-menu" mock. Did you forget to return it from "vi.mock"?
If you need to partially mock a module, you can use "importOriginal" helper inside:

    at VitestMocker.createError [90m(file:///home/ewrdad/portfolio/sbom-viewer/sbom-json-viewer/[39mnode_modules/[4mvitest[24m/dist/chunks/startModuleRunner.DEj0jb3e.js:311:17[90m)[39m
    at Object.get [90m(file:///home/ewrdad/portfolio/sbom-viewer/sbom-json-viewer/[39mnode_modules/[4mvitest[24m/dist/chunks/startModuleRunner.DEj0jb3e.js:384:16[90m)[39m
    at SearchButton [90m(/home/ewrdad/portfolio/sbom-viewer/sbom-json-viewer/[39msrc/components/common/SearchButton.tsx:83:12[90m)[39m
    at Object.react_stack_bottom_frame [90m(/home/ewrdad/portfolio/sbom-viewer/sbom-json-viewer/[39mnode_modules/[4mreact-dom[24m/cjs/react-dom-client.development.js:25904:20[90m)[39m
    at renderWithHooks [90m(/home/ewrdad/portfolio/sbom-viewer/sbom-json-viewer/[39mnode_modules/[4mreact-dom[24m/cjs/react-dom-client.development.js:7662:22[90m)[39m
    at updateFunctionComponent [90m(/home/ewrdad/portfolio/sbom-viewer/sbom-json-viewer/[39mnode_modules/[4mreact-dom[24m/cjs/react-dom-client.development.js:10166:19[90m)[39m
    at beginWork [90m(/home/ewrdad/portfolio/sbom-viewer/sbom-json-viewer/[39mnode_modules/[4mreact-dom[24m/cjs/react-dom-client.development.js:11778:18[90m)[39m
    at runWithFiberInDEV [90m(/home/ewrdad/portfolio/sbom-viewer/sbom-json-viewer/[39mnode_modules/[4mreact-dom[24m/cjs/react-dom-client.development.js:874:13[90m)[39m
    at performUnitOfWork [90m(/home/ewrdad/portfolio/sbom-viewer/sbom-json-viewer/[39mnode_modules/[4mreact-dom[24m/cjs/react-dom-client.development.js:17641:22[90m)[39m
    at workLoopSync [90m(/home/ewrdad/portfolio/sbom-viewer/sbom-json-viewer/[39mnode_modules/[4mreact-dom[24m/cjs/react-dom-client.development.js:17469:41[90m)[39m {
  [stack]: [36m[Getter/Setter][39m,
  [message]: [32m'[vitest] No "DropdownMenuGroup" export is defined on the "@/components/ui/dropdown-menu" mock. Did you forget to return it from "vi.mock"?\n'[39m +
    [32m'If you need to partially mock a module, you can use "importOriginal" helper inside:\n'[39m,
  codeFrame: [32m'vi.mock(import("@/components/ui/dropdown-menu"), async (importOriginal) => {\n'[39m +
    [32m'  const actual = await importOriginal()\n'[39m +
    [32m'  return {\n'[39m +
    [32m'    ...actual,\n'[39m +
    [32m'    // your mocked methods\n'[39m +
    [32m'  }\n'[39m +
    [32m'})'[39m
}

The above error occurred in the <SearchButton> component.

React will try to recreate this component tree from scratch using the error boundary you provided, ErrorBoundary.

Uncaught error: Error: [vitest] No "DropdownMenuGroup" export is defined on the "@/components/ui/dropdown-menu" mock. Did you forget to return it from "vi.mock"?
If you need to partially mock a module, you can use "importOriginal" helper inside:

    at VitestMocker.createError [90m(file:///home/ewrdad/portfolio/sbom-viewer/sbom-json-viewer/[39mnode_modules/[4mvitest[24m/dist/chunks/startModuleRunner.DEj0jb3e.js:311:17[90m)[39m
    at Object.get [90m(file:///home/ewrdad/portfolio/sbom-viewer/sbom-json-viewer/[39mnode_modules/[4mvitest[24m/dist/chunks/startModuleRunner.DEj0jb3e.js:384:16[90m)[39m
    at SearchButton [90m(/home/ewrdad/portfolio/sbom-viewer/sbom-json-viewer/[39msrc/components/common/SearchButton.tsx:83:12[90m)[39m
    at Object.react_stack_bottom_frame [90m(/home/ewrdad/portfolio/sbom-viewer/sbom-json-viewer/[39mnode_modules/[4mreact-dom[24m/cjs/react-dom-client.development.js:25904:20[90m)[39m
    at renderWithHooks [90m(/home/ewrdad/portfolio/sbom-viewer/sbom-json-viewer/[39mnode_modules/[4mreact-dom[24m/cjs/react-dom-client.development.js:7662:22[90m)[39m
    at updateFunctionComponent [90m(/home/ewrdad/portfolio/sbom-viewer/sbom-json-viewer/[39mnode_modules/[4mreact-dom[24m/cjs/react-dom-client.development.js:10166:19[90m)[39m
    at beginWork [90m(/home/ewrdad/portfolio/sbom-viewer/sbom-json-viewer/[39mnode_modules/[4mreact-dom[24m/cjs/react-dom-client.development.js:11778:18[90m)[39m
    at runWithFiberInDEV [90m(/home/ewrdad/portfolio/sbom-viewer/sbom-json-viewer/[39mnode_modules/[4mreact-dom[24m/cjs/react-dom-client.development.js:874:13[90m)[39m
    at performUnitOfWork [90m(/home/ewrdad/portfolio/sbom-viewer/sbom-json-viewer/[39mnode_modules/[4mreact-dom[24m/cjs/react-dom-client.development.js:17641:22[90m)[39m
    at workLoopSync [90m(/home/ewrdad/portfolio/sbom-viewer/sbom-json-viewer/[39mnode_modules/[4mreact-dom[24m/cjs/react-dom-client.development.js:17469:41[90m)[39m {
  codeFrame: [32m'vi.mock(import("@/components/ui/dropdown-menu"), async (importOriginal) => {\n'[39m +
    [32m'  const actual = await importOriginal()\n'[39m +
    [32m'  return {\n'[39m +
    [32m'    ...actual,\n'[39m +
    [32m'    // your mocked methods\n'[39m +
    [32m'  }\n'[39m +
    [32m'})'[39m
} {
  componentStack: [32m'\n'[39m +
    [32m'    at SearchButton (/home/ewrdad/portfolio/sbom-viewer/sbom-json-viewer/src/components/common/SearchButton.tsx:16:25)\n'[39m +
    [32m'    at div (<anonymous>)\n'[39m +
    [32m'    at div (<anonymous>)\n'[39m +
    [32m'    at div (<anonymous>)\n'[39m +
    [32m'    at div (<anonymous>)\n'[39m +
    [32m'    at div (<anonymous>)\n'[39m +
    [32m'    at ScrollAreaViewport (file:///home/ewrdad/portfolio/sbom-viewer/sbom-json-viewer/node_modules/@base-ui/react/esm/scroll-area/viewport/ScrollAreaViewport.js:65:5)\n'[39m +
    [32m'    at div (<anonymous>)\n'[39m +
    [32m'    at ScrollAreaRoot (file:///home/ewrdad/portfolio/sbom-viewer/sbom-json-viewer/node_modules/@base-ui/react/esm/scroll-area/root/ScrollAreaRoot.js:45:5)\n'[39m +
    [32m'    at ScrollArea (/home/ewrdad/portfolio/sbom-viewer/sbom-json-viewer/src/components/ui/scroll-area.tsx:10:3)\n'[39m +
    [32m'    at div (<anonymous>)\n'[39m +
    [32m'    at ErrorBoundary (/home/ewrdad/portfolio/sbom-viewer/sbom-json-viewer/src/components/common/ErrorBoundary.tsx:7:1)\n'[39m +
    [32m'    at div (<anonymous>)\n'[39m +
    [32m'    at div (<anonymous>)\n'[39m +
    [32m'    at div (<anonymous>)\n'[39m +
    [32m'    at qe (/home/ewrdad/portfolio/sbom-viewer/sbom-json-viewer/node_modules/react-resizable-panels/dist/react-resizable-panels.cjs:1:29419)\n'[39m +
    [32m'    at ResizablePanel (/home/ewrdad/portfolio/sbom-viewer/sbom-json-viewer/src/components/ui/resizable.tsx:36:30)\n'[39m +
    [32m'    at div (<anonymous>)\n'[39m +
    [32m'    at Ke (/home/ewrdad/portfolio/sbom-viewer/sbom-json-viewer/node_modules/react-resizable-panels/dist/react-resizable-panels.cjs:1:25129)\n'[39m +
    [32m'    at ResizablePanelGroup (/home/ewrdad/portfolio/sbom-viewer/sbom-json-viewer/src/components/ui/resizable.tsx:11:3)\n'[39m +
    [32m'    at VulnerabilitiesView (/home/ewrdad/portfolio/sbom-viewer/sbom-json-viewer/src/components/views/VulnerabilitiesView.tsx:61:32)\n'[39m +
    [32m'    at SettingsProvider (/home/ewrdad/portfolio/sbom-viewer/sbom-json-viewer/src/context/SettingsContext.tsx:38:29)'[39m
}

[90mstdout[2m | src/components/views/VulnerabilitiesView.test.tsx[2m > [22m[2mVulnerabilitiesView[2m > [22m[2mshould render all extended vulnerability fields
[22m[39m[VulnerabilitiesView] displayStats: {
  totalComponents: [33m100[39m,
  vulnerabilityCounts: { critical: [33m5[39m, high: [33m10[39m, medium: [33m20[39m, low: [33m15[39m, none: [33m50[39m },
  licenseCounts: {},
  topLicenses: [],
  licenseDistribution: {
    permissive: [33m0[39m,
    copyleft: [33m0[39m,
    weakCopyleft: [33m0[39m,
    proprietary: [33m0[39m,
    unknown: [33m0[39m
  },
  vulnerableComponents: [],
  allVulnerableComponents: [
    {
      name: [32m'lodash'[39m,
      version: [32m'4.17.20'[39m,
      ref: [32m'ref-lodash'[39m,
      critical: [33m2[39m,
      high: [33m3[39m,
      medium: [33m1[39m,
      low: [33m0[39m,
      total: [33m6[39m
    },
    {
      name: [32m'express'[39m,
      version: [32m'4.17.1'[39m,
      ref: [32m'ref-express'[39m,
      critical: [33m1[39m,
      high: [33m2[39m,
      medium: [33m0[39m,
      low: [33m1[39m,
      total: [33m4[39m
    },
    {
      name: [32m'axios'[39m,
      version: [32m'0.21.0'[39m,
      ref: [32m'ref-axios'[39m,
      critical: [33m0[39m,
      high: [33m1[39m,
      medium: [33m2[39m,
      low: [33m0[39m,
      total: [33m3[39m
    }
  ],
  totalVulnerabilities: [33m50[39m,
  allVulnerabilities: [
    {
      id: [32m'CVE-EXTENDED'[39m,
      severity: [32m'critical'[39m,
      affectedCount: [33m1[39m,
      affectedComponentRefs: [36m[Array][39m,
      title: [32m'Extended Title'[39m,
      description: [32m'Extended Description'[39m,
      recommendation: [32m'Fix it'[39m,
      workaround: [32m'Do this instead'[39m,
      credits: [36m[Object][39m,
      tools: [36m[Array][39m,
      properties: [36m[Array][39m,
      cwes: [36m[Array][39m,
      affects: [36m[Array][39m,
      ratings: [36m[Array][39m
    }
  ],
  allLicenses: [],
  allLicenseComponents: [],
  uniqueVulnerabilityCount: [33m3[39m,
  avgVulnerabilitiesPerComponent: [33m0.5[39m,
  dependencyStats: { direct: [33m30[39m, transitive: [33m70[39m },
  dependentsDistribution: { [32m'0'[39m: [33m30[39m, [32m'1'[39m: [33m40[39m, [32m'5'[39m: [33m30[39m },
  vulnerabilityImpactDistribution: { [32m'0'[39m: [33m10[39m, [32m'1'[39m: [33m20[39m, [32m'5'[39m: [33m20[39m },
  cweCounts: { [32m'CWE-123'[39m: [33m1[39m },
  sourceCounts: { NVD: [33m1[39m }
}
[VulnerabilitiesView] displayStats: {
  totalComponents: [33m100[39m,
  vulnerabilityCounts: { critical: [33m5[39m, high: [33m10[39m, medium: [33m20[39m, low: [33m15[39m, none: [33m50[39m },
  licenseCounts: {},
  topLicenses: [],
  licenseDistribution: {
    permissive: [33m0[39m,
    copyleft: [33m0[39m,
    weakCopyleft: [33m0[39m,
    proprietary: [33m0[39m,
    unknown: [33m0[39m
  },
  vulnerableComponents: [],
  allVulnerableComponents: [
    {
      name: [32m'lodash'[39m,
      version: [32m'4.17.20'[39m,
      ref: [32m'ref-lodash'[39m,
      critical: [33m2[39m,
      high: [33m3[39m,
      medium: [33m1[39m,
      low: [33m0[39m,
      total: [33m6[39m
    },
    {
      name: [32m'express'[39m,
      version: [32m'4.17.1'[39m,
      ref: [32m'ref-express'[39m,
      critical: [33m1[39m,
      high: [33m2[39m,
      medium: [33m0[39m,
      low: [33m1[39m,
      total: [33m4[39m
    },
    {
      name: [32m'axios'[39m,
      version: [32m'0.21.0'[39m,
      ref: [32m'ref-axios'[39m,
      critical: [33m0[39m,
      high: [33m1[39m,
      medium: [33m2[39m,
      low: [33m0[39m,
      total: [33m3[39m
    }
  ],
  totalVulnerabilities: [33m50[39m,
  allVulnerabilities: [
    {
      id: [32m'CVE-EXTENDED'[39m,
      severity: [32m'critical'[39m,
      affectedCount: [33m1[39m,
      affectedComponentRefs: [36m[Array][39m,
      title: [32m'Extended Title'[39m,
      description: [32m'Extended Description'[39m,
      recommendation: [32m'Fix it'[39m,
      workaround: [32m'Do this instead'[39m,
      credits: [36m[Object][39m,
      tools: [36m[Array][39m,
      properties: [36m[Array][39m,
      cwes: [36m[Array][39m,
      affects: [36m[Array][39m,
      ratings: [36m[Array][39m
    }
  ],
  allLicenses: [],
  allLicenseComponents: [],
  uniqueVulnerabilityCount: [33m3[39m,
  avgVulnerabilitiesPerComponent: [33m0.5[39m,
  dependencyStats: { direct: [33m30[39m, transitive: [33m70[39m },
  dependentsDistribution: { [32m'0'[39m: [33m30[39m, [32m'1'[39m: [33m40[39m, [32m'5'[39m: [33m30[39m },
  vulnerabilityImpactDistribution: { [32m'0'[39m: [33m10[39m, [32m'1'[39m: [33m20[39m, [32m'5'[39m: [33m20[39m },
  cweCounts: { [32m'CWE-123'[39m: [33m1[39m },
  sourceCounts: { NVD: [33m1[39m }
}

 [31m×[39m src/components/views/VulnerabilitiesView.test.tsx[2m > [22mVulnerabilitiesView[2m > [22mshould render comprehensive vulnerability details when selected[33m 1164[2mms[22m[39m
[31m   → Unable to find an element with the text: Vulnerability Details. This could be because the text is broken up by multiple elements. In this case, you can provide a function for your text matcher to make your matcher more flexible.

Ignored nodes: comments, script, style
[36m<body>[31m
  [36m<div>[31m
    [36m<div[31m
      [33mclass[31m=[32m"flex w-full aria-[orientation=vertical]:flex-col h-full"[31m
      [33mdata-group[31m=[32m"true"[31m
      [33mdata-slot[31m=[32m"resizable-panel-group"[31m
      [33mdata-testid[31m=[32m"_r_13_"[31m
      [33mid[31m=[32m"_r_13_"[31m
      [33mstyle[31m=[32m"height: 100%; width: 100%; overflow: hidden; display: flex; flex-direction: row; flex-wrap: nowrap;"[31m
    [36m>[31m
      [36m<div[31m
        [33mdata-panel[31m=[32m"true"[31m
        [33mdata-slot[31m=[32m"resizable-panel"[31m
        [33mdata-testid[31m=[32m"_r_14_"[31m
        [33mid[31m=[32m"_r_14_"[31m
        [33mstyle[31m=[32m"min-height: 0; max-height: 100%; height: auto; min-width: 0; max-width: 100%; width: auto; border: 0px none none; padding: 0px; margin: 0px; display: flex; flex-basis: 0px; flex-shrink: 1; overflow: hidden; flex-grow: 50;"[31m
      [36m>[31m
        [36m<div[31m
          [33mstyle[31m=[32m"max-height: 100%; max-width: 100%; flex-grow: 1;"[31m
        [36m>[31m
          [36m<div[31m
            [33mclass[31m=[32m"relative h-full min-h-0 pr-2"[31m
            [33mdata-has-overflow-x[31m=[32m""[31m
            [33mdata-has-overflow-y[31m=[32m""[31m
            [33mdata-slot[31m=[32m"scroll-area"[31m
            [33mrole[31m=[32m"presentation"[31m
            [33mstyle[31m=[32m"position: relative; --scroll-area-corner-height: 0px; --scroll-area-corner-width: 0px;"[31m
          [36m>[31m
            [36m<div[31m
              [33mclass[31m=[32m"focus-visible:ring-ring/50 size-full rounded-[inherit] transition-[color,box-shadow] outline-none focus-visible:ring-[3px] focus-visible:outline-1 base-ui-disable-scrollbar"[31m
              [33mdata-has-overflow-x[31m=[32m""[31m
              [33mdata-has-overflow-y[31m=[32m""[31m
              [33mdata-id[31m=[32m"base-ui-_r_15_-viewport"[31m
              [33mdata-slot[31m=[32m"scroll-area-viewport"[31m
              [33mrole[31m=[32m"presentation"[31m
              [33mstyle[31m=[32m"overflow: scroll;"[31m
              [33mtabindex[31m=[32m"0"[31m
            [36m>[31m
              [36m<div[31m
                [33mclass[31m=[32m"pb-6 space-y-6 animate-in fade-in duration-500"[31m
              [36m>[31m
                [36m<div[31m
                  [33mclass[31m=[32m"flex items-center gap-3"[31m
                [36m>[31m
                  [36m<svg[31m
                    [33maria-hidden[31m=[32m"true"[31m
                    [33mclass[31m=[32m"lucide lucide-shield-alert h-7 w-7 text-destructive"[31m
                    [33mfill[31m=[32m"none"[31m
                    [33mheight[31m=[32m"24"[31m
                    [33mstroke[31m=[32m"currentColor"[31m
                    [33mstroke-linecap[31m=[32m"round"[31m
                    [33mstroke-linejoin[31m=[32m"round"[31m
                    [33mstroke-width[31m=[32m"2"[31m
                    [33mviewBox[31m=[32m"0 0 24 24"[31m
                    [33mwidth[31m=[32m"24"[31m
                    [33mxmlns[31m=[32m"http://www.w3.org/2000/svg"[31m
                  [36m>[31m
                    [36m<path[31m
                      [33md[31m=[32m"M20 13c0 5-3.5 7.5-7.66 8.95a1 1 0 0 1-.67-.01C7.5 20.5 4 18 4 13V6a1 1 0 0 1 1-1c2 0 4.5-1.2 6.24-2.72a1.17 1.17 0 0 1 1.52 0C14.51 3.81 17 5 19 5a1 1 0 0 1 1 1z"[31m
                    [36m/>[31m
                    [36m<path[31m
                      [33md[31m=[32m"M12 8v4"[31m
                    [36m/>[31m
                    [36m<path[31m
                      [33md[31m=[32m"M12 16h.01"[31m
                    [36m/>[31m
                  [36m</svg>[31m
                  [36m<h2[31m
                    [33mclass[31m=[32m"text-3xl font-bold tracking-tight"[31m
                  [36m>[31m
                    [0mVulnerabilities[0m
                  [36m</h2>[31m
                [36m</div>[31m
                [36m<div[31m
                  [33mclass[31m=[32m"grid gap-4 md:grid-cols-2 lg:grid-cols-6 mb-6"[31m
                [36m>[31m
                  [36m<div[31m
                    [33mclass[31m=[32m"ring-foreground/10 bg-card text-card-foreground gap-4 overflow-hidden rounded-lg py-4 text-xs/relaxed ring-1 has-[>img:first-child]:pt-0 data-[size=sm]:gap-3 data-[size=sm]:py-3 *:[img:first-child]:rounded-t-lg *:[img:last-child]:rounded-b-lg group/card flex flex-col border-l-4 border-l-destructive/60"[31m
                    [33mdata-size[31m=[32m"default"[31m
                    [33mdata-slot[31m=[32m"card"[31m
                  [36m>[31m
                    [36m<div[31m
                      [33mclass[31m=[32m"gap-1 rounded-t-lg px-4 group-data-[size=sm]/card:px-3 [.border-b]:pb-4 group-data-[size=sm]/card:[.border-b]:pb-3 group/card-header @container/card-header auto-rows-min has-data-[slot=card-action]:grid-cols-[1fr_auto] has-data-[slot=card-description]:grid-rows-[auto_auto] flex flex-row items-center justify-between space-y-0 pb-2"[31m
                      [33mdata-slot[31m=[32m"card-header"[31m
                    [36m>[31m
                      [36m<div[31m
                        [33mclass[31m=[32m"text-sm font-medium"[31m
                        [33mdata-slot[31m=[32m"card-title"[31m
                      [36m>[31m
                        [0mTotal Findings[0m
                      [36m</div>[31m
                      [36m<svg[31m
                        [33maria-hidden[31m=[32m"true"[31m
                        [33mclass[31m=[32m"lucide lucide-shield-alert h-4 w-4 text-destructive"[31m
                        [33mfill[31m=[32m"none"[31m
                        [33mheight[31m=[32m"24"[31m
                        [33mstroke[31m=[32m"currentColor"[31m
                        [33mstroke-linecap[31m=[32m"round"[31m
                        [33mstroke-linejoin[31m=[32m"round"[31m
                        [33mstroke-width[31m=[32m"2"[31m
                        [33mviewBox[31m=[32m"0 0 24 24"[31m
                        [33mwidth[31m=[32m"24"[31m
                        [33mxmlns[31m=[32m"http://www.w3.org/2000/svg"[31m
                      [36m>[31m
                        [36m<path[31m
                          [33md[31m=[32m"M20 13c0 5-3.5 7.5-7.66 8.95a1 1 0 0 1-.67-.01C7.5 20.5 4 18 4 13V6a1 1 0 0 1 1-1c2 0 4.5-1.2 6.24-2.72a1.17 1.17 0 0 1 1.52 0C14.51 3.81 17 5 19 5a1 1 0 0 1 1 1z"[31m
                        [36m/>[31m
                        [36m<path[31m
                          [33md[31m=[32m"M12 8v4"[31m
                        [36m/>[31m
                        [36m<path[31m
                          [33md[31m=[32m"M12 16h.01"[31m
                        [36m/>[31m
                      [36m</svg>[31m
       ...

Ignored nodes: comments, script, style
[36m<body>[31m
  [36m<div>[31m
    [36m<div[31m
      [33mclass[31m=[32m"flex w-full aria-[orientation=vertical]:flex-col h-full"[31m
      [33mdata-group[31m=[32m"true"[31m
      [33mdata-slot[31m=[32m"resizable-panel-group"[31m
      [33mdata-testid[31m=[32m"_r_13_"[31m
      [33mid[31m=[32m"_r_13_"[31m
      [33mstyle[31m=[32m"height: 100%; width: 100%; overflow: hidden; display: flex; flex-direction: row; flex-wrap: nowrap;"[31m
    [36m>[31m
      [36m<div[31m
        [33mdata-panel[31m=[32m"true"[31m
        [33mdata-slot[31m=[32m"resizable-panel"[31m
        [33mdata-testid[31m=[32m"_r_14_"[31m
        [33mid[31m=[32m"_r_14_"[31m
        [33mstyle[31m=[32m"min-height: 0; max-height: 100%; height: auto; min-width: 0; max-width: 100%; width: auto; border: 0px none none; padding: 0px; margin: 0px; display: flex; flex-basis: 0px; flex-shrink: 1; overflow: hidden; flex-grow: 50;"[31m
      [36m>[31m
        [36m<div[31m
          [33mstyle[31m=[32m"max-height: 100%; max-width: 100%; flex-grow: 1;"[31m
        [36m>[31m
          [36m<div[31m
            [33mclass[31m=[32m"relative h-full min-h-0 pr-2"[31m
            [33mdata-has-overflow-x[31m=[32m""[31m
            [33mdata-has-overflow-y[31m=[32m""[31m
            [33mdata-slot[31m=[32m"scroll-area"[31m
            [33mrole[31m=[32m"presentation"[31m
            [33mstyle[31m=[32m"position: relative; --scroll-area-corner-height: 0px; --scroll-area-corner-width: 0px;"[31m
          [36m>[31m
            [36m<div[31m
              [33mclass[31m=[32m"focus-visible:ring-ring/50 size-full rounded-[inherit] transition-[color,box-shadow] outline-none focus-visible:ring-[3px] focus-visible:outline-1 base-ui-disable-scrollbar"[31m
              [33mdata-has-overflow-x[31m=[32m""[31m
              [33mdata-has-overflow-y[31m=[32m""[31m
              [33mdata-id[31m=[32m"base-ui-_r_15_-viewport"[31m
              [33mdata-slot[31m=[32m"scroll-area-viewport"[31m
              [33mrole[31m=[32m"presentation"[31m
              [33mstyle[31m=[32m"overflow: scroll;"[31m
              [33mtabindex[31m=[32m"0"[31m
            [36m>[31m
              [36m<div[31m
                [33mclass[31m=[32m"pb-6 space-y-6 animate-in fade-in duration-500"[31m
              [36m>[31m
                [36m<div[31m
                  [33mclass[31m=[32m"flex items-center gap-3"[31m
                [36m>[31m
                  [36m<svg[31m
                    [33maria-hidden[31m=[32m"true"[31m
                    [33mclass[31m=[32m"lucide lucide-shield-alert h-7 w-7 text-destructive"[31m
                    [33mfill[31m=[32m"none"[31m
                    [33mheight[31m=[32m"24"[31m
                    [33mstroke[31m=[32m"currentColor"[31m
                    [33mstroke-linecap[31m=[32m"round"[31m
                    [33mstroke-linejoin[31m=[32m"round"[31m
                    [33mstroke-width[31m=[32m"2"[31m
                    [33mviewBox[31m=[32m"0 0 24 24"[31m
                    [33mwidth[31m=[32m"24"[31m
                    [33mxmlns[31m=[32m"http://www.w3.org/2000/svg"[31m
                  [36m>[31m
                    [36m<path[31m
                      [33md[31m=[32m"M20 13c0 5-3.5 7.5-7.66 8.95a1 1 0 0 1-.67-.01C7.5 20.5 4 18 4 13V6a1 1 0 0 1 1-1c2 0 4.5-1.2 6.24-2.72a1.17 1.17 0 0 1 1.52 0C14.51 3.81 17 5 19 5a1 1 0 0 1 1 1z"[31m
                    [36m/>[31m
                    [36m<path[31m
                      [33md[31m=[32m"M12 8v4"[31m
                    [36m/>[31m
                    [36m<path[31m
                      [33md[31m=[32m"M12 16h.01"[31m
                    [36m/>[31m
                  [36m</svg>[31m
                  [36m<h2[31m
                    [33mclass[31m=[32m"text-3xl font-bold tracking-tight"[31m
                  [36m>[31m
                    [0mVulnerabilities[0m
                  [36m</h2>[31m
                [36m</div>[31m
                [36m<div[31m
                  [33mclass[31m=[32m"grid gap-4 md:grid-cols-2 lg:grid-cols-6 mb-6"[31m
                [36m>[31m
                  [36m<div[31m
                    [33mclass[31m=[32m"ring-foreground/10 bg-card text-card-foreground gap-4 overflow-hidden rounded-lg py-4 text-xs/relaxed ring-1 has-[>img:first-child]:pt-0 data-[size=sm]:gap-3 data-[size=sm]:py-3 *:[img:first-child]:rounded-t-lg *:[img:last-child]:rounded-b-lg group/card flex flex-col border-l-4 border-l-destructive/60"[31m
                    [33mdata-size[31m=[32m"default"[31m
                    [33mdata-slot[31m=[32m"card"[31m
                  [36m>[31m
                    [36m<div[31m
                      [33mclass[31m=[32m"gap-1 rounded-t-lg px-4 group-data-[size=sm]/card:px-3 [.border-b]:pb-4 group-data-[size=sm]/card:[.border-b]:pb-3 group/card-header @container/card-header auto-rows-min has-data-[slot=card-action]:grid-cols-[1fr_auto] has-data-[slot=card-description]:grid-rows-[auto_auto] flex flex-row items-center justify-between space-y-0 pb-2"[31m
                      [33mdata-slot[31m=[32m"card-header"[31m
                    [36m>[31m
                      [36m<div[31m
                        [33mclass[31m=[32m"text-sm font-medium"[31m
                        [33mdata-slot[31m=[32m"card-title"[31m
                      [36m>[31m
                        [0mTotal Findings[0m
                      [36m</div>[31m
                      [36m<svg[31m
                        [33maria-hidden[31m=[32m"true"[31m
                        [33mclass[31m=[32m"lucide lucide-shield-alert h-4 w-4 text-destructive"[31m
                        [33mfill[31m=[32m"none"[31m
                        [33mheight[31m=[32m"24"[31m
                        [33mstroke[31m=[32m"currentColor"[31m
                        [33mstroke-linecap[31m=[32m"round"[31m
                        [33mstroke-linejoin[31m=[32m"round"[31m
                        [33mstroke-width[31m=[32m"2"[31m
                        [33mviewBox[31m=[32m"0 0 24 24"[31m
                        [33mwidth[31m=[32m"24"[31m
                        [33mxmlns[31m=[32m"http://www.w3.org/2000/svg"[31m
                      [36m>[31m
                        [36m<path[31m
                          [33md[31m=[32m"M20 13c0 5-3.5 7.5-7.66 8.95a1 1 0 0 1-.67-.01C7.5 20.5 4 18 4 13V6a1 1 0 0 1 1-1c2 0 4.5-1.2 6.24-2.72a1.17 1.17 0 0 1 1.52 0C14.51 3.81 17 5 19 5a1 1 0 0 1 1 1z"[31m
                        [36m/>[31m
                        [36m<path[31m
                          [33md[31m=[32m"M12 8v4"[31m
                        [36m/>[31m
                        [36m<path[31m
                          [33md[31m=[32m"M12 16h.01"[31m
                        [36m/>[31m
                      [36m</svg>[31m
       ...[39m
[90mstdout[2m | src/components/views/VulnerabilitiesView.test.tsx[2m > [22m[2mVulnerabilitiesView[2m > [22m[2mshould filter by severity when clicking KPI cards
[22m[39m[VulnerabilitiesView] displayStats: {
  totalComponents: [33m100[39m,
  vulnerabilityCounts: { critical: [33m5[39m, high: [33m10[39m, medium: [33m20[39m, low: [33m15[39m, none: [33m50[39m },
  licenseCounts: {},
  topLicenses: [],
  licenseDistribution: {
    permissive: [33m0[39m,
    copyleft: [33m0[39m,
    weakCopyleft: [33m0[39m,
    proprietary: [33m0[39m,
    unknown: [33m0[39m
  },
  vulnerableComponents: [],
  allVulnerableComponents: [
    {
      name: [32m'lodash'[39m,
      version: [32m'4.17.20'[39m,
      ref: [32m'ref-lodash'[39m,
      critical: [33m2[39m,
      high: [33m3[39m,
      medium: [33m1[39m,
      low: [33m0[39m,
      total: [33m6[39m
    },
    {
      name: [32m'express'[39m,
      version: [32m'4.17.1'[39m,
      ref: [32m'ref-express'[39m,
      critical: [33m1[39m,
      high: [33m2[39m,
      medium: [33m0[39m,
      low: [33m1[39m,
      total: [33m4[39m
    },
    {
      name: [32m'axios'[39m,
      version: [32m'0.21.0'[39m,
      ref: [32m'ref-axios'[39m,
      critical: [33m0[39m,
      high: [33m1[39m,
      medium: [33m2[39m,
      low: [33m0[39m,
      total: [33m3[39m
    }
  ],
  totalVulnerabilities: [33m50[39m,
  allVulnerabilities: [
    {
      id: [32m'CVE-2024-001'[39m,
      severity: [32m'critical'[39m,
      affectedCount: [33m10[39m,
      title: [32m'Critical Vuln'[39m,
      affectedComponentRefs: [36m[Array][39m
    },
    {
      id: [32m'CVE-2024-002'[39m,
      severity: [32m'high'[39m,
      affectedCount: [33m5[39m,
      title: [32m'High Vuln'[39m,
      affectedComponentRefs: [36m[Array][39m
    },
    {
      id: [32m'GHSA-xxx'[39m,
      severity: [32m'medium'[39m,
      affectedCount: [33m2[39m,
      title: [32m'Medium Vuln'[39m,
      affectedComponentRefs: [36m[Array][39m
    }
  ],
  allLicenses: [],
  allLicenseComponents: [],
  uniqueVulnerabilityCount: [33m3[39m,
  avgVulnerabilitiesPerComponent: [33m0.5[39m,
  dependencyStats: { direct: [33m30[39m, transitive: [33m70[39m },
  dependentsDistribution: { [32m'0'[39m: [33m30[39m, [32m'1'[39m: [33m40[39m, [32m'5'[39m: [33m30[39m },
  vulnerabilityImpactDistribution: { [32m'0'[39m: [33m10[39m, [32m'1'[39m: [33m20[39m, [32m'5'[39m: [33m20[39m },
  cweCounts: { [32m'CWE-123'[39m: [33m1[39m },
  sourceCounts: { NVD: [33m1[39m }
}
[VulnerabilitiesView] displayStats: {
  totalComponents: [33m100[39m,
  vulnerabilityCounts: { critical: [33m5[39m, high: [33m10[39m, medium: [33m20[39m, low: [33m15[39m, none: [33m50[39m },
  licenseCounts: {},
  topLicenses: [],
  licenseDistribution: {
    permissive: [33m0[39m,
    copyleft: [33m0[39m,
    weakCopyleft: [33m0[39m,
    proprietary: [33m0[39m,
    unknown: [33m0[39m
  },
  vulnerableComponents: [],
  allVulnerableComponents: [
    {
      name: [32m'lodash'[39m,
      version: [32m'4.17.20'[39m,
      ref: [32m'ref-lodash'[39m,
      critical: [33m2[39m,
      high: [33m3[39m,
      medium: [33m1[39m,
      low: [33m0[39m,
      total: [33m6[39m
    },
    {
      name: [32m'express'[39m,
      version: [32m'4.17.1'[39m,
      ref: [32m'ref-express'[39m,
      critical: [33m1[39m,
      high: [33m2[39m,
      medium: [33m0[39m,
      low: [33m1[39m,
      total: [33m4[39m
    },
    {
      name: [32m'axios'[39m,
      version: [32m'0.21.0'[39m,
      ref: [32m'ref-axios'[39m,
      critical: [33m0[39m,
      high: [33m1[39m,
      medium: [33m2[39m,
      low: [33m0[39m,
      total: [33m3[39m
    }
  ],
  totalVulnerabilities: [33m50[39m,
  allVulnerabilities: [
    {
      id: [32m'CVE-2024-001'[39m,
      severity: [32m'critical'[39m,
      affectedCount: [33m10[39m,
      title: [32m'Critical Vuln'[39m,
      affectedComponentRefs: [36m[Array][39m
    },
    {
      id: [32m'CVE-2024-002'[39m,
      severity: [32m'high'[39m,
      affectedCount: [33m5[39m,
      title: [32m'High Vuln'[39m,
      affectedComponentRefs: [36m[Array][39m
    },
    {
      id: [32m'GHSA-xxx'[39m,
      severity: [32m'medium'[39m,
      affectedCount: [33m2[39m,
      title: [32m'Medium Vuln'[39m,
      affectedComponentRefs: [36m[Array][39m
    }
  ],
  allLicenses: [],
  allLicenseComponents: [],
  uniqueVulnerabilityCount: [33m3[39m,
  avgVulnerabilitiesPerComponent: [33m0.5[39m,
  dependencyStats: { direct: [33m30[39m, transitive: [33m70[39m },
  dependentsDistribution: { [32m'0'[39m: [33m30[39m, [32m'1'[39m: [33m40[39m, [32m'5'[39m: [33m30[39m },
  vulnerabilityImpactDistribution: { [32m'0'[39m: [33m10[39m, [32m'1'[39m: [33m20[39m, [32m'5'[39m: [33m20[39m },
  cweCounts: { [32m'CWE-123'[39m: [33m1[39m },
  sourceCounts: { NVD: [33m1[39m }
}
[VulnerabilitiesView] displayStats: {
  totalComponents: [33m100[39m,
  vulnerabilityCounts: { critical: [33m5[39m, high: [33m10[39m, medium: [33m20[39m, low: [33m15[39m, none: [33m50[39m },
  licenseCounts: {},
  topLicenses: [],
  licenseDistribution: {
    permissive: [33m0[39m,
    copyleft: [33m0[39m,
    weakCopyleft: [33m0[39m,
    proprietary: [33m0[39m,
    unknown: [33m0[39m
  },
  vulnerableComponents: [],
  allVulnerableComponents: [
    {
      name: [32m'lodash'[39m,
      version: [32m'4.17.20'[39m,
      ref: [32m'ref-lodash'[39m,
      critical: [33m2[39m,
      high: [33m3[39m,
      medium: [33m1[39m,
      low: [33m0[39m,
      total: [33m6[39m
    },
    {
      name: [32m'express'[39m,
      version: [32m'4.17.1'[39m,
      ref: [32m'ref-express'[39m,
      critical: [33m1[39m,
      high: [33m2[39m,
      medium: [33m0[39m,
      low: [33m1[39m,
      total: [33m4[39m
    },
    {
      name: [32m'axios'[39m,
      version: [32m'0.21.0'[39m,
      ref: [32m'ref-axios'[39m,
      critical: [33m0[39m,
      high: [33m1[39m,
      medium: [33m2[39m,
      low: [33m0[39m,
      total: [33m3[39m
    }
  ],
  totalVulnerabilities: [33m50[39m,
  allVulnerabilities: [
    {
      id: [32m'CVE-2024-001'[39m,
      severity: [32m'critical'[39m,
      affectedCount: [33m10[39m,
      title: [32m'Critical Vuln'[39m,
      affectedComponentRefs: [36m[Array][39m
    },
    {
      id: [32m'CVE-2024-002'[39m,
      severity: [32m'high'[39m,
      affectedCount: [33m5[39m,
      title: [32m'High Vuln'[39m,
      affectedComponentRefs: [36m[Array][39m
    },
    {
      id: [32m'GHSA-xxx'[39m,
      severity: [32m'medium'[39m,
      affectedCount: [33m2[39m,
      title: [32m'Medium Vuln'[39m,
      affectedComponentRefs: [36m[Array][39m
    }
  ],
  allLicenses: [],
  allLicenseComponents: [],
  uniqueVulnerabilityCount: [33m3[39m,
  avgVulnerabilitiesPerComponent: [33m0.5[39m,
  dependencyStats: { direct: [33m30[39m, transitive: [33m70[39m },
  dependentsDistribution: { [32m'0'[39m: [33m30[39m, [32m'1'[39m: [33m40[39m, [32m'5'[39m: [33m30[39m },
  vulnerabilityImpactDistribution: { [32m'0'[39m: [33m10[39m, [32m'1'[39m: [33m20[39m, [32m'5'[39m: [33m20[39m },
  cweCounts: { [32m'CWE-123'[39m: [33m1[39m },
  sourceCounts: { NVD: [33m1[39m }
}
[VulnerabilitiesView] displayStats: {
  totalComponents: [33m100[39m,
  vulnerabilityCounts: { critical: [33m5[39m, high: [33m10[39m, medium: [33m20[39m, low: [33m15[39m, none: [33m50[39m },
  licenseCounts: {},
  topLicenses: [],
  licenseDistribution: {
    permissive: [33m0[39m,
    copyleft: [33m0[39m,
    weakCopyleft: [33m0[39m,
    proprietary: [33m0[39m,
    unknown: [33m0[39m
  },
  vulnerableComponents: [],
  allVulnerableComponents: [
    {
      name: [32m'lodash'[39m,
      version: [32m'4.17.20'[39m,
      ref: [32m'ref-lodash'[39m,
      critical: [33m2[39m,
      high: [33m3[39m,
      medium: [33m1[39m,
      low: [33m0[39m,
      total: [33m6[39m
    },
    {
      name: [32m'express'[39m,
      version: [32m'4.17.1'[39m,
      ref: [32m'ref-express'[39m,
      critical: [33m1[39m,
      high: [33m2[39m,
      medium: [33m0[39m,
      low: [33m1[39m,
      total: [33m4[39m
    },
    {
      name: [32m'axios'[39m,
      version: [32m'0.21.0'[39m,
      ref: [32m'ref-axios'[39m,
      critical: [33m0[39m,
      high: [33m1[39m,
      medium: [33m2[39m,
      low: [33m0[39m,
      total: [33m3[39m
    }
  ],
  totalVulnerabilities: [33m50[39m,
  allVulnerabilities: [
    {
      id: [32m'CVE-2024-001'[39m,
      severity: [32m'critical'[39m,
      affectedCount: [33m10[39m,
      title: [32m'Critical Vuln'[39m,
      affectedComponentRefs: [36m[Array][39m
    },
    {
      id: [32m'CVE-2024-002'[39m,
      severity: [32m'high'[39m,
      affectedCount: [33m5[39m,
      title: [32m'High Vuln'[39m,
      affectedComponentRefs: [36m[Array][39m
    },
    {
      id: [32m'GHSA-xxx'[39m,
      severity: [32m'medium'[39m,
      affectedCount: [33m2[39m,
      title: [32m'Medium Vuln'[39m,
      affectedComponentRefs: [36m[Array][39m
    }
  ],
  allLicenses: [],
  allLicenseComponents: [],
  uniqueVulnerabilityCount: [33m3[39m,
  avgVulnerabilitiesPerComponent: [33m0.5[39m,
  dependencyStats: { direct: [33m30[39m, transitive: [33m70[39m },
  dependentsDistribution: { [32m'0'[39m: [33m30[39m, [32m'1'[39m: [33m40[39m, [32m'5'[39m: [33m30[39m },
  vulnerabilityImpactDistribution: { [32m'0'[39m: [33m10[39m, [32m'1'[39m: [33m20[39m, [32m'5'[39m: [33m20[39m },
  cweCounts: { [32m'CWE-123'[39m: [33m1[39m },
  sourceCounts: { NVD: [33m1[39m }
}

[90mstderr[2m | src/components/views/VulnerabilitiesView.test.tsx[2m > [22m[2mVulnerabilitiesView[2m > [22m[2mshould filter by severity when clicking KPI cards
[22m[39mAn update to VulnerabilitiesView inside a test was not wrapped in act(...).

When testing, code that causes React state updates should be wrapped into act(...):

act(() => {
  /* fire events that update state */
});
/* assert on the output */

This ensures that you're testing the behavior the user would see in the browser. Learn more at https://react.dev/link/wrap-tests-with-act
An update to VulnerabilitiesView inside a test was not wrapped in act(...).

When testing, code that causes React state updates should be wrapped into act(...):

act(() => {
  /* fire events that update state */
});
/* assert on the output */

This ensures that you're testing the behavior the user would see in the browser. Learn more at https://react.dev/link/wrap-tests-with-act

[90mstdout[2m | src/components/views/VulnerabilitiesView.test.tsx[2m > [22m[2mVulnerabilitiesView[2m > [22m[2mshould filter by severity when selecting from dropdown
[22m[39m[VulnerabilitiesView] displayStats: {
  totalComponents: [33m100[39m,
  vulnerabilityCounts: { critical: [33m5[39m, high: [33m10[39m, medium: [33m20[39m, low: [33m15[39m, none: [33m50[39m },
  licenseCounts: {},
  topLicenses: [],
  licenseDistribution: {
    permissive: [33m0[39m,
    copyleft: [33m0[39m,
    weakCopyleft: [33m0[39m,
    proprietary: [33m0[39m,
    unknown: [33m0[39m
  },
  vulnerableComponents: [],
  allVulnerableComponents: [
    {
      name: [32m'lodash'[39m,
      version: [32m'4.17.20'[39m,
      ref: [32m'ref-lodash'[39m,
      critical: [33m2[39m,
      high: [33m3[39m,
      medium: [33m1[39m,
      low: [33m0[39m,
      total: [33m6[39m
    },
    {
      name: [32m'express'[39m,
      version: [32m'4.17.1'[39m,
      ref: [32m'ref-express'[39m,
      critical: [33m1[39m,
      high: [33m2[39m,
      medium: [33m0[39m,
      low: [33m1[39m,
      total: [33m4[39m
    },
    {
      name: [32m'axios'[39m,
      version: [32m'0.21.0'[39m,
      ref: [32m'ref-axios'[39m,
      critical: [33m0[39m,
      high: [33m1[39m,
      medium: [33m2[39m,
      low: [33m0[39m,
      total: [33m3[39m
    }
  ],
  totalVulnerabilities: [33m50[39m,
  allVulnerabilities: [
    {
      id: [32m'CVE-2024-001'[39m,
      severity: [32m'critical'[39m,
      affectedCount: [33m10[39m,
      title: [32m'Critical Vuln'[39m,
      affectedComponentRefs: [36m[Array][39m
    },
    {
      id: [32m'CVE-2024-002'[39m,
      severity: [32m'high'[39m,
      affectedCount: [33m5[39m,
      title: [32m'High Vuln'[39m,
      affectedComponentRefs: [36m[Array][39m
    },
    {
      id: [32m'GHSA-xxx'[39m,
      severity: [32m'medium'[39m,
      affectedCount: [33m2[39m,
      title: [32m'Medium Vuln'[39m,
      affectedComponentRefs: [36m[Array][39m
    }
  ],
  allLicenses: [],
  allLicenseComponents: [],
  uniqueVulnerabilityCount: [33m3[39m,
  avgVulnerabilitiesPerComponent: [33m0.5[39m,
  dependencyStats: { direct: [33m30[39m, transitive: [33m70[39m },
  dependentsDistribution: { [32m'0'[39m: [33m30[39m, [32m'1'[39m: [33m40[39m, [32m'5'[39m: [33m30[39m },
  vulnerabilityImpactDistribution: { [32m'0'[39m: [33m10[39m, [32m'1'[39m: [33m20[39m, [32m'5'[39m: [33m20[39m },
  cweCounts: { [32m'CWE-123'[39m: [33m1[39m },
  sourceCounts: { NVD: [33m1[39m }
}
[VulnerabilitiesView] displayStats: {
  totalComponents: [33m100[39m,
  vulnerabilityCounts: { critical: [33m5[39m, high: [33m10[39m, medium: [33m20[39m, low: [33m15[39m, none: [33m50[39m },
  licenseCounts: {},
  topLicenses: [],
  licenseDistribution: {
    permissive: [33m0[39m,
    copyleft: [33m0[39m,
    weakCopyleft: [33m0[39m,
    proprietary: [33m0[39m,
    unknown: [33m0[39m
  },
  vulnerableComponents: [],
  allVulnerableComponents: [
    {
      name: [32m'lodash'[39m,
      version: [32m'4.17.20'[39m,
      ref: [32m'ref-lodash'[39m,
      critical: [33m2[39m,
      high: [33m3[39m,
      medium: [33m1[39m,
      low: [33m0[39m,
      total: [33m6[39m
    },
    {
      name: [32m'express'[39m,
      version: [32m'4.17.1'[39m,
      ref: [32m'ref-express'[39m,
      critical: [33m1[39m,
      high: [33m2[39m,
      medium: [33m0[39m,
      low: [33m1[39m,
      total: [33m4[39m
    },
    {
      name: [32m'axios'[39m,
      version: [32m'0.21.0'[39m,
      ref: [32m'ref-axios'[39m,
      critical: [33m0[39m,
      high: [33m1[39m,
      medium: [33m2[39m,
      low: [33m0[39m,
      total: [33m3[39m
    }
  ],
  totalVulnerabilities: [33m50[39m,
  allVulnerabilities: [
    {
      id: [32m'CVE-2024-001'[39m,
      severity: [32m'critical'[39m,
      affectedCount: [33m10[39m,
      title: [32m'Critical Vuln'[39m,
      affectedComponentRefs: [36m[Array][39m
    },
    {
      id: [32m'CVE-2024-002'[39m,
      severity: [32m'high'[39m,
      affectedCount: [33m5[39m,
      title: [32m'High Vuln'[39m,
      affectedComponentRefs: [36m[Array][39m
    },
    {
      id: [32m'GHSA-xxx'[39m,
      severity: [32m'medium'[39m,
      affectedCount: [33m2[39m,
      title: [32m'Medium Vuln'[39m,
      affectedComponentRefs: [36m[Array][39m
    }
  ],
  allLicenses: [],
  allLicenseComponents: [],
  uniqueVulnerabilityCount: [33m3[39m,
  avgVulnerabilitiesPerComponent: [33m0.5[39m,
  dependencyStats: { direct: [33m30[39m, transitive: [33m70[39m },
  dependentsDistribution: { [32m'0'[39m: [33m30[39m, [32m'1'[39m: [33m40[39m, [32m'5'[39m: [33m30[39m },
  vulnerabilityImpactDistribution: { [32m'0'[39m: [33m10[39m, [32m'1'[39m: [33m20[39m, [32m'5'[39m: [33m20[39m },
  cweCounts: { [32m'CWE-123'[39m: [33m1[39m },
  sourceCounts: { NVD: [33m1[39m }
}

[90mstderr[2m | src/components/views/VulnerabilitiesView.test.tsx[2m > [22m[2mVulnerabilitiesView[2m > [22m[2mshould filter by severity when selecting from dropdown
[22m[39mAn update to VulnerabilitiesView inside a test was not wrapped in act(...).

When testing, code that causes React state updates should be wrapped into act(...):

act(() => {
  /* fire events that update state */
});
/* assert on the output */

This ensures that you're testing the behavior the user would see in the browser. Learn more at https://react.dev/link/wrap-tests-with-act
An update to VulnerabilitiesView inside a test was not wrapped in act(...).

When testing, code that causes React state updates should be wrapped into act(...):

act(() => {
  /* fire events that update state */
});
/* assert on the output */

This ensures that you're testing the behavior the user would see in the browser. Learn more at https://react.dev/link/wrap-tests-with-act

 [31m×[39m src/components/views/VulnerabilitiesView.test.tsx[2m > [22mVulnerabilitiesView[2m > [22mshould render all extended vulnerability fields[33m 1114[2mms[22m[39m
[31m   → Unable to find an element with the text: Vulnerability Details. This could be because the text is broken up by multiple elements. In this case, you can provide a function for your text matcher to make your matcher more flexible.

Ignored nodes: comments, script, style
[36m<body>[31m
  [36m<div>[31m
    [36m<div[31m
      [33mclass[31m=[32m"flex w-full aria-[orientation=vertical]:flex-col h-full"[31m
      [33mdata-group[31m=[32m"true"[31m
      [33mdata-slot[31m=[32m"resizable-panel-group"[31m
      [33mdata-testid[31m=[32m"_r_1l_"[31m
      [33mid[31m=[32m"_r_1l_"[31m
      [33mstyle[31m=[32m"height: 100%; width: 100%; overflow: hidden; display: flex; flex-direction: row; flex-wrap: nowrap;"[31m
    [36m>[31m
      [36m<div[31m
        [33mdata-panel[31m=[32m"true"[31m
        [33mdata-slot[31m=[32m"resizable-panel"[31m
        [33mdata-testid[31m=[32m"_r_1m_"[31m
        [33mid[31m=[32m"_r_1m_"[31m
        [33mstyle[31m=[32m"min-height: 0; max-height: 100%; height: auto; min-width: 0; max-width: 100%; width: auto; border: 0px none none; padding: 0px; margin: 0px; display: flex; flex-basis: 0px; flex-shrink: 1; overflow: hidden; flex-grow: 50;"[31m
      [36m>[31m
        [36m<div[31m
          [33mstyle[31m=[32m"max-height: 100%; max-width: 100%; flex-grow: 1;"[31m
        [36m>[31m
          [36m<div[31m
            [33mclass[31m=[32m"relative h-full min-h-0 pr-2"[31m
            [33mdata-has-overflow-x[31m=[32m""[31m
            [33mdata-has-overflow-y[31m=[32m""[31m
            [33mdata-slot[31m=[32m"scroll-area"[31m
            [33mrole[31m=[32m"presentation"[31m
            [33mstyle[31m=[32m"position: relative; --scroll-area-corner-height: 0px; --scroll-area-corner-width: 0px;"[31m
          [36m>[31m
            [36m<div[31m
              [33mclass[31m=[32m"focus-visible:ring-ring/50 size-full rounded-[inherit] transition-[color,box-shadow] outline-none focus-visible:ring-[3px] focus-visible:outline-1 base-ui-disable-scrollbar"[31m
              [33mdata-has-overflow-x[31m=[32m""[31m
              [33mdata-has-overflow-y[31m=[32m""[31m
              [33mdata-id[31m=[32m"base-ui-_r_1n_-viewport"[31m
              [33mdata-slot[31m=[32m"scroll-area-viewport"[31m
              [33mrole[31m=[32m"presentation"[31m
              [33mstyle[31m=[32m"overflow: scroll;"[31m
              [33mtabindex[31m=[32m"0"[31m
            [36m>[31m
              [36m<div[31m
                [33mclass[31m=[32m"pb-6 space-y-6 animate-in fade-in duration-500"[31m
              [36m>[31m
                [36m<div[31m
                  [33mclass[31m=[32m"flex items-center gap-3"[31m
                [36m>[31m
                  [36m<svg[31m
                    [33maria-hidden[31m=[32m"true"[31m
                    [33mclass[31m=[32m"lucide lucide-shield-alert h-7 w-7 text-destructive"[31m
                    [33mfill[31m=[32m"none"[31m
                    [33mheight[31m=[32m"24"[31m
                    [33mstroke[31m=[32m"currentColor"[31m
                    [33mstroke-linecap[31m=[32m"round"[31m
                    [33mstroke-linejoin[31m=[32m"round"[31m
                    [33mstroke-width[31m=[32m"2"[31m
                    [33mviewBox[31m=[32m"0 0 24 24"[31m
                    [33mwidth[31m=[32m"24"[31m
                    [33mxmlns[31m=[32m"http://www.w3.org/2000/svg"[31m
                  [36m>[31m
                    [36m<path[31m
                      [33md[31m=[32m"M20 13c0 5-3.5 7.5-7.66 8.95a1 1 0 0 1-.67-.01C7.5 20.5 4 18 4 13V6a1 1 0 0 1 1-1c2 0 4.5-1.2 6.24-2.72a1.17 1.17 0 0 1 1.52 0C14.51 3.81 17 5 19 5a1 1 0 0 1 1 1z"[31m
                    [36m/>[31m
                    [36m<path[31m
                      [33md[31m=[32m"M12 8v4"[31m
                    [36m/>[31m
                    [36m<path[31m
                      [33md[31m=[32m"M12 16h.01"[31m
                    [36m/>[31m
                  [36m</svg>[31m
                  [36m<h2[31m
                    [33mclass[31m=[32m"text-3xl font-bold tracking-tight"[31m
                  [36m>[31m
                    [0mVulnerabilities[0m
                  [36m</h2>[31m
                [36m</div>[31m
                [36m<div[31m
                  [33mclass[31m=[32m"grid gap-4 md:grid-cols-2 lg:grid-cols-6 mb-6"[31m
                [36m>[31m
                  [36m<div[31m
                    [33mclass[31m=[32m"ring-foreground/10 bg-card text-card-foreground gap-4 overflow-hidden rounded-lg py-4 text-xs/relaxed ring-1 has-[>img:first-child]:pt-0 data-[size=sm]:gap-3 data-[size=sm]:py-3 *:[img:first-child]:rounded-t-lg *:[img:last-child]:rounded-b-lg group/card flex flex-col border-l-4 border-l-destructive/60"[31m
                    [33mdata-size[31m=[32m"default"[31m
                    [33mdata-slot[31m=[32m"card"[31m
                  [36m>[31m
                    [36m<div[31m
                      [33mclass[31m=[32m"gap-1 rounded-t-lg px-4 group-data-[size=sm]/card:px-3 [.border-b]:pb-4 group-data-[size=sm]/card:[.border-b]:pb-3 group/card-header @container/card-header auto-rows-min has-data-[slot=card-action]:grid-cols-[1fr_auto] has-data-[slot=card-description]:grid-rows-[auto_auto] flex flex-row items-center justify-between space-y-0 pb-2"[31m
                      [33mdata-slot[31m=[32m"card-header"[31m
                    [36m>[31m
                      [36m<div[31m
                        [33mclass[31m=[32m"text-sm font-medium"[31m
                        [33mdata-slot[31m=[32m"card-title"[31m
                      [36m>[31m
                        [0mTotal Findings[0m
                      [36m</div>[31m
                      [36m<svg[31m
                        [33maria-hidden[31m=[32m"true"[31m
                        [33mclass[31m=[32m"lucide lucide-shield-alert h-4 w-4 text-destructive"[31m
                        [33mfill[31m=[32m"none"[31m
                        [33mheight[31m=[32m"24"[31m
                        [33mstroke[31m=[32m"currentColor"[31m
                        [33mstroke-linecap[31m=[32m"round"[31m
                        [33mstroke-linejoin[31m=[32m"round"[31m
                        [33mstroke-width[31m=[32m"2"[31m
                        [33mviewBox[31m=[32m"0 0 24 24"[31m
                        [33mwidth[31m=[32m"24"[31m
                        [33mxmlns[31m=[32m"http://www.w3.org/2000/svg"[31m
                      [36m>[31m
                        [36m<path[31m
                          [33md[31m=[32m"M20 13c0 5-3.5 7.5-7.66 8.95a1 1 0 0 1-.67-.01C7.5 20.5 4 18 4 13V6a1 1 0 0 1 1-1c2 0 4.5-1.2 6.24-2.72a1.17 1.17 0 0 1 1.52 0C14.51 3.81 17 5 19 5a1 1 0 0 1 1 1z"[31m
                        [36m/>[31m
                        [36m<path[31m
                          [33md[31m=[32m"M12 8v4"[31m
                        [36m/>[31m
                        [36m<path[31m
                          [33md[31m=[32m"M12 16h.01"[31m
                        [36m/>[31m
                      [36m</svg>[31m
       ...

Ignored nodes: comments, script, style
[36m<body>[31m
  [36m<div>[31m
    [36m<div[31m
      [33mclass[31m=[32m"flex w-full aria-[orientation=vertical]:flex-col h-full"[31m
      [33mdata-group[31m=[32m"true"[31m
      [33mdata-slot[31m=[32m"resizable-panel-group"[31m
      [33mdata-testid[31m=[32m"_r_1l_"[31m
      [33mid[31m=[32m"_r_1l_"[31m
      [33mstyle[31m=[32m"height: 100%; width: 100%; overflow: hidden; display: flex; flex-direction: row; flex-wrap: nowrap;"[31m
    [36m>[31m
      [36m<div[31m
        [33mdata-panel[31m=[32m"true"[31m
        [33mdata-slot[31m=[32m"resizable-panel"[31m
        [33mdata-testid[31m=[32m"_r_1m_"[31m
        [33mid[31m=[32m"_r_1m_"[31m
        [33mstyle[31m=[32m"min-height: 0; max-height: 100%; height: auto; min-width: 0; max-width: 100%; width: auto; border: 0px none none; padding: 0px; margin: 0px; display: flex; flex-basis: 0px; flex-shrink: 1; overflow: hidden; flex-grow: 50;"[31m
      [36m>[31m
        [36m<div[31m
          [33mstyle[31m=[32m"max-height: 100%; max-width: 100%; flex-grow: 1;"[31m
        [36m>[31m
          [36m<div[31m
            [33mclass[31m=[32m"relative h-full min-h-0 pr-2"[31m
            [33mdata-has-overflow-x[31m=[32m""[31m
            [33mdata-has-overflow-y[31m=[32m""[31m
            [33mdata-slot[31m=[32m"scroll-area"[31m
            [33mrole[31m=[32m"presentation"[31m
            [33mstyle[31m=[32m"position: relative; --scroll-area-corner-height: 0px; --scroll-area-corner-width: 0px;"[31m
          [36m>[31m
            [36m<div[31m
              [33mclass[31m=[32m"focus-visible:ring-ring/50 size-full rounded-[inherit] transition-[color,box-shadow] outline-none focus-visible:ring-[3px] focus-visible:outline-1 base-ui-disable-scrollbar"[31m
              [33mdata-has-overflow-x[31m=[32m""[31m
              [33mdata-has-overflow-y[31m=[32m""[31m
              [33mdata-id[31m=[32m"base-ui-_r_1n_-viewport"[31m
              [33mdata-slot[31m=[32m"scroll-area-viewport"[31m
              [33mrole[31m=[32m"presentation"[31m
              [33mstyle[31m=[32m"overflow: scroll;"[31m
              [33mtabindex[31m=[32m"0"[31m
            [36m>[31m
              [36m<div[31m
                [33mclass[31m=[32m"pb-6 space-y-6 animate-in fade-in duration-500"[31m
              [36m>[31m
                [36m<div[31m
                  [33mclass[31m=[32m"flex items-center gap-3"[31m
                [36m>[31m
                  [36m<svg[31m
                    [33maria-hidden[31m=[32m"true"[31m
                    [33mclass[31m=[32m"lucide lucide-shield-alert h-7 w-7 text-destructive"[31m
                    [33mfill[31m=[32m"none"[31m
                    [33mheight[31m=[32m"24"[31m
                    [33mstroke[31m=[32m"currentColor"[31m
                    [33mstroke-linecap[31m=[32m"round"[31m
                    [33mstroke-linejoin[31m=[32m"round"[31m
                    [33mstroke-width[31m=[32m"2"[31m
                    [33mviewBox[31m=[32m"0 0 24 24"[31m
                    [33mwidth[31m=[32m"24"[31m
                    [33mxmlns[31m=[32m"http://www.w3.org/2000/svg"[31m
                  [36m>[31m
                    [36m<path[31m
                      [33md[31m=[32m"M20 13c0 5-3.5 7.5-7.66 8.95a1 1 0 0 1-.67-.01C7.5 20.5 4 18 4 13V6a1 1 0 0 1 1-1c2 0 4.5-1.2 6.24-2.72a1.17 1.17 0 0 1 1.52 0C14.51 3.81 17 5 19 5a1 1 0 0 1 1 1z"[31m
                    [36m/>[31m
                    [36m<path[31m
                      [33md[31m=[32m"M12 8v4"[31m
                    [36m/>[31m
                    [36m<path[31m
                      [33md[31m=[32m"M12 16h.01"[31m
                    [36m/>[31m
                  [36m</svg>[31m
                  [36m<h2[31m
                    [33mclass[31m=[32m"text-3xl font-bold tracking-tight"[31m
                  [36m>[31m
                    [0mVulnerabilities[0m
                  [36m</h2>[31m
                [36m</div>[31m
                [36m<div[31m
                  [33mclass[31m=[32m"grid gap-4 md:grid-cols-2 lg:grid-cols-6 mb-6"[31m
                [36m>[31m
                  [36m<div[31m
                    [33mclass[31m=[32m"ring-foreground/10 bg-card text-card-foreground gap-4 overflow-hidden rounded-lg py-4 text-xs/relaxed ring-1 has-[>img:first-child]:pt-0 data-[size=sm]:gap-3 data-[size=sm]:py-3 *:[img:first-child]:rounded-t-lg *:[img:last-child]:rounded-b-lg group/card flex flex-col border-l-4 border-l-destructive/60"[31m
                    [33mdata-size[31m=[32m"default"[31m
                    [33mdata-slot[31m=[32m"card"[31m
                  [36m>[31m
                    [36m<div[31m
                      [33mclass[31m=[32m"gap-1 rounded-t-lg px-4 group-data-[size=sm]/card:px-3 [.border-b]:pb-4 group-data-[size=sm]/card:[.border-b]:pb-3 group/card-header @container/card-header auto-rows-min has-data-[slot=card-action]:grid-cols-[1fr_auto] has-data-[slot=card-description]:grid-rows-[auto_auto] flex flex-row items-center justify-between space-y-0 pb-2"[31m
                      [33mdata-slot[31m=[32m"card-header"[31m
                    [36m>[31m
                      [36m<div[31m
                        [33mclass[31m=[32m"text-sm font-medium"[31m
                        [33mdata-slot[31m=[32m"card-title"[31m
                      [36m>[31m
                        [0mTotal Findings[0m
                      [36m</div>[31m
                      [36m<svg[31m
                        [33maria-hidden[31m=[32m"true"[31m
                        [33mclass[31m=[32m"lucide lucide-shield-alert h-4 w-4 text-destructive"[31m
                        [33mfill[31m=[32m"none"[31m
                        [33mheight[31m=[32m"24"[31m
                        [33mstroke[31m=[32m"currentColor"[31m
                        [33mstroke-linecap[31m=[32m"round"[31m
                        [33mstroke-linejoin[31m=[32m"round"[31m
                        [33mstroke-width[31m=[32m"2"[31m
                        [33mviewBox[31m=[32m"0 0 24 24"[31m
                        [33mwidth[31m=[32m"24"[31m
                        [33mxmlns[31m=[32m"http://www.w3.org/2000/svg"[31m
                      [36m>[31m
                        [36m<path[31m
                          [33md[31m=[32m"M20 13c0 5-3.5 7.5-7.66 8.95a1 1 0 0 1-.67-.01C7.5 20.5 4 18 4 13V6a1 1 0 0 1 1-1c2 0 4.5-1.2 6.24-2.72a1.17 1.17 0 0 1 1.52 0C14.51 3.81 17 5 19 5a1 1 0 0 1 1 1z"[31m
                        [36m/>[31m
                        [36m<path[31m
                          [33md[31m=[32m"M12 8v4"[31m
                        [36m/>[31m
                        [36m<path[31m
                          [33md[31m=[32m"M12 16h.01"[31m
                        [36m/>[31m
                      [36m</svg>[31m
       ...[39m
 [32m✓[39m src/components/views/VulnerabilitiesView.test.tsx[2m > [22mVulnerabilitiesView[2m > [22mshould filter by severity when clicking KPI cards[32m 64[2mms[22m[39m
[90mstdout[2m | src/components/views/VulnerabilitiesView.test.tsx[2m > [22m[2mVulnerabilitiesView[2m > [22m[2mshould clear all filters when clicking Clear button
[22m[39m[VulnerabilitiesView] displayStats: {
  totalComponents: [33m100[39m,
  vulnerabilityCounts: { critical: [33m5[39m, high: [33m10[39m, medium: [33m20[39m, low: [33m15[39m, none: [33m50[39m },
  licenseCounts: {},
  topLicenses: [],
  licenseDistribution: {
    permissive: [33m0[39m,
    copyleft: [33m0[39m,
    weakCopyleft: [33m0[39m,
    proprietary: [33m0[39m,
    unknown: [33m0[39m
  },
  vulnerableComponents: [],
  allVulnerableComponents: [
    {
      name: [32m'lodash'[39m,
      version: [32m'4.17.20'[39m,
      ref: [32m'ref-lodash'[39m,
      critical: [33m2[39m,
      high: [33m3[39m,
      medium: [33m1[39m,
      low: [33m0[39m,
      total: [33m6[39m
    },
    {
      name: [32m'express'[39m,
      version: [32m'4.17.1'[39m,
      ref: [32m'ref-express'[39m,
      critical: [33m1[39m,
      high: [33m2[39m,
      medium: [33m0[39m,
      low: [33m1[39m,
      total: [33m4[39m
    },
    {
      name: [32m'axios'[39m,
      version: [32m'0.21.0'[39m,
      ref: [32m'ref-axios'[39m,
      critical: [33m0[39m,
      high: [33m1[39m,
      medium: [33m2[39m,
      low: [33m0[39m,
      total: [33m3[39m
    }
  ],
  totalVulnerabilities: [33m50[39m,
  allVulnerabilities: [
    {
      id: [32m'CVE-2024-001'[39m,
      severity: [32m'critical'[39m,
      affectedCount: [33m10[39m,
      title: [32m'Critical Vuln'[39m,
      affectedComponentRefs: [36m[Array][39m
    },
    {
      id: [32m'CVE-2024-002'[39m,
      severity: [32m'high'[39m,
      affectedCount: [33m5[39m,
      title: [32m'High Vuln'[39m,
      affectedComponentRefs: [36m[Array][39m
    },
    {
      id: [32m'GHSA-xxx'[39m,
      severity: [32m'medium'[39m,
      affectedCount: [33m2[39m,
      title: [32m'Medium Vuln'[39m,
      affectedComponentRefs: [36m[Array][39m
    }
  ],
  allLicenses: [],
  allLicenseComponents: [],
  uniqueVulnerabilityCount: [33m3[39m,
  avgVulnerabilitiesPerComponent: [33m0.5[39m,
  dependencyStats: { direct: [33m30[39m, transitive: [33m70[39m },
  dependentsDistribution: { [32m'0'[39m: [33m30[39m, [32m'1'[39m: [33m40[39m, [32m'5'[39m: [33m30[39m },
  vulnerabilityImpactDistribution: { [32m'0'[39m: [33m10[39m, [32m'1'[39m: [33m20[39m, [32m'5'[39m: [33m20[39m },
  cweCounts: { [32m'CWE-123'[39m: [33m1[39m },
  sourceCounts: { NVD: [33m1[39m }
}
[VulnerabilitiesView] displayStats: {
  totalComponents: [33m100[39m,
  vulnerabilityCounts: { critical: [33m5[39m, high: [33m10[39m, medium: [33m20[39m, low: [33m15[39m, none: [33m50[39m },
  licenseCounts: {},
  topLicenses: [],
  licenseDistribution: {
    permissive: [33m0[39m,
    copyleft: [33m0[39m,
    weakCopyleft: [33m0[39m,
    proprietary: [33m0[39m,
    unknown: [33m0[39m
  },
  vulnerableComponents: [],
  allVulnerableComponents: [
    {
      name: [32m'lodash'[39m,
      version: [32m'4.17.20'[39m,
      ref: [32m'ref-lodash'[39m,
      critical: [33m2[39m,
      high: [33m3[39m,
      medium: [33m1[39m,
      low: [33m0[39m,
      total: [33m6[39m
    },
    {
      name: [32m'express'[39m,
      version: [32m'4.17.1'[39m,
      ref: [32m'ref-express'[39m,
      critical: [33m1[39m,
      high: [33m2[39m,
      medium: [33m0[39m,
      low: [33m1[39m,
      total: [33m4[39m
    },
    {
      name: [32m'axios'[39m,
      version: [32m'0.21.0'[39m,
      ref: [32m'ref-axios'[39m,
      critical: [33m0[39m,
      high: [33m1[39m,
      medium: [33m2[39m,
      low: [33m0[39m,
      total: [33m3[39m
    }
  ],
  totalVulnerabilities: [33m50[39m,
  allVulnerabilities: [
    {
      id: [32m'CVE-2024-001'[39m,
      severity: [32m'critical'[39m,
      affectedCount: [33m10[39m,
      title: [32m'Critical Vuln'[39m,
      affectedComponentRefs: [36m[Array][39m
    },
    {
      id: [32m'CVE-2024-002'[39m,
      severity: [32m'high'[39m,
      affectedCount: [33m5[39m,
      title: [32m'High Vuln'[39m,
      affectedComponentRefs: [36m[Array][39m
    },
    {
      id: [32m'GHSA-xxx'[39m,
      severity: [32m'medium'[39m,
      affectedCount: [33m2[39m,
      title: [32m'Medium Vuln'[39m,
      affectedComponentRefs: [36m[Array][39m
    }
  ],
  allLicenses: [],
  allLicenseComponents: [],
  uniqueVulnerabilityCount: [33m3[39m,
  avgVulnerabilitiesPerComponent: [33m0.5[39m,
  dependencyStats: { direct: [33m30[39m, transitive: [33m70[39m },
  dependentsDistribution: { [32m'0'[39m: [33m30[39m, [32m'1'[39m: [33m40[39m, [32m'5'[39m: [33m30[39m },
  vulnerabilityImpactDistribution: { [32m'0'[39m: [33m10[39m, [32m'1'[39m: [33m20[39m, [32m'5'[39m: [33m20[39m },
  cweCounts: { [32m'CWE-123'[39m: [33m1[39m },
  sourceCounts: { NVD: [33m1[39m }
}
[VulnerabilitiesView] displayStats: {
  totalComponents: [33m100[39m,
  vulnerabilityCounts: { critical: [33m5[39m, high: [33m10[39m, medium: [33m20[39m, low: [33m15[39m, none: [33m50[39m },
  licenseCounts: {},
  topLicenses: [],
  licenseDistribution: {
    permissive: [33m0[39m,
    copyleft: [33m0[39m,
    weakCopyleft: [33m0[39m,
    proprietary: [33m0[39m,
    unknown: [33m0[39m
  },
  vulnerableComponents: [],
  allVulnerableComponents: [
    {
      name: [32m'lodash'[39m,
      version: [32m'4.17.20'[39m,
      ref: [32m'ref-lodash'[39m,
      critical: [33m2[39m,
      high: [33m3[39m,
      medium: [33m1[39m,
      low: [33m0[39m,
      total: [33m6[39m
    },
    {
      name: [32m'express'[39m,
      version: [32m'4.17.1'[39m,
      ref: [32m'ref-express'[39m,
      critical: [33m1[39m,
      high: [33m2[39m,
      medium: [33m0[39m,
      low: [33m1[39m,
      total: [33m4[39m
    },
    {
      name: [32m'axios'[39m,
      version: [32m'0.21.0'[39m,
      ref: [32m'ref-axios'[39m,
      critical: [33m0[39m,
      high: [33m1[39m,
      medium: [33m2[39m,
      low: [33m0[39m,
      total: [33m3[39m
    }
  ],
  totalVulnerabilities: [33m50[39m,
  allVulnerabilities: [
    {
      id: [32m'CVE-2024-001'[39m,
      severity: [32m'critical'[39m,
      affectedCount: [33m10[39m,
      title: [32m'Critical Vuln'[39m,
      affectedComponentRefs: [36m[Array][39m
    },
    {
      id: [32m'CVE-2024-002'[39m,
      severity: [32m'high'[39m,
      affectedCount: [33m5[39m,
      title: [32m'High Vuln'[39m,
      affectedComponentRefs: [36m[Array][39m
    },
    {
      id: [32m'GHSA-xxx'[39m,
      severity: [32m'medium'[39m,
      affectedCount: [33m2[39m,
      title: [32m'Medium Vuln'[39m,
      affectedComponentRefs: [36m[Array][39m
    }
  ],
  allLicenses: [],
  allLicenseComponents: [],
  uniqueVulnerabilityCount: [33m3[39m,
  avgVulnerabilitiesPerComponent: [33m0.5[39m,
  dependencyStats: { direct: [33m30[39m, transitive: [33m70[39m },
  dependentsDistribution: { [32m'0'[39m: [33m30[39m, [32m'1'[39m: [33m40[39m, [32m'5'[39m: [33m30[39m },
  vulnerabilityImpactDistribution: { [32m'0'[39m: [33m10[39m, [32m'1'[39m: [33m20[39m, [32m'5'[39m: [33m20[39m },
  cweCounts: { [32m'CWE-123'[39m: [33m1[39m },
  sourceCounts: { NVD: [33m1[39m }
}
[VulnerabilitiesView] displayStats: {
  totalComponents: [33m100[39m,
  vulnerabilityCounts: { critical: [33m5[39m, high: [33m10[39m, medium: [33m20[39m, low: [33m15[39m, none: [33m50[39m },
  licenseCounts: {},
  topLicenses: [],
  licenseDistribution: {
    permissive: [33m0[39m,
    copyleft: [33m0[39m,
    weakCopyleft: [33m0[39m,
    proprietary: [33m0[39m,
    unknown: [33m0[39m
  },
  vulnerableComponents: [],
  allVulnerableComponents: [
    {
      name: [32m'lodash'[39m,
      version: [32m'4.17.20'[39m,
      ref: [32m'ref-lodash'[39m,
      critical: [33m2[39m,
      high: [33m3[39m,
      medium: [33m1[39m,
      low: [33m0[39m,
      total: [33m6[39m
    },
    {
      name: [32m'express'[39m,
      version: [32m'4.17.1'[39m,
      ref: [32m'ref-express'[39m,
      critical: [33m1[39m,
      high: [33m2[39m,
      medium: [33m0[39m,
      low: [33m1[39m,
      total: [33m4[39m
    },
    {
      name: [32m'axios'[39m,
      version: [32m'0.21.0'[39m,
      ref: [32m'ref-axios'[39m,
      critical: [33m0[39m,
      high: [33m1[39m,
      medium: [33m2[39m,
      low: [33m0[39m,
      total: [33m3[39m
    }
  ],
  totalVulnerabilities: [33m50[39m,
  allVulnerabilities: [
    {
      id: [32m'CVE-2024-001'[39m,
      severity: [32m'critical'[39m,
      affectedCount: [33m10[39m,
      title: [32m'Critical Vuln'[39m,
      affectedComponentRefs: [36m[Array][39m
    },
    {
      id: [32m'CVE-2024-002'[39m,
      severity: [32m'high'[39m,
      affectedCount: [33m5[39m,
      title: [32m'High Vuln'[39m,
      affectedComponentRefs: [36m[Array][39m
    },
    {
      id: [32m'GHSA-xxx'[39m,
      severity: [32m'medium'[39m,
      affectedCount: [33m2[39m,
      title: [32m'Medium Vuln'[39m,
      affectedComponentRefs: [36m[Array][39m
    }
  ],
  allLicenses: [],
  allLicenseComponents: [],
  uniqueVulnerabilityCount: [33m3[39m,
  avgVulnerabilitiesPerComponent: [33m0.5[39m,
  dependencyStats: { direct: [33m30[39m, transitive: [33m70[39m },
  dependentsDistribution: { [32m'0'[39m: [33m30[39m, [32m'1'[39m: [33m40[39m, [32m'5'[39m: [33m30[39m },
  vulnerabilityImpactDistribution: { [32m'0'[39m: [33m10[39m, [32m'1'[39m: [33m20[39m, [32m'5'[39m: [33m20[39m },
  cweCounts: { [32m'CWE-123'[39m: [33m1[39m },
  sourceCounts: { NVD: [33m1[39m }
}

[90mstderr[2m | src/components/views/VulnerabilitiesView.test.tsx[2m > [22m[2mVulnerabilitiesView[2m > [22m[2mshould clear all filters when clicking Clear button
[22m[39mAn update to VulnerabilitiesView inside a test was not wrapped in act(...).

When testing, code that causes React state updates should be wrapped into act(...):

act(() => {
  /* fire events that update state */
});
/* assert on the output */

This ensures that you're testing the behavior the user would see in the browser. Learn more at https://react.dev/link/wrap-tests-with-act
An update to VulnerabilitiesView inside a test was not wrapped in act(...).

When testing, code that causes React state updates should be wrapped into act(...):

act(() => {
  /* fire events that update state */
});
/* assert on the output */

This ensures that you're testing the behavior the user would see in the browser. Learn more at https://react.dev/link/wrap-tests-with-act

 [31m×[39m src/components/views/VulnerabilitiesView.test.tsx[2m > [22mVulnerabilitiesView[2m > [22mshould filter by severity when selecting from dropdown[32m 43[2mms[22m[39m
[31m   → Found multiple elements with the text: Critical

Here are the matching elements:

Ignored nodes: comments, script, style
[36m<div[31m
  [33mclass[31m=[32m"text-sm font-medium"[31m
  [33mdata-slot[31m=[32m"card-title"[31m
[36m>[31m
  [0mCritical[0m
[36m</div>[31m

Ignored nodes: comments, script, style
[36m<span[31m
  [33mclass[31m=[32m"text-[10px] font-medium"[31m
[36m>[31m
  [0mCritical[0m
[36m</span>[31m

Ignored nodes: comments, script, style
[36m<div[31m
  [33mclass[31m=[32m"flex items-center gap-2"[31m
[36m>[31m
  [36m<div[31m
    [33mclass[31m=[32m"w-2 h-2 rounded-full"[31m
    [33mstyle[31m=[32m"background-color: #dc2626;"[31m
  [36m/>[31m
  [0mCritical[0m
[36m</div>[31m

Ignored nodes: comments, script, style
[36m<button[31m
  [33mclass[31m=[32m"flex items-center gap-1 group cursor-pointer text-xs uppercase font-medium hover:text-foreground transition-colors bg-transparent border-none p-0"[31m
[36m>[31m
  [0mCritical[0m
  [36m<svg[31m
    [33maria-hidden[31m=[32m"true"[31m
    [33mclass[31m=[32m"lucide lucide-arrow-up-down h-3 w-3 transition-opacity opacity-30 group-hover:opacity-60"[31m
    [33mfill[31m=[32m"none"[31m
    [33mheight[31m=[32m"24"[31m
    [33mstroke[31m=[32m"currentColor"[31m
    [33mstroke-linecap[31m=[32m"round"[31m
    [33mstroke-linejoin[31m=[32m"round"[31m
    [33mstroke-width[31m=[32m"2"[31m
    [33mviewBox[31m=[32m"0 0 24 24"[31m
    [33mwidth[31m=[32m"24"[31m
    [33mxmlns[31m=[32m"http://www.w3.org/2000/svg"[31m
  [36m>[31m
    [36m<path[31m
      [33md[31m=[32m"m21 16-4 4-4-4"[31m
    [36m/>[31m
    [36m<path[31m
      [33md[31m=[32m"M17 20V4"[31m
    [36m/>[31m
    [36m<path[31m
      [33md[31m=[32m"m3 8 4-4 4 4"[31m
    [36m/>[31m
    [36m<path[31m
      [33md[31m=[32m"M7 4v16"[31m
    [36m/>[31m
  [36m</svg>[31m
[36m</button>[31m

(If this is intentional, then use the `*AllBy*` variant of the query (like `queryAllByText`, `getAllByText`, or `findAllByText`)).

Ignored nodes: comments, script, style
[36m<body>[31m
  [36m<div>[31m
    [36m<div[31m
      [33mclass[31m=[32m"flex w-full aria-[orientation=vertical]:flex-col h-full"[31m
      [33mdata-group[31m=[32m"true"[31m
      [33mdata-slot[31m=[32m"resizable-panel-group"[31m
      [33mdata-testid[31m=[32m"_r_20_"[31m
      [33mid[31m=[32m"_r_20_"[31m
      [33mstyle[31m=[32m"height: 100%; width: 100%; overflow: hidden; display: flex; flex-direction: row; flex-wrap: nowrap;"[31m
    [36m>[31m
      [36m<div[31m
        [33mdata-panel[31m=[32m"true"[31m
        [33mdata-slot[31m=[32m"resizable-panel"[31m
        [33mdata-testid[31m=[32m"_r_21_"[31m
        [33mid[31m=[32m"_r_21_"[31m
        [33mstyle[31m=[32m"min-height: 0; max-height: 100%; height: auto; min-width: 0; max-width: 100%; width: auto; border: 0px none none; padding: 0px; margin: 0px; display: flex; flex-basis: 0px; flex-shrink: 1; overflow: hidden; flex-grow: 100;"[31m
      [36m>[31m
        [36m<div[31m
          [33mstyle[31m=[32m"max-height: 100%; max-width: 100%; flex-grow: 1;"[31m
        [36m>[31m
          [36m<div[31m
            [33mclass[31m=[32m"relative h-full min-h-0 pr-2"[31m
            [33mdata-has-overflow-x[31m=[32m""[31m
            [33mdata-has-overflow-y[31m=[32m""[31m
            [33mdata-slot[31m=[32m"scroll-area"[31m
            [33mrole[31m=[32m"presentation"[31m
            [33mstyle[31m=[32m"position: relative; --scroll-area-corner-height: 0px; --scroll-area-corner-width: 0px;"[31m
          [36m>[31m
            [36m<div[31m
              [33mclass[31m=[32m"focus-visible:ring-ring/50 size-full rounded-[inherit] transition-[color,box-shadow] outline-none focus-visible:ring-[3px] focus-visible:outline-1 base-ui-disable-scrollbar"[31m
              [33mdata-has-overflow-x[31m=[32m""[31m
              [33mdata-has-overflow-y[31m=[32m""[31m
              [33mdata-id[31m=[32m"base-ui-_r_22_-viewport"[31m
              [33mdata-slot[31m=[32m"scroll-area-viewport"[31m
              [33mrole[31m=[32m"presentation"[31m
              [33mstyle[31m=[32m"overflow: scroll;"[31m
              [33mtabindex[31m=[32m"0"[31m
            [36m>[31m
              [36m<div[31m
                [33mclass[31m=[32m"pb-6 space-y-6 animate-in fade-in duration-500"[31m
              [36m>[31m
                [36m<div[31m
                  [33mclass[31m=[32m"flex items-center gap-3"[31m
                [36m>[31m
                  [36m<svg[31m
                    [33maria-hidden[31m=[32m"true"[31m
                    [33mclass[31m=[32m"lucide lucide-shield-alert h-7 w-7 text-destructive"[31m
                    [33mfill[31m=[32m"none"[31m
                    [33mheight[31m=[32m"24"[31m
                    [33mstroke[31m=[32m"currentColor"[31m
                    [33mstroke-linecap[31m=[32m"round"[31m
                    [33mstroke-linejoin[31m=[32m"round"[31m
                    [33mstroke-width[31m=[32m"2"[31m
                    [33mviewBox[31m=[32m"0 0 24 24"[31m
                    [33mwidth[31m=[32m"24"[31m
                    [33mxmlns[31m=[32m"http://www.w3.org/2000/svg"[31m
                  [36m>[31m
                    [36m<path[31m
                      [33md[31m=[32m"M20 13c0 5-3.5 7.5-7.66 8.95a1 1 0 0 1-.67-.01C7.5 20.5 4 18 4 13V6a1 1 0 0 1 1-1c2 0 4.5-1.2 6.24-2.72a1.17 1.17 0 0 1 1.52 0C14.51 3.81 17 5 19 5a1 1 0 0 1 1 1z"[31m
                    [36m/>[31m
                    [36m<path[31m
                      [33md[31m=[32m"M12 8v4"[31m
                    [36m/>[31m
                    [36m<path[31m
                      [33md[31m=[32m"M12 16h.01"[31m
                    [36m/>[31m
                  [36m</svg>[31m
                  [36m<h2[31m
                    [33mclass[31m=[32m"text-3xl font-bold tracking-tight"[31m
                  [36m>[31m
                    [0mVulnerabilities[0m
                  [36m</h2>[31m
                [36m</div>[31m
                [36m<div[31m
                  [33mclass[31m=[32m"grid gap-4 md:grid-cols-2 lg:grid-cols-6 mb-6"[31m
                [36m>[31m
                  [36m<div[31m
                    [33mclass[31m=[32m"ring-foreground/10 bg-card text-card-foreground gap-4 overflow-hidden rounded-lg py-4 text-xs/relaxed ring-1 has-[>img:first-child]:pt-0 data-[size=sm]:gap-3 data-[size=sm]:py-3 *:[img:first-child]:rounded-t-lg *:[img:last-child]:rounded-b-lg group/card flex flex-col border-l-4 border-l-destructive/60"[31m
                    [33mdata-size[31m=[32m"default"[31m
                    [33mdata-slot[31m=[32m"card"[31m
                  [36m>[31m
                    [36m<div[31m
                      [33mclass[31m=[32m"gap-1 rounded-t-lg px-4 group-data-[size=sm]/card:px-3 [.border-b]:pb-4 group-data-[size=sm]/card:[.border-b]:pb-3 group/card-header @container/card-header auto-rows-min has-data-[slot=card-action]:grid-cols-[1fr_auto] has-data-[slot=card-description]:grid-rows-[auto_auto] flex flex-row items-center justify-between space-y-0 pb-2"[31m
                      [33mdata-slot[31m=[32m"card-header"[31m
                    [36m>[31m
                      [36m<div[31m
                        [33mclass[31m=[32m"text-sm font-medium"[31m
                        [33mdata-slot[31m=[32m"card-title"[31m
                      [36m>[31m
                        [0mTotal Findings[0m
                      [36m</div>[31m
                      [36m<svg[31m
                        [33maria-hidden[31m=[32m"true"[31m
                        [33mclass[31m=[32m"lucide lucide-shield-alert h-4 w-4 text-destructive"[31m
                        [33mfill[31m=[32m"none"[31m
                        [33mheight[31m=[32m"24"[31m
                        [33mstroke[31m=[32m"currentColor"[31m
                        [33mstroke-linecap[31m=[32m"round"[31m
                        [33mstroke-linejoin[31m=[32m"round"[31m
                        [33mstroke-width[31m=[32m"2"[31m
                        [33mviewBox[31m=[32m"0 0 24 24"[31m
                        [33mwidth[31m=[32m"24"[31m
                        [33mxmlns[31m=[32m"http://www.w3.org/2000/svg"[31m
                      [36m>[31m
                        [36m<path[31m
                          [33md[31m=[32m"M20 13c0 5-3.5 7.5-7.66 8.95a1 1 0 0 1-.67-.01C7.5 20.5 4 18 4 13V6a1 1 0 0 1 1-1c2 0 4.5-1.2 6.24-2.72a1.17 1.17 0 0 1 1.52 0C14.51 3.81 17 5 19 5a1 1 0 0 1 1 1z"[31m
                        [36m/>[31m
                        [36m<path[31m
                          [33md[31m=[32m"M12 8v4"[31m
                        [36m/>[31m
                        [36m<path[31m
                          [33md[31m=[32m"M12 16h.01"[31m
                        [36m/>[31m
                      [36m</svg>[31m
      ...[39m
 [32m✓[39m src/components/views/VulnerabilitiesView.test.tsx[2m > [22mVulnerabilitiesView[2m > [22mshould clear all filters when clicking Clear button[32m 65[2mms[22m[39m

[31m⎯⎯⎯⎯⎯⎯⎯[39m[1m[41m Failed Tests 4 [49m[22m[31m⎯⎯⎯⎯⎯⎯⎯[39m

[41m[1m FAIL [22m[49m src/components/views/VulnerabilitiesView.test.tsx[2m > [22mVulnerabilitiesView[2m > [22mshould render KPI cards with correct counts
[31m[1mTestingLibraryElementError[22m[39m: Unable to find an element with the text: Unique CVEs. This could be because the text is broken up by multiple elements. In this case, you can provide a function for your text matcher to make your matcher more flexible.

Ignored nodes: comments, script, style
[36m<body>[39m
  [36m<div>[39m
    [36m<div[39m
      [33mclass[39m=[32m"flex w-full aria-[orientation=vertical]:flex-col h-full"[39m
      [33mdata-group[39m=[32m"true"[39m
      [33mdata-slot[39m=[32m"resizable-panel-group"[39m
      [33mdata-testid[39m=[32m"_r_0_"[39m
      [33mid[39m=[32m"_r_0_"[39m
      [33mstyle[39m=[32m"height: 100%; width: 100%; overflow: hidden; display: flex; flex-direction: row; flex-wrap: nowrap;"[39m
    [36m>[39m
      [36m<div[39m
        [33mdata-panel[39m=[32m"true"[39m
        [33mdata-slot[39m=[32m"resizable-panel"[39m
        [33mdata-testid[39m=[32m"_r_1_"[39m
        [33mid[39m=[32m"_r_1_"[39m
        [33mstyle[39m=[32m"min-height: 0; max-height: 100%; height: auto; min-width: 0; max-width: 100%; width: auto; border: 0px none none; padding: 0px; margin: 0px; display: flex; flex-basis: 0px; flex-shrink: 1; overflow: hidden; flex-grow: 100;"[39m
      [36m>[39m
        [36m<div[39m
          [33mstyle[39m=[32m"max-height: 100%; max-width: 100%; flex-grow: 1;"[39m
        [36m>[39m
          [36m<div[39m
            [33mclass[39m=[32m"relative h-full min-h-0 pr-2"[39m
            [33mdata-has-overflow-x[39m=[32m""[39m
            [33mdata-has-overflow-y[39m=[32m""[39m
            [33mdata-slot[39m=[32m"scroll-area"[39m
            [33mrole[39m=[32m"presentation"[39m
            [33mstyle[39m=[32m"position: relative; --scroll-area-corner-height: 0px; --scroll-area-corner-width: 0px;"[39m
          [36m>[39m
            [36m<div[39m
              [33mclass[39m=[32m"focus-visible:ring-ring/50 size-full rounded-[inherit] transition-[color,box-shadow] outline-none focus-visible:ring-[3px] focus-visible:outline-1 base-ui-disable-scrollbar"[39m
              [33mdata-has-overflow-x[39m=[32m""[39m
              [33mdata-has-overflow-y[39m=[32m""[39m
              [33mdata-id[39m=[32m"base-ui-_r_2_-viewport"[39m
              [33mdata-slot[39m=[32m"scroll-area-viewport"[39m
              [33mrole[39m=[32m"presentation"[39m
              [33mstyle[39m=[32m"overflow: scroll;"[39m
              [33mtabindex[39m=[32m"0"[39m
            [36m>[39m
              [36m<div[39m
                [33mclass[39m=[32m"pb-6 space-y-6 animate-in fade-in duration-500"[39m
              [36m>[39m
                [36m<div[39m
                  [33mclass[39m=[32m"flex items-center gap-3"[39m
                [36m>[39m
                  [36m<svg[39m
                    [33maria-hidden[39m=[32m"true"[39m
                    [33mclass[39m=[32m"lucide lucide-shield-alert h-7 w-7 text-destructive"[39m
                    [33mfill[39m=[32m"none"[39m
                    [33mheight[39m=[32m"24"[39m
                    [33mstroke[39m=[32m"currentColor"[39m
                    [33mstroke-linecap[39m=[32m"round"[39m
                    [33mstroke-linejoin[39m=[32m"round"[39m
                    [33mstroke-width[39m=[32m"2"[39m
                    [33mviewBox[39m=[32m"0 0 24 24"[39m
                    [33mwidth[39m=[32m"24"[39m
                    [33mxmlns[39m=[32m"http://www.w3.org/2000/svg"[39m
                  [36m>[39m
                    [36m<path[39m
                      [33md[39m=[32m"M20 13c0 5-3.5 7.5-7.66 8.95a1 1 0 0 1-.67-.01C7.5 20.5 4 18 4 13V6a1 1 0 0 1 1-1c2 0 4.5-1.2 6.24-2.72a1.17 1.17 0 0 1 1.52 0C14.51 3.81 17 5 19 5a1 1 0 0 1 1 1z"[39m
                    [36m/>[39m
                    [36m<path[39m
                      [33md[39m=[32m"M12 8v4"[39m
                    [36m/>[39m
                    [36m<path[39m
                      [33md[39m=[32m"M12 16h.01"[39m
                    [36m/>[39m
                  [36m</svg>[39m
                  [36m<h2[39m
                    [33mclass[39m=[32m"text-3xl font-bold tracking-tight"[39m
                  [36m>[39m
                    [0mVulnerabilities[0m
                  [36m</h2>[39m
                [36m</div>[39m
                [36m<div[39m
                  [33mclass[39m=[32m"grid gap-4 md:grid-cols-2 lg:grid-cols-6 mb-6"[39m
                [36m>[39m
                  [36m<div[39m
                    [33mclass[39m=[32m"ring-foreground/10 bg-card text-card-foreground gap-4 overflow-hidden rounded-lg py-4 text-xs/relaxed ring-1 has-[>img:first-child]:pt-0 data-[size=sm]:gap-3 data-[size=sm]:py-3 *:[img:first-child]:rounded-t-lg *:[img:last-child]:rounded-b-lg group/card flex flex-col border-l-4 border-l-destructive/60"[39m
                    [33mdata-size[39m=[32m"default"[39m
                    [33mdata-slot[39m=[32m"card"[39m
                  [36m>[39m
                    [36m<div[39m
                      [33mclass[39m=[32m"gap-1 rounded-t-lg px-4 group-data-[size=sm]/card:px-3 [.border-b]:pb-4 group-data-[size=sm]/card:[.border-b]:pb-3 group/card-header @container/card-header auto-rows-min has-data-[slot=card-action]:grid-cols-[1fr_auto] has-data-[slot=card-description]:grid-rows-[auto_auto] flex flex-row items-center justify-between space-y-0 pb-2"[39m
                      [33mdata-slot[39m=[32m"card-header"[39m
                    [36m>[39m
                      [36m<div[39m
                        [33mclass[39m=[32m"text-sm font-medium"[39m
                        [33mdata-slot[39m=[32m"card-title"[39m
                      [36m>[39m
                        [0mTotal Findings[0m
                      [36m</div>[39m
                      [36m<svg[39m
                        [33maria-hidden[39m=[32m"true"[39m
                        [33mclass[39m=[32m"lucide lucide-shield-alert h-4 w-4 text-destructive"[39m
                        [33mfill[39m=[32m"none"[39m
                        [33mheight[39m=[32m"24"[39m
                        [33mstroke[39m=[32m"currentColor"[39m
                        [33mstroke-linecap[39m=[32m"round"[39m
                        [33mstroke-linejoin[39m=[32m"round"[39m
                        [33mstroke-width[39m=[32m"2"[39m
                        [33mviewBox[39m=[32m"0 0 24 24"[39m
                        [33mwidth[39m=[32m"24"[39m
                        [33mxmlns[39m=[32m"http://www.w3.org/2000/svg"[39m
                      [36m>[39m
                        [36m<path[39m
                          [33md[39m=[32m"M20 13c0 5-3.5 7.5-7.66 8.95a1 1 0 0 1-.67-.01C7.5 20.5 4 18 4 13V6a1 1 0 0 1 1-1c2 0 4.5-1.2 6.24-2.72a1.17 1.17 0 0 1 1.52 0C14.51 3.81 17 5 19 5a1 1 0 0 1 1 1z"[39m
                        [36m/>[39m
                        [36m<path[39m
                          [33md[39m=[32m"M12 8v4"[39m
                        [36m/>[39m
                        [36m<path[39m
                          [33md[39m=[32m"M12 16h.01"[39m
                        [36m/>[39m
                      [36m</svg>[39m
           ...
[90m [2m❯[22m Object.getElementError node_modules/@testing-library/dom/dist/config.js:[2m37:19[22m[39m
[90m [2m❯[22m node_modules/@testing-library/dom/dist/query-helpers.js:[2m76:38[22m[39m
[90m [2m❯[22m node_modules/@testing-library/dom/dist/query-helpers.js:[2m52:17[22m[39m
[90m [2m❯[22m node_modules/@testing-library/dom/dist/query-helpers.js:[2m95:19[22m[39m
[36m [2m❯[22m src/components/views/VulnerabilitiesView.test.tsx:[2m95:23[22m[39m
    [90m 93| [39m        [34mexpect[39m(screen[33m.[39m[34mgetByText[39m([32m'Total Findings'[39m))[33m.[39m[34mtoBeInTheDocument[39m()[33m;[39m
    [90m 94| [39m        [34mexpect[39m(screen[33m.[39m[34mgetByText[39m([32m'50'[39m))[33m.[39m[34mtoBeInTheDocument[39m()[33m;[39m
    [90m 95| [39m        [34mexpect[39m(screen[33m.[39m[34mgetByText[39m([32m'Unique CVEs'[39m))[33m.[39m[34mtoBeInTheDocument[39m()[33m;[39m
    [90m   | [39m                      [31m^[39m
    [90m 96| [39m        expect(screen.getAllByText('3').length).toBeGreaterThanOrEqual…
    [90m 97| [39m

[31m[2m⎯⎯⎯⎯⎯⎯⎯⎯⎯⎯⎯⎯⎯⎯⎯⎯⎯⎯⎯⎯⎯⎯⎯⎯[1/4]⎯[22m[39m

[41m[1m FAIL [22m[49m src/components/views/VulnerabilitiesView.test.tsx[2m > [22mVulnerabilitiesView[2m > [22mshould render comprehensive vulnerability details when selected
[31m[1mTestingLibraryElementError[22m[39m: Unable to find an element with the text: Vulnerability Details. This could be because the text is broken up by multiple elements. In this case, you can provide a function for your text matcher to make your matcher more flexible.

Ignored nodes: comments, script, style
[36m<body>[39m
  [36m<div>[39m
    [36m<div[39m
      [33mclass[39m=[32m"flex w-full aria-[orientation=vertical]:flex-col h-full"[39m
      [33mdata-group[39m=[32m"true"[39m
      [33mdata-slot[39m=[32m"resizable-panel-group"[39m
      [33mdata-testid[39m=[32m"_r_13_"[39m
      [33mid[39m=[32m"_r_13_"[39m
      [33mstyle[39m=[32m"height: 100%; width: 100%; overflow: hidden; display: flex; flex-direction: row; flex-wrap: nowrap;"[39m
    [36m>[39m
      [36m<div[39m
        [33mdata-panel[39m=[32m"true"[39m
        [33mdata-slot[39m=[32m"resizable-panel"[39m
        [33mdata-testid[39m=[32m"_r_14_"[39m
        [33mid[39m=[32m"_r_14_"[39m
        [33mstyle[39m=[32m"min-height: 0; max-height: 100%; height: auto; min-width: 0; max-width: 100%; width: auto; border: 0px none none; padding: 0px; margin: 0px; display: flex; flex-basis: 0px; flex-shrink: 1; overflow: hidden; flex-grow: 50;"[39m
      [36m>[39m
        [36m<div[39m
          [33mstyle[39m=[32m"max-height: 100%; max-width: 100%; flex-grow: 1;"[39m
        [36m>[39m
          [36m<div[39m
            [33mclass[39m=[32m"relative h-full min-h-0 pr-2"[39m
            [33mdata-has-overflow-x[39m=[32m""[39m
            [33mdata-has-overflow-y[39m=[32m""[39m
            [33mdata-slot[39m=[32m"scroll-area"[39m
            [33mrole[39m=[32m"presentation"[39m
            [33mstyle[39m=[32m"position: relative; --scroll-area-corner-height: 0px; --scroll-area-corner-width: 0px;"[39m
          [36m>[39m
            [36m<div[39m
              [33mclass[39m=[32m"focus-visible:ring-ring/50 size-full rounded-[inherit] transition-[color,box-shadow] outline-none focus-visible:ring-[3px] focus-visible:outline-1 base-ui-disable-scrollbar"[39m
              [33mdata-has-overflow-x[39m=[32m""[39m
              [33mdata-has-overflow-y[39m=[32m""[39m
              [33mdata-id[39m=[32m"base-ui-_r_15_-viewport"[39m
              [33mdata-slot[39m=[32m"scroll-area-viewport"[39m
              [33mrole[39m=[32m"presentation"[39m
              [33mstyle[39m=[32m"overflow: scroll;"[39m
              [33mtabindex[39m=[32m"0"[39m
            [36m>[39m
              [36m<div[39m
                [33mclass[39m=[32m"pb-6 space-y-6 animate-in fade-in duration-500"[39m
              [36m>[39m
                [36m<div[39m
                  [33mclass[39m=[32m"flex items-center gap-3"[39m
                [36m>[39m
                  [36m<svg[39m
                    [33maria-hidden[39m=[32m"true"[39m
                    [33mclass[39m=[32m"lucide lucide-shield-alert h-7 w-7 text-destructive"[39m
                    [33mfill[39m=[32m"none"[39m
                    [33mheight[39m=[32m"24"[39m
                    [33mstroke[39m=[32m"currentColor"[39m
                    [33mstroke-linecap[39m=[32m"round"[39m
                    [33mstroke-linejoin[39m=[32m"round"[39m
                    [33mstroke-width[39m=[32m"2"[39m
                    [33mviewBox[39m=[32m"0 0 24 24"[39m
                    [33mwidth[39m=[32m"24"[39m
                    [33mxmlns[39m=[32m"http://www.w3.org/2000/svg"[39m
                  [36m>[39m
                    [36m<path[39m
                      [33md[39m=[32m"M20 13c0 5-3.5 7.5-7.66 8.95a1 1 0 0 1-.67-.01C7.5 20.5 4 18 4 13V6a1 1 0 0 1 1-1c2 0 4.5-1.2 6.24-2.72a1.17 1.17 0 0 1 1.52 0C14.51 3.81 17 5 19 5a1 1 0 0 1 1 1z"[39m
                    [36m/>[39m
                    [36m<path[39m
                      [33md[39m=[32m"M12 8v4"[39m
                    [36m/>[39m
                    [36m<path[39m
                      [33md[39m=[32m"M12 16h.01"[39m
                    [36m/>[39m
                  [36m</svg>[39m
                  [36m<h2[39m
                    [33mclass[39m=[32m"text-3xl font-bold tracking-tight"[39m
                  [36m>[39m
                    [0mVulnerabilities[0m
                  [36m</h2>[39m
                [36m</div>[39m
                [36m<div[39m
                  [33mclass[39m=[32m"grid gap-4 md:grid-cols-2 lg:grid-cols-6 mb-6"[39m
                [36m>[39m
                  [36m<div[39m
                    [33mclass[39m=[32m"ring-foreground/10 bg-card text-card-foreground gap-4 overflow-hidden rounded-lg py-4 text-xs/relaxed ring-1 has-[>img:first-child]:pt-0 data-[size=sm]:gap-3 data-[size=sm]:py-3 *:[img:first-child]:rounded-t-lg *:[img:last-child]:rounded-b-lg group/card flex flex-col border-l-4 border-l-destructive/60"[39m
                    [33mdata-size[39m=[32m"default"[39m
                    [33mdata-slot[39m=[32m"card"[39m
                  [36m>[39m
                    [36m<div[39m
                      [33mclass[39m=[32m"gap-1 rounded-t-lg px-4 group-data-[size=sm]/card:px-3 [.border-b]:pb-4 group-data-[size=sm]/card:[.border-b]:pb-3 group/card-header @container/card-header auto-rows-min has-data-[slot=card-action]:grid-cols-[1fr_auto] has-data-[slot=card-description]:grid-rows-[auto_auto] flex flex-row items-center justify-between space-y-0 pb-2"[39m
                      [33mdata-slot[39m=[32m"card-header"[39m
                    [36m>[39m
                      [36m<div[39m
                        [33mclass[39m=[32m"text-sm font-medium"[39m
                        [33mdata-slot[39m=[32m"card-title"[39m
                      [36m>[39m
                        [0mTotal Findings[0m
                      [36m</div>[39m
                      [36m<svg[39m
                        [33maria-hidden[39m=[32m"true"[39m
                        [33mclass[39m=[32m"lucide lucide-shield-alert h-4 w-4 text-destructive"[39m
                        [33mfill[39m=[32m"none"[39m
                        [33mheight[39m=[32m"24"[39m
                        [33mstroke[39m=[32m"currentColor"[39m
                        [33mstroke-linecap[39m=[32m"round"[39m
                        [33mstroke-linejoin[39m=[32m"round"[39m
                        [33mstroke-width[39m=[32m"2"[39m
                        [33mviewBox[39m=[32m"0 0 24 24"[39m
                        [33mwidth[39m=[32m"24"[39m
                        [33mxmlns[39m=[32m"http://www.w3.org/2000/svg"[39m
                      [36m>[39m
                        [36m<path[39m
                          [33md[39m=[32m"M20 13c0 5-3.5 7.5-7.66 8.95a1 1 0 0 1-.67-.01C7.5 20.5 4 18 4 13V6a1 1 0 0 1 1-1c2 0 4.5-1.2 6.24-2.72a1.17 1.17 0 0 1 1.52 0C14.51 3.81 17 5 19 5a1 1 0 0 1 1 1z"[39m
                        [36m/>[39m
                        [36m<path[39m
                          [33md[39m=[32m"M12 8v4"[39m
                        [36m/>[39m
                        [36m<path[39m
                          [33md[39m=[32m"M12 16h.01"[39m
                        [36m/>[39m
                      [36m</svg>[39m
       ...

Ignored nodes: comments, script, style
[36m<body>[39m
  [36m<div>[39m
    [36m<div[39m
      [33mclass[39m=[32m"flex w-full aria-[orientation=vertical]:flex-col h-full"[39m
      [33mdata-group[39m=[32m"true"[39m
      [33mdata-slot[39m=[32m"resizable-panel-group"[39m
      [33mdata-testid[39m=[32m"_r_13_"[39m
      [33mid[39m=[32m"_r_13_"[39m
      [33mstyle[39m=[32m"height: 100%; width: 100%; overflow: hidden; display: flex; flex-direction: row; flex-wrap: nowrap;"[39m
    [36m>[39m
      [36m<div[39m
        [33mdata-panel[39m=[32m"true"[39m
        [33mdata-slot[39m=[32m"resizable-panel"[39m
        [33mdata-testid[39m=[32m"_r_14_"[39m
        [33mid[39m=[32m"_r_14_"[39m
        [33mstyle[39m=[32m"min-height: 0; max-height: 100%; height: auto; min-width: 0; max-width: 100%; width: auto; border: 0px none none; padding: 0px; margin: 0px; display: flex; flex-basis: 0px; flex-shrink: 1; overflow: hidden; flex-grow: 50;"[39m
      [36m>[39m
        [36m<div[39m
          [33mstyle[39m=[32m"max-height: 100%; max-width: 100%; flex-grow: 1;"[39m
        [36m>[39m
          [36m<div[39m
            [33mclass[39m=[32m"relative h-full min-h-0 pr-2"[39m
            [33mdata-has-overflow-x[39m=[32m""[39m
            [33mdata-has-overflow-y[39m=[32m""[39m
            [33mdata-slot[39m=[32m"scroll-area"[39m
            [33mrole[39m=[32m"presentation"[39m
            [33mstyle[39m=[32m"position: relative; --scroll-area-corner-height: 0px; --scroll-area-corner-width: 0px;"[39m
          [36m>[39m
            [36m<div[39m
              [33mclass[39m=[32m"focus-visible:ring-ring/50 size-full rounded-[inherit] transition-[color,box-shadow] outline-none focus-visible:ring-[3px] focus-visible:outline-1 base-ui-disable-scrollbar"[39m
              [33mdata-has-overflow-x[39m=[32m""[39m
              [33mdata-has-overflow-y[39m=[32m""[39m
              [33mdata-id[39m=[32m"base-ui-_r_15_-viewport"[39m
              [33mdata-slot[39m=[32m"scroll-area-viewport"[39m
              [33mrole[39m=[32m"presentation"[39m
              [33mstyle[39m=[32m"overflow: scroll;"[39m
              [33mtabindex[39m=[32m"0"[39m
            [36m>[39m
              [36m<div[39m
                [33mclass[39m=[32m"pb-6 space-y-6 animate-in fade-in duration-500"[39m
              [36m>[39m
                [36m<div[39m
                  [33mclass[39m=[32m"flex items-center gap-3"[39m
                [36m>[39m
                  [36m<svg[39m
                    [33maria-hidden[39m=[32m"true"[39m
                    [33mclass[39m=[32m"lucide lucide-shield-alert h-7 w-7 text-destructive"[39m
                    [33mfill[39m=[32m"none"[39m
                    [33mheight[39m=[32m"24"[39m
                    [33mstroke[39m=[32m"currentColor"[39m
                    [33mstroke-linecap[39m=[32m"round"[39m
                    [33mstroke-linejoin[39m=[32m"round"[39m
                    [33mstroke-width[39m=[32m"2"[39m
                    [33mviewBox[39m=[32m"0 0 24 24"[39m
                    [33mwidth[39m=[32m"24"[39m
                    [33mxmlns[39m=[32m"http://www.w3.org/2000/svg"[39m
                  [36m>[39m
                    [36m<path[39m
                      [33md[39m=[32m"M20 13c0 5-3.5 7.5-7.66 8.95a1 1 0 0 1-.67-.01C7.5 20.5 4 18 4 13V6a1 1 0 0 1 1-1c2 0 4.5-1.2 6.24-2.72a1.17 1.17 0 0 1 1.52 0C14.51 3.81 17 5 19 5a1 1 0 0 1 1 1z"[39m
                    [36m/>[39m
                    [36m<path[39m
                      [33md[39m=[32m"M12 8v4"[39m
                    [36m/>[39m
                    [36m<path[39m
                      [33md[39m=[32m"M12 16h.01"[39m
                    [36m/>[39m
                  [36m</svg>[39m
                  [36m<h2[39m
                    [33mclass[39m=[32m"text-3xl font-bold tracking-tight"[39m
                  [36m>[39m
                    [0mVulnerabilities[0m
                  [36m</h2>[39m
                [36m</div>[39m
                [36m<div[39m
                  [33mclass[39m=[32m"grid gap-4 md:grid-cols-2 lg:grid-cols-6 mb-6"[39m
                [36m>[39m
                  [36m<div[39m
                    [33mclass[39m=[32m"ring-foreground/10 bg-card text-card-foreground gap-4 overflow-hidden rounded-lg py-4 text-xs/relaxed ring-1 has-[>img:first-child]:pt-0 data-[size=sm]:gap-3 data-[size=sm]:py-3 *:[img:first-child]:rounded-t-lg *:[img:last-child]:rounded-b-lg group/card flex flex-col border-l-4 border-l-destructive/60"[39m
                    [33mdata-size[39m=[32m"default"[39m
                    [33mdata-slot[39m=[32m"card"[39m
                  [36m>[39m
                    [36m<div[39m
                      [33mclass[39m=[32m"gap-1 rounded-t-lg px-4 group-data-[size=sm]/card:px-3 [.border-b]:pb-4 group-data-[size=sm]/card:[.border-b]:pb-3 group/card-header @container/card-header auto-rows-min has-data-[slot=card-action]:grid-cols-[1fr_auto] has-data-[slot=card-description]:grid-rows-[auto_auto] flex flex-row items-center justify-between space-y-0 pb-2"[39m
                      [33mdata-slot[39m=[32m"card-header"[39m
                    [36m>[39m
                      [36m<div[39m
                        [33mclass[39m=[32m"text-sm font-medium"[39m
                        [33mdata-slot[39m=[32m"card-title"[39m
                      [36m>[39m
                        [0mTotal Findings[0m
                      [36m</div>[39m
                      [36m<svg[39m
                        [33maria-hidden[39m=[32m"true"[39m
                        [33mclass[39m=[32m"lucide lucide-shield-alert h-4 w-4 text-destructive"[39m
                        [33mfill[39m=[32m"none"[39m
                        [33mheight[39m=[32m"24"[39m
                        [33mstroke[39m=[32m"currentColor"[39m
                        [33mstroke-linecap[39m=[32m"round"[39m
                        [33mstroke-linejoin[39m=[32m"round"[39m
                        [33mstroke-width[39m=[32m"2"[39m
                        [33mviewBox[39m=[32m"0 0 24 24"[39m
                        [33mwidth[39m=[32m"24"[39m
                        [33mxmlns[39m=[32m"http://www.w3.org/2000/svg"[39m
                      [36m>[39m
                        [36m<path[39m
                          [33md[39m=[32m"M20 13c0 5-3.5 7.5-7.66 8.95a1 1 0 0 1-.67-.01C7.5 20.5 4 18 4 13V6a1 1 0 0 1 1-1c2 0 4.5-1.2 6.24-2.72a1.17 1.17 0 0 1 1.52 0C14.51 3.81 17 5 19 5a1 1 0 0 1 1 1z"[39m
                        [36m/>[39m
                        [36m<path[39m
                          [33md[39m=[32m"M12 8v4"[39m
                        [36m/>[39m
                        [36m<path[39m
                          [33md[39m=[32m"M12 16h.01"[39m
                        [36m/>[39m
                      [36m</svg>[39m
       ...
[90m [2m❯[22m waitForWrapper node_modules/@testing-library/dom/dist/wait-for.js:[2m163:27[22m[39m
[90m [2m❯[22m node_modules/@testing-library/dom/dist/query-helpers.js:[2m86:33[22m[39m
[36m [2m❯[22m src/components/views/VulnerabilitiesView.test.tsx:[2m228:29[22m[39m
    [90m226| [39m
    [90m227| [39m        [90m// Wait for details panel to appear[39m
    [90m228| [39m        expect(await screen.findByText('Vulnerability Details')).toBeI…
    [90m   | [39m                            [31m^[39m
    [90m229| [39m        [34mexpect[39m(screen[33m.[39m[34mgetByText[39m([32m'Severity:'[39m))[33m.[39m[34mtoBeInTheDocument[39m()[33m;[39m
    [90m230| [39m        [34mexpect[39m(screen[33m.[39m[34mgetByText[39m([32m'ID:'[39m))[33m.[39m[34mtoBeInTheDocument[39m()[33m;[39m

[31m[2m⎯⎯⎯⎯⎯⎯⎯⎯⎯⎯⎯⎯⎯⎯⎯⎯⎯⎯⎯⎯⎯⎯⎯⎯[2/4]⎯[22m[39m

[41m[1m FAIL [22m[49m src/components/views/VulnerabilitiesView.test.tsx[2m > [22mVulnerabilitiesView[2m > [22mshould render all extended vulnerability fields
[31m[1mTestingLibraryElementError[22m[39m: Unable to find an element with the text: Vulnerability Details. This could be because the text is broken up by multiple elements. In this case, you can provide a function for your text matcher to make your matcher more flexible.

Ignored nodes: comments, script, style
[36m<body>[39m
  [36m<div>[39m
    [36m<div[39m
      [33mclass[39m=[32m"flex w-full aria-[orientation=vertical]:flex-col h-full"[39m
      [33mdata-group[39m=[32m"true"[39m
      [33mdata-slot[39m=[32m"resizable-panel-group"[39m
      [33mdata-testid[39m=[32m"_r_1l_"[39m
      [33mid[39m=[32m"_r_1l_"[39m
      [33mstyle[39m=[32m"height: 100%; width: 100%; overflow: hidden; display: flex; flex-direction: row; flex-wrap: nowrap;"[39m
    [36m>[39m
      [36m<div[39m
        [33mdata-panel[39m=[32m"true"[39m
        [33mdata-slot[39m=[32m"resizable-panel"[39m
        [33mdata-testid[39m=[32m"_r_1m_"[39m
        [33mid[39m=[32m"_r_1m_"[39m
        [33mstyle[39m=[32m"min-height: 0; max-height: 100%; height: auto; min-width: 0; max-width: 100%; width: auto; border: 0px none none; padding: 0px; margin: 0px; display: flex; flex-basis: 0px; flex-shrink: 1; overflow: hidden; flex-grow: 50;"[39m
      [36m>[39m
        [36m<div[39m
          [33mstyle[39m=[32m"max-height: 100%; max-width: 100%; flex-grow: 1;"[39m
        [36m>[39m
          [36m<div[39m
            [33mclass[39m=[32m"relative h-full min-h-0 pr-2"[39m
            [33mdata-has-overflow-x[39m=[32m""[39m
            [33mdata-has-overflow-y[39m=[32m""[39m
            [33mdata-slot[39m=[32m"scroll-area"[39m
            [33mrole[39m=[32m"presentation"[39m
            [33mstyle[39m=[32m"position: relative; --scroll-area-corner-height: 0px; --scroll-area-corner-width: 0px;"[39m
          [36m>[39m
            [36m<div[39m
              [33mclass[39m=[32m"focus-visible:ring-ring/50 size-full rounded-[inherit] transition-[color,box-shadow] outline-none focus-visible:ring-[3px] focus-visible:outline-1 base-ui-disable-scrollbar"[39m
              [33mdata-has-overflow-x[39m=[32m""[39m
              [33mdata-has-overflow-y[39m=[32m""[39m
              [33mdata-id[39m=[32m"base-ui-_r_1n_-viewport"[39m
              [33mdata-slot[39m=[32m"scroll-area-viewport"[39m
              [33mrole[39m=[32m"presentation"[39m
              [33mstyle[39m=[32m"overflow: scroll;"[39m
              [33mtabindex[39m=[32m"0"[39m
            [36m>[39m
              [36m<div[39m
                [33mclass[39m=[32m"pb-6 space-y-6 animate-in fade-in duration-500"[39m
              [36m>[39m
                [36m<div[39m
                  [33mclass[39m=[32m"flex items-center gap-3"[39m
                [36m>[39m
                  [36m<svg[39m
                    [33maria-hidden[39m=[32m"true"[39m
                    [33mclass[39m=[32m"lucide lucide-shield-alert h-7 w-7 text-destructive"[39m
                    [33mfill[39m=[32m"none"[39m
                    [33mheight[39m=[32m"24"[39m
                    [33mstroke[39m=[32m"currentColor"[39m
                    [33mstroke-linecap[39m=[32m"round"[39m
                    [33mstroke-linejoin[39m=[32m"round"[39m
                    [33mstroke-width[39m=[32m"2"[39m
                    [33mviewBox[39m=[32m"0 0 24 24"[39m
                    [33mwidth[39m=[32m"24"[39m
                    [33mxmlns[39m=[32m"http://www.w3.org/2000/svg"[39m
                  [36m>[39m
                    [36m<path[39m
                      [33md[39m=[32m"M20 13c0 5-3.5 7.5-7.66 8.95a1 1 0 0 1-.67-.01C7.5 20.5 4 18 4 13V6a1 1 0 0 1 1-1c2 0 4.5-1.2 6.24-2.72a1.17 1.17 0 0 1 1.52 0C14.51 3.81 17 5 19 5a1 1 0 0 1 1 1z"[39m
                    [36m/>[39m
                    [36m<path[39m
                      [33md[39m=[32m"M12 8v4"[39m
                    [36m/>[39m
                    [36m<path[39m
                      [33md[39m=[32m"M12 16h.01"[39m
                    [36m/>[39m
                  [36m</svg>[39m
                  [36m<h2[39m
                    [33mclass[39m=[32m"text-3xl font-bold tracking-tight"[39m
                  [36m>[39m
                    [0mVulnerabilities[0m
                  [36m</h2>[39m
                [36m</div>[39m
                [36m<div[39m
                  [33mclass[39m=[32m"grid gap-4 md:grid-cols-2 lg:grid-cols-6 mb-6"[39m
                [36m>[39m
                  [36m<div[39m
                    [33mclass[39m=[32m"ring-foreground/10 bg-card text-card-foreground gap-4 overflow-hidden rounded-lg py-4 text-xs/relaxed ring-1 has-[>img:first-child]:pt-0 data-[size=sm]:gap-3 data-[size=sm]:py-3 *:[img:first-child]:rounded-t-lg *:[img:last-child]:rounded-b-lg group/card flex flex-col border-l-4 border-l-destructive/60"[39m
                    [33mdata-size[39m=[32m"default"[39m
                    [33mdata-slot[39m=[32m"card"[39m
                  [36m>[39m
                    [36m<div[39m
                      [33mclass[39m=[32m"gap-1 rounded-t-lg px-4 group-data-[size=sm]/card:px-3 [.border-b]:pb-4 group-data-[size=sm]/card:[.border-b]:pb-3 group/card-header @container/card-header auto-rows-min has-data-[slot=card-action]:grid-cols-[1fr_auto] has-data-[slot=card-description]:grid-rows-[auto_auto] flex flex-row items-center justify-between space-y-0 pb-2"[39m
                      [33mdata-slot[39m=[32m"card-header"[39m
                    [36m>[39m
                      [36m<div[39m
                        [33mclass[39m=[32m"text-sm font-medium"[39m
                        [33mdata-slot[39m=[32m"card-title"[39m
                      [36m>[39m
                        [0mTotal Findings[0m
                      [36m</div>[39m
                      [36m<svg[39m
                        [33maria-hidden[39m=[32m"true"[39m
                        [33mclass[39m=[32m"lucide lucide-shield-alert h-4 w-4 text-destructive"[39m
                        [33mfill[39m=[32m"none"[39m
                        [33mheight[39m=[32m"24"[39m
                        [33mstroke[39m=[32m"currentColor"[39m
                        [33mstroke-linecap[39m=[32m"round"[39m
                        [33mstroke-linejoin[39m=[32m"round"[39m
                        [33mstroke-width[39m=[32m"2"[39m
                        [33mviewBox[39m=[32m"0 0 24 24"[39m
                        [33mwidth[39m=[32m"24"[39m
                        [33mxmlns[39m=[32m"http://www.w3.org/2000/svg"[39m
                      [36m>[39m
                        [36m<path[39m
                          [33md[39m=[32m"M20 13c0 5-3.5 7.5-7.66 8.95a1 1 0 0 1-.67-.01C7.5 20.5 4 18 4 13V6a1 1 0 0 1 1-1c2 0 4.5-1.2 6.24-2.72a1.17 1.17 0 0 1 1.52 0C14.51 3.81 17 5 19 5a1 1 0 0 1 1 1z"[39m
                        [36m/>[39m
                        [36m<path[39m
                          [33md[39m=[32m"M12 8v4"[39m
                        [36m/>[39m
                        [36m<path[39m
                          [33md[39m=[32m"M12 16h.01"[39m
                        [36m/>[39m
                      [36m</svg>[39m
       ...

Ignored nodes: comments, script, style
[36m<body>[39m
  [36m<div>[39m
    [36m<div[39m
      [33mclass[39m=[32m"flex w-full aria-[orientation=vertical]:flex-col h-full"[39m
      [33mdata-group[39m=[32m"true"[39m
      [33mdata-slot[39m=[32m"resizable-panel-group"[39m
      [33mdata-testid[39m=[32m"_r_1l_"[39m
      [33mid[39m=[32m"_r_1l_"[39m
      [33mstyle[39m=[32m"height: 100%; width: 100%; overflow: hidden; display: flex; flex-direction: row; flex-wrap: nowrap;"[39m
    [36m>[39m
      [36m<div[39m
        [33mdata-panel[39m=[32m"true"[39m
        [33mdata-slot[39m=[32m"resizable-panel"[39m
        [33mdata-testid[39m=[32m"_r_1m_"[39m
        [33mid[39m=[32m"_r_1m_"[39m
        [33mstyle[39m=[32m"min-height: 0; max-height: 100%; height: auto; min-width: 0; max-width: 100%; width: auto; border: 0px none none; padding: 0px; margin: 0px; display: flex; flex-basis: 0px; flex-shrink: 1; overflow: hidden; flex-grow: 50;"[39m
      [36m>[39m
        [36m<div[39m
          [33mstyle[39m=[32m"max-height: 100%; max-width: 100%; flex-grow: 1;"[39m
        [36m>[39m
          [36m<div[39m
            [33mclass[39m=[32m"relative h-full min-h-0 pr-2"[39m
            [33mdata-has-overflow-x[39m=[32m""[39m
            [33mdata-has-overflow-y[39m=[32m""[39m
            [33mdata-slot[39m=[32m"scroll-area"[39m
            [33mrole[39m=[32m"presentation"[39m
            [33mstyle[39m=[32m"position: relative; --scroll-area-corner-height: 0px; --scroll-area-corner-width: 0px;"[39m
          [36m>[39m
            [36m<div[39m
              [33mclass[39m=[32m"focus-visible:ring-ring/50 size-full rounded-[inherit] transition-[color,box-shadow] outline-none focus-visible:ring-[3px] focus-visible:outline-1 base-ui-disable-scrollbar"[39m
              [33mdata-has-overflow-x[39m=[32m""[39m
              [33mdata-has-overflow-y[39m=[32m""[39m
              [33mdata-id[39m=[32m"base-ui-_r_1n_-viewport"[39m
              [33mdata-slot[39m=[32m"scroll-area-viewport"[39m
              [33mrole[39m=[32m"presentation"[39m
              [33mstyle[39m=[32m"overflow: scroll;"[39m
              [33mtabindex[39m=[32m"0"[39m
            [36m>[39m
              [36m<div[39m
                [33mclass[39m=[32m"pb-6 space-y-6 animate-in fade-in duration-500"[39m
              [36m>[39m
                [36m<div[39m
                  [33mclass[39m=[32m"flex items-center gap-3"[39m
                [36m>[39m
                  [36m<svg[39m
                    [33maria-hidden[39m=[32m"true"[39m
                    [33mclass[39m=[32m"lucide lucide-shield-alert h-7 w-7 text-destructive"[39m
                    [33mfill[39m=[32m"none"[39m
                    [33mheight[39m=[32m"24"[39m
                    [33mstroke[39m=[32m"currentColor"[39m
                    [33mstroke-linecap[39m=[32m"round"[39m
                    [33mstroke-linejoin[39m=[32m"round"[39m
                    [33mstroke-width[39m=[32m"2"[39m
                    [33mviewBox[39m=[32m"0 0 24 24"[39m
                    [33mwidth[39m=[32m"24"[39m
                    [33mxmlns[39m=[32m"http://www.w3.org/2000/svg"[39m
                  [36m>[39m
                    [36m<path[39m
                      [33md[39m=[32m"M20 13c0 5-3.5 7.5-7.66 8.95a1 1 0 0 1-.67-.01C7.5 20.5 4 18 4 13V6a1 1 0 0 1 1-1c2 0 4.5-1.2 6.24-2.72a1.17 1.17 0 0 1 1.52 0C14.51 3.81 17 5 19 5a1 1 0 0 1 1 1z"[39m
                    [36m/>[39m
                    [36m<path[39m
                      [33md[39m=[32m"M12 8v4"[39m
                    [36m/>[39m
                    [36m<path[39m
                      [33md[39m=[32m"M12 16h.01"[39m
                    [36m/>[39m
                  [36m</svg>[39m
                  [36m<h2[39m
                    [33mclass[39m=[32m"text-3xl font-bold tracking-tight"[39m
                  [36m>[39m
                    [0mVulnerabilities[0m
                  [36m</h2>[39m
                [36m</div>[39m
                [36m<div[39m
                  [33mclass[39m=[32m"grid gap-4 md:grid-cols-2 lg:grid-cols-6 mb-6"[39m
                [36m>[39m
                  [36m<div[39m
                    [33mclass[39m=[32m"ring-foreground/10 bg-card text-card-foreground gap-4 overflow-hidden rounded-lg py-4 text-xs/relaxed ring-1 has-[>img:first-child]:pt-0 data-[size=sm]:gap-3 data-[size=sm]:py-3 *:[img:first-child]:rounded-t-lg *:[img:last-child]:rounded-b-lg group/card flex flex-col border-l-4 border-l-destructive/60"[39m
                    [33mdata-size[39m=[32m"default"[39m
                    [33mdata-slot[39m=[32m"card"[39m
                  [36m>[39m
                    [36m<div[39m
                      [33mclass[39m=[32m"gap-1 rounded-t-lg px-4 group-data-[size=sm]/card:px-3 [.border-b]:pb-4 group-data-[size=sm]/card:[.border-b]:pb-3 group/card-header @container/card-header auto-rows-min has-data-[slot=card-action]:grid-cols-[1fr_auto] has-data-[slot=card-description]:grid-rows-[auto_auto] flex flex-row items-center justify-between space-y-0 pb-2"[39m
                      [33mdata-slot[39m=[32m"card-header"[39m
                    [36m>[39m
                      [36m<div[39m
                        [33mclass[39m=[32m"text-sm font-medium"[39m
                        [33mdata-slot[39m=[32m"card-title"[39m
                      [36m>[39m
                        [0mTotal Findings[0m
                      [36m</div>[39m
                      [36m<svg[39m
                        [33maria-hidden[39m=[32m"true"[39m
                        [33mclass[39m=[32m"lucide lucide-shield-alert h-4 w-4 text-destructive"[39m
                        [33mfill[39m=[32m"none"[39m
                        [33mheight[39m=[32m"24"[39m
                        [33mstroke[39m=[32m"currentColor"[39m
                        [33mstroke-linecap[39m=[32m"round"[39m
                        [33mstroke-linejoin[39m=[32m"round"[39m
                        [33mstroke-width[39m=[32m"2"[39m
                        [33mviewBox[39m=[32m"0 0 24 24"[39m
                        [33mwidth[39m=[32m"24"[39m
                        [33mxmlns[39m=[32m"http://www.w3.org/2000/svg"[39m
                      [36m>[39m
                        [36m<path[39m
                          [33md[39m=[32m"M20 13c0 5-3.5 7.5-7.66 8.95a1 1 0 0 1-.67-.01C7.5 20.5 4 18 4 13V6a1 1 0 0 1 1-1c2 0 4.5-1.2 6.24-2.72a1.17 1.17 0 0 1 1.52 0C14.51 3.81 17 5 19 5a1 1 0 0 1 1 1z"[39m
                        [36m/>[39m
                        [36m<path[39m
                          [33md[39m=[32m"M12 8v4"[39m
                        [36m/>[39m
                        [36m<path[39m
                          [33md[39m=[32m"M12 16h.01"[39m
                        [36m/>[39m
                      [36m</svg>[39m
       ...
[90m [2m❯[22m waitForWrapper node_modules/@testing-library/dom/dist/wait-for.js:[2m163:27[22m[39m
[90m [2m❯[22m node_modules/@testing-library/dom/dist/query-helpers.js:[2m86:33[22m[39m
[36m [2m❯[22m src/components/views/VulnerabilitiesView.test.tsx:[2m309:29[22m[39m
    [90m307| [39m
    [90m308| [39m        [90m// Wait for panel[39m
    [90m309| [39m        expect(await screen.findByText('Vulnerability Details')).toBeI…
    [90m   | [39m                            [31m^[39m
    [90m310| [39m
    [90m311| [39m        [90m// Check Overview (Open by default)[39m

[31m[2m⎯⎯⎯⎯⎯⎯⎯⎯⎯⎯⎯⎯⎯⎯⎯⎯⎯⎯⎯⎯⎯⎯⎯⎯[3/4]⎯[22m[39m

[41m[1m FAIL [22m[49m src/components/views/VulnerabilitiesView.test.tsx[2m > [22mVulnerabilitiesView[2m > [22mshould filter by severity when selecting from dropdown
[31m[1mTestingLibraryElementError[22m[39m: Found multiple elements with the text: Critical

Here are the matching elements:

Ignored nodes: comments, script, style
[36m<div[39m
  [33mclass[39m=[32m"text-sm font-medium"[39m
  [33mdata-slot[39m=[32m"card-title"[39m
[36m>[39m
  [0mCritical[0m
[36m</div>[39m

Ignored nodes: comments, script, style
[36m<span[39m
  [33mclass[39m=[32m"text-[10px] font-medium"[39m
[36m>[39m
  [0mCritical[0m
[36m</span>[39m

Ignored nodes: comments, script, style
[36m<div[39m
  [33mclass[39m=[32m"flex items-center gap-2"[39m
[36m>[39m
  [36m<div[39m
    [33mclass[39m=[32m"w-2 h-2 rounded-full"[39m
    [33mstyle[39m=[32m"background-color: #dc2626;"[39m
  [36m/>[39m
  [0mCritical[0m
[36m</div>[39m

Ignored nodes: comments, script, style
[36m<button[39m
  [33mclass[39m=[32m"flex items-center gap-1 group cursor-pointer text-xs uppercase font-medium hover:text-foreground transition-colors bg-transparent border-none p-0"[39m
[36m>[39m
  [0mCritical[0m
  [36m<svg[39m
    [33maria-hidden[39m=[32m"true"[39m
    [33mclass[39m=[32m"lucide lucide-arrow-up-down h-3 w-3 transition-opacity opacity-30 group-hover:opacity-60"[39m
    [33mfill[39m=[32m"none"[39m
    [33mheight[39m=[32m"24"[39m
    [33mstroke[39m=[32m"currentColor"[39m
    [33mstroke-linecap[39m=[32m"round"[39m
    [33mstroke-linejoin[39m=[32m"round"[39m
    [33mstroke-width[39m=[32m"2"[39m
    [33mviewBox[39m=[32m"0 0 24 24"[39m
    [33mwidth[39m=[32m"24"[39m
    [33mxmlns[39m=[32m"http://www.w3.org/2000/svg"[39m
  [36m>[39m
    [36m<path[39m
      [33md[39m=[32m"m21 16-4 4-4-4"[39m
    [36m/>[39m
    [36m<path[39m
      [33md[39m=[32m"M17 20V4"[39m
    [36m/>[39m
    [36m<path[39m
      [33md[39m=[32m"m3 8 4-4 4 4"[39m
    [36m/>[39m
    [36m<path[39m
      [33md[39m=[32m"M7 4v16"[39m
    [36m/>[39m
  [36m</svg>[39m
[36m</button>[39m

(If this is intentional, then use the `*AllBy*` variant of the query (like `queryAllByText`, `getAllByText`, or `findAllByText`)).

Ignored nodes: comments, script, style
[36m<body>[39m
  [36m<div>[39m
    [36m<div[39m
      [33mclass[39m=[32m"flex w-full aria-[orientation=vertical]:flex-col h-full"[39m
      [33mdata-group[39m=[32m"true"[39m
      [33mdata-slot[39m=[32m"resizable-panel-group"[39m
      [33mdata-testid[39m=[32m"_r_20_"[39m
      [33mid[39m=[32m"_r_20_"[39m
      [33mstyle[39m=[32m"height: 100%; width: 100%; overflow: hidden; display: flex; flex-direction: row; flex-wrap: nowrap;"[39m
    [36m>[39m
      [36m<div[39m
        [33mdata-panel[39m=[32m"true"[39m
        [33mdata-slot[39m=[32m"resizable-panel"[39m
        [33mdata-testid[39m=[32m"_r_21_"[39m
        [33mid[39m=[32m"_r_21_"[39m
        [33mstyle[39m=[32m"min-height: 0; max-height: 100%; height: auto; min-width: 0; max-width: 100%; width: auto; border: 0px none none; padding: 0px; margin: 0px; display: flex; flex-basis: 0px; flex-shrink: 1; overflow: hidden; flex-grow: 100;"[39m
      [36m>[39m
        [36m<div[39m
          [33mstyle[39m=[32m"max-height: 100%; max-width: 100%; flex-grow: 1;"[39m
        [36m>[39m
          [36m<div[39m
            [33mclass[39m=[32m"relative h-full min-h-0 pr-2"[39m
            [33mdata-has-overflow-x[39m=[32m""[39m
            [33mdata-has-overflow-y[39m=[32m""[39m
            [33mdata-slot[39m=[32m"scroll-area"[39m
            [33mrole[39m=[32m"presentation"[39m
            [33mstyle[39m=[32m"position: relative; --scroll-area-corner-height: 0px; --scroll-area-corner-width: 0px;"[39m
          [36m>[39m
            [36m<div[39m
              [33mclass[39m=[32m"focus-visible:ring-ring/50 size-full rounded-[inherit] transition-[color,box-shadow] outline-none focus-visible:ring-[3px] focus-visible:outline-1 base-ui-disable-scrollbar"[39m
              [33mdata-has-overflow-x[39m=[32m""[39m
              [33mdata-has-overflow-y[39m=[32m""[39m
              [33mdata-id[39m=[32m"base-ui-_r_22_-viewport"[39m
              [33mdata-slot[39m=[32m"scroll-area-viewport"[39m
              [33mrole[39m=[32m"presentation"[39m
              [33mstyle[39m=[32m"overflow: scroll;"[39m
              [33mtabindex[39m=[32m"0"[39m
            [36m>[39m
              [36m<div[39m
                [33mclass[39m=[32m"pb-6 space-y-6 animate-in fade-in duration-500"[39m
              [36m>[39m
                [36m<div[39m
                  [33mclass[39m=[32m"flex items-center gap-3"[39m
                [36m>[39m
                  [36m<svg[39m
                    [33maria-hidden[39m=[32m"true"[39m
                    [33mclass[39m=[32m"lucide lucide-shield-alert h-7 w-7 text-destructive"[39m
                    [33mfill[39m=[32m"none"[39m
                    [33mheight[39m=[32m"24"[39m
                    [33mstroke[39m=[32m"currentColor"[39m
                    [33mstroke-linecap[39m=[32m"round"[39m
                    [33mstroke-linejoin[39m=[32m"round"[39m
                    [33mstroke-width[39m=[32m"2"[39m
                    [33mviewBox[39m=[32m"0 0 24 24"[39m
                    [33mwidth[39m=[32m"24"[39m
                    [33mxmlns[39m=[32m"http://www.w3.org/2000/svg"[39m
                  [36m>[39m
                    [36m<path[39m
                      [33md[39m=[32m"M20 13c0 5-3.5 7.5-7.66 8.95a1 1 0 0 1-.67-.01C7.5 20.5 4 18 4 13V6a1 1 0 0 1 1-1c2 0 4.5-1.2 6.24-2.72a1.17 1.17 0 0 1 1.52 0C14.51 3.81 17 5 19 5a1 1 0 0 1 1 1z"[39m
                    [36m/>[39m
                    [36m<path[39m
                      [33md[39m=[32m"M12 8v4"[39m
                    [36m/>[39m
                    [36m<path[39m
                      [33md[39m=[32m"M12 16h.01"[39m
                    [36m/>[39m
                  [36m</svg>[39m
                  [36m<h2[39m
                    [33mclass[39m=[32m"text-3xl font-bold tracking-tight"[39m
                  [36m>[39m
                    [0mVulnerabilities[0m
                  [36m</h2>[39m
                [36m</div>[39m
                [36m<div[39m
                  [33mclass[39m=[32m"grid gap-4 md:grid-cols-2 lg:grid-cols-6 mb-6"[39m
                [36m>[39m
                  [36m<div[39m
                    [33mclass[39m=[32m"ring-foreground/10 bg-card text-card-foreground gap-4 overflow-hidden rounded-lg py-4 text-xs/relaxed ring-1 has-[>img:first-child]:pt-0 data-[size=sm]:gap-3 data-[size=sm]:py-3 *:[img:first-child]:rounded-t-lg *:[img:last-child]:rounded-b-lg group/card flex flex-col border-l-4 border-l-destructive/60"[39m
                    [33mdata-size[39m=[32m"default"[39m
                    [33mdata-slot[39m=[32m"card"[39m
                  [36m>[39m
                    [36m<div[39m
                      [33mclass[39m=[32m"gap-1 rounded-t-lg px-4 group-data-[size=sm]/card:px-3 [.border-b]:pb-4 group-data-[size=sm]/card:[.border-b]:pb-3 group/card-header @container/card-header auto-rows-min has-data-[slot=card-action]:grid-cols-[1fr_auto] has-data-[slot=card-description]:grid-rows-[auto_auto] flex flex-row items-center justify-between space-y-0 pb-2"[39m
                      [33mdata-slot[39m=[32m"card-header"[39m
                    [36m>[39m
                      [36m<div[39m
                        [33mclass[39m=[32m"text-sm font-medium"[39m
                        [33mdata-slot[39m=[32m"card-title"[39m
                      [36m>[39m
                        [0mTotal Findings[0m
                      [36m</div>[39m
                      [36m<svg[39m
                        [33maria-hidden[39m=[32m"true"[39m
                        [33mclass[39m=[32m"lucide lucide-shield-alert h-4 w-4 text-destructive"[39m
                        [33mfill[39m=[32m"none"[39m
                        [33mheight[39m=[32m"24"[39m
                        [33mstroke[39m=[32m"currentColor"[39m
                        [33mstroke-linecap[39m=[32m"round"[39m
                        [33mstroke-linejoin[39m=[32m"round"[39m
                        [33mstroke-width[39m=[32m"2"[39m
                        [33mviewBox[39m=[32m"0 0 24 24"[39m
                        [33mwidth[39m=[32m"24"[39m
                        [33mxmlns[39m=[32m"http://www.w3.org/2000/svg"[39m
                      [36m>[39m
                        [36m<path[39m
                          [33md[39m=[32m"M20 13c0 5-3.5 7.5-7.66 8.95a1 1 0 0 1-.67-.01C7.5 20.5 4 18 4 13V6a1 1 0 0 1 1-1c2 0 4.5-1.2 6.24-2.72a1.17 1.17 0 0 1 1.52 0C14.51 3.81 17 5 19 5a1 1 0 0 1 1 1z"[39m
                        [36m/>[39m
                        [36m<path[39m
                          [33md[39m=[32m"M12 8v4"[39m
                        [36m/>[39m
                        [36m<path[39m
                          [33md[39m=[32m"M12 16h.01"[39m
                        [36m/>[39m
                      [36m</svg>[39m
      ...
[90m [2m❯[22m Object.getElementError node_modules/@testing-library/dom/dist/config.js:[2m37:19[22m[39m
[90m [2m❯[22m getElementError node_modules/@testing-library/dom/dist/query-helpers.js:[2m20:35[22m[39m
[90m [2m❯[22m getMultipleElementsFoundError node_modules/@testing-library/dom/dist/query-helpers.js:[2m23:10[22m[39m
[90m [2m❯[22m node_modules/@testing-library/dom/dist/query-helpers.js:[2m55:13[22m[39m
[90m [2m❯[22m node_modules/@testing-library/dom/dist/query-helpers.js:[2m95:19[22m[39m
[36m [2m❯[22m src/components/views/VulnerabilitiesView.test.tsx:[2m371:39[22m[39m
    [90m369| [39m        // In the mock, the content is always present or at least easi…
    [90m370| [39m        [90m// Select Critical - in our mock we click the div[39m
    [90m371| [39m        [35mconst[39m criticalOption [33m=[39m screen[33m.[39m[34mgetByText[39m([32m'Critical'[39m)[33m;[39m
    [90m   | [39m                                      [31m^[39m
    [90m372| [39m        fireEvent[33m.[39m[34mclick[39m(criticalOption)[33m;[39m
    [90m373| [39m

[31m[2m⎯⎯⎯⎯⎯⎯⎯⎯⎯⎯⎯⎯⎯⎯⎯⎯⎯⎯⎯⎯⎯⎯⎯⎯[4/4]⎯[22m[39m


[2m Test Files [22m [1m[31m1 failed[39m[22m[90m (1)[39m
[2m      Tests [22m [1m[31m4 failed[39m[22m[2m | [22m[1m[32m7 passed[39m[22m[90m (11)[39m
[2m   Start at [22m 11:15:09
[2m   Duration [22m 4.75s[2m (transform 368ms, setup 83ms, import 1.44s, tests 2.94s, environment 197ms)[22m

